Component: ARM Compiler 5.06 update 4 (build 422) Tool: armlink [4d35d2]

==============================================================================

Section Cross References

    stm_usb.o(i.ADC_DMA_init) refers to stm32f10x_rcc.o(i.RCC_ADCCLKConfig) for RCC_ADCCLKConfig
    stm_usb.o(i.ADC_DMA_init) refers to stm32f10x_rcc.o(i.RCC_APB2PeriphClockCmd) for RCC_APB2PeriphClockCmd
    stm_usb.o(i.ADC_DMA_init) refers to stm32f10x_rcc.o(i.RCC_AHBPeriphClockCmd) for RCC_AHBPeriphClockCmd
    stm_usb.o(i.ADC_DMA_init) refers to stm32f10x_dma.o(i.DMA_Init) for DMA_Init
    stm_usb.o(i.ADC_DMA_init) refers to stm32f10x_dma.o(i.DMA_Cmd) for DMA_Cmd
    stm_usb.o(i.ADC_DMA_init) refers to stm32f10x_gpio.o(i.GPIO_Init) for GPIO_Init
    stm_usb.o(i.ADC_DMA_init) refers to stm32f10x_adc.o(i.ADC_Init) for ADC_Init
    stm_usb.o(i.ADC_DMA_init) refers to stm32f10x_adc.o(i.ADC_RegularChannelConfig) for ADC_RegularChannelConfig
    stm_usb.o(i.ADC_DMA_init) refers to stm32f10x_adc.o(i.ADC_Cmd) for ADC_Cmd
    stm_usb.o(i.ADC_DMA_init) refers to stm32f10x_adc.o(i.ADC_DMACmd) for ADC_DMACmd
    stm_usb.o(i.ADC_DMA_init) refers to stm32f10x_adc.o(i.ADC_ResetCalibration) for ADC_ResetCalibration
    stm_usb.o(i.ADC_DMA_init) refers to stm32f10x_adc.o(i.ADC_GetResetCalibrationStatus) for ADC_GetResetCalibrationStatus
    stm_usb.o(i.ADC_DMA_init) refers to stm32f10x_adc.o(i.ADC_StartCalibration) for ADC_StartCalibration
    stm_usb.o(i.ADC_DMA_init) refers to stm32f10x_adc.o(i.ADC_GetCalibrationStatus) for ADC_GetCalibrationStatus
    stm_usb.o(i.ADC_DMA_init) refers to stm32f10x_adc.o(i.ADC_SoftwareStartConvCmd) for ADC_SoftwareStartConvCmd
    stm_usb.o(i.ADC_DMA_init) refers to stm_usb.o(.data) for ADCBuffer
    stm_usb.o(i.SetSysClockTo72) refers to stm32f10x_rcc.o(i.RCC_DeInit) for RCC_DeInit
    stm_usb.o(i.SetSysClockTo72) refers to stm32f10x_rcc.o(i.RCC_HSEConfig) for RCC_HSEConfig
    stm_usb.o(i.SetSysClockTo72) refers to stm32f10x_rcc.o(i.RCC_WaitForHSEStartUp) for RCC_WaitForHSEStartUp
    stm_usb.o(i.SetSysClockTo72) refers to stm32f10x_rcc.o(i.RCC_HCLKConfig) for RCC_HCLKConfig
    stm_usb.o(i.SetSysClockTo72) refers to stm32f10x_rcc.o(i.RCC_PCLK2Config) for RCC_PCLK2Config
    stm_usb.o(i.SetSysClockTo72) refers to stm32f10x_rcc.o(i.RCC_PCLK1Config) for RCC_PCLK1Config
    stm_usb.o(i.SetSysClockTo72) refers to stm32f10x_rcc.o(i.RCC_PLLConfig) for RCC_PLLConfig
    stm_usb.o(i.SetSysClockTo72) refers to stm32f10x_rcc.o(i.RCC_PLLCmd) for RCC_PLLCmd
    stm_usb.o(i.SetSysClockTo72) refers to stm32f10x_rcc.o(i.RCC_GetFlagStatus) for RCC_GetFlagStatus
    stm_usb.o(i.SetSysClockTo72) refers to stm32f10x_rcc.o(i.RCC_SYSCLKConfig) for RCC_SYSCLKConfig
    stm_usb.o(i.SetSysClockTo72) refers to stm32f10x_rcc.o(i.RCC_GetSYSCLKSource) for RCC_GetSYSCLKSource
    stm_usb.o(i.TIM2_init) refers to stm32f10x_rcc.o(i.RCC_APB1PeriphClockCmd) for RCC_APB1PeriphClockCmd
    stm_usb.o(i.TIM2_init) refers to stm32f10x_rcc.o(i.RCC_APB2PeriphClockCmd) for RCC_APB2PeriphClockCmd
    stm_usb.o(i.TIM2_init) refers to stm32f10x_gpio.o(i.GPIO_Init) for GPIO_Init
    stm_usb.o(i.TIM2_init) refers to stm32f10x_gpio.o(i.GPIO_SetBits) for GPIO_SetBits
    stm_usb.o(i.TIM2_init) refers to stm32f10x_tim.o(i.TIM_TimeBaseStructInit) for TIM_TimeBaseStructInit
    stm_usb.o(i.TIM2_init) refers to stm32f10x_tim.o(i.TIM_TimeBaseInit) for TIM_TimeBaseInit
    stm_usb.o(i.TIM2_init) refers to stm32f10x_tim.o(i.TIM_ITConfig) for TIM_ITConfig
    stm_usb.o(i.TIM2_init) refers to stm32f10x_tim.o(i.TIM_Cmd) for TIM_Cmd
    stm_usb.o(i.TIM3_init) refers to stm32f10x_rcc.o(i.RCC_APB1PeriphClockCmd) for RCC_APB1PeriphClockCmd
    stm_usb.o(i.TIM3_init) refers to stm32f10x_rcc.o(i.RCC_APB2PeriphClockCmd) for RCC_APB2PeriphClockCmd
    stm_usb.o(i.TIM3_init) refers to stm32f10x_gpio.o(i.GPIO_Init) for GPIO_Init
    stm_usb.o(i.TIM3_init) refers to stm32f10x_gpio.o(i.GPIO_SetBits) for GPIO_SetBits
    stm_usb.o(i.TIM3_init) refers to stm32f10x_tim.o(i.TIM_TimeBaseStructInit) for TIM_TimeBaseStructInit
    stm_usb.o(i.TIM3_init) refers to stm32f10x_tim.o(i.TIM_TimeBaseInit) for TIM_TimeBaseInit
    stm_usb.o(i.TIM3_init) refers to stm32f10x_tim.o(i.TIM_ITConfig) for TIM_ITConfig
    stm_usb.o(i.TIM3_init) refers to stm32f10x_tim.o(i.TIM_Cmd) for TIM_Cmd
    stm_usb.o(i.main) refers to _printf_percent.o(.ARM.Collect$$_printf_percent$$00000000) for _printf_percent
    stm_usb.o(i.main) refers to _printf_d.o(.ARM.Collect$$_printf_percent$$00000009) for _printf_d
    stm_usb.o(i.main) refers to _printf_dec.o(.text) for _printf_int_dec
    stm_usb.o(i.main) refers to hw_config.o(i.Set_System) for Set_System
    stm_usb.o(i.main) refers to stm_usb.o(i.SetSysClockTo72) for SetSysClockTo72
    stm_usb.o(i.main) refers to hw_config.o(i.Set_USBClock) for Set_USBClock
    stm_usb.o(i.main) refers to hw_config.o(i.USB_Interrupts_Config) for USB_Interrupts_Config
    stm_usb.o(i.main) refers to usb_init.o(i.USB_Init) for USB_Init
[...]
    C:\\Keil_v5\\ARM\\PACK\\Keil\\STM32F1xx_DFP\\2.2.0\\Device\\StdPeriph_Driver\\src\\stm32f10x_adc.c 0x00000000   Number         0  stm32f10x_adc.o ABSOLUTE
    C:\\Keil_v5\\ARM\\PACK\\Keil\\STM32F1xx_DFP\\2.2.0\\Device\\StdPeriph_Driver\\src\\stm32f10x_dac.c 0x00000000   Number         0  stm32f10x_dac.o ABSOLUTE
    C:\\Keil_v5\\ARM\\PACK\\Keil\\STM32F1xx_DFP\\2.2.0\\Device\\StdPeriph_Driver\\src\\stm32f10x_dma.c 0x00000000   Number         0  stm32f10x_dma.o ABSOLUTE
    C:\\Keil_v5\\ARM\\PACK\\Keil\\STM32F1xx_DFP\\2.2.0\\Device\\StdPeriph_Driver\\src\\stm32f10x_exti.c 0x00000000   Number         0  stm32f10x_exti.o ABSOLUTE
    C:\\Keil_v5\\ARM\\PACK\\Keil\\STM32F1xx_DFP\\2.2.0\\Device\\StdPeriph_Driver\\src\\stm32f10x_gpio.c 0x00000000   Number         0  stm32f10x_gpio.o ABSOLUTE
    C:\\Keil_v5\\ARM\\PACK\\Keil\\STM32F1xx_DFP\\2.2.0\\Device\\StdPeriph_Driver\\src\\stm32f10x_pwr.c 0x00000000   Number         0  stm32f10x_pwr.o ABSOLUTE
    C:\\Keil_v5\\ARM\\PACK\\Keil\\STM32F1xx_DFP\\2.2.0\\Device\\StdPeriph_Driver\\src\\stm32f10x_rcc.c 0x00000000   Number         0  stm32f10x_rcc.o ABSOLUTE
    C:\\Keil_v5\\ARM\\PACK\\Keil\\STM32F1xx_DFP\\2.2.0\\Device\\StdPeriph_Driver\\src\\stm32f10x_sdio.c 0x00000000   Number         0  stm32f10x_sdio.o ABSOLUTE
    C:\\Keil_v5\\ARM\\PACK\\Keil\\STM32F1xx_DFP\\2.2.0\\Device\\StdPeriph_Driver\\src\\stm32f10x_spi.c 0x00000000   Number         0  stm32f10x_spi.o ABSOLUTE
    C:\\Keil_v5\\ARM\\PACK\\Keil\\STM32F1xx_DFP\\2.2.0\\Device\\StdPeriph_Driver\\src\\stm32f10x_tim.c 0x00000000   Number         0  stm32f10x_tim.o ABSOLUTE
    C:\\Keil_v5\\ARM\\PACK\\Keil\\STM32F1xx_DFP\\2.2.0\\RTE_Driver\\DMA_STM32F10x.c 0x00000000   Number         0  dma_stm32f10x.o ABSOLUTE
    C:\\Keil_v5\\ARM\\PACK\\Keil\\STM32F1xx_DFP\\2.2.0\\RTE_Driver\\GPIO_STM32F10x.c 0x00000000   Number         0  gpio_stm32f10x.o ABSOLUTE
    RTE\Device\STM32F103C8\startup_stm32f10x_md.s 0x00000000   Number         0  startup_stm32f10x_md.o ABSOLUTE
    RTE\Device\STM32F103C8\system_stm32f10x.c 0x00000000   Number         0  system_stm32f10x.o ABSOLUTE
    RTE\\Device\\STM32F103C8\\system_stm32f10x.c 0x00000000   Number         0  system_stm32f10x.o ABSOLUTE
    STM32_USB-FS-Device_Lib\\hw_config.c     0x00000000   Number         0  hw_config.o ABSOLUTE
    STM32_USB-FS-Device_Lib\\usb_core.c      0x00000000   Number         0  usb_core.o ABSOLUTE
    STM32_USB-FS-Device_Lib\\usb_desc.c      0x00000000   Number         0  usb_desc.o ABSOLUTE
    STM32_USB-FS-Device_Lib\\usb_endp.c      0x00000000   Number         0  usb_endp.o ABSOLUTE
    STM32_USB-FS-Device_Lib\\usb_init.c      0x00000000   Number         0  usb_init.o ABSOLUTE
    STM32_USB-FS-Device_Lib\\usb_int.c       0x00000000   Number         0  usb_int.o ABSOLUTE
    STM32_USB-FS-Device_Lib\\usb_istr.c      0x00000000   Number         0  usb_istr.o ABSOLUTE
    STM32_USB-FS-Device_Lib\\usb_mem.c       0x00000000   Number         0  usb_mem.o ABSOLUTE
    STM32_USB-FS-Device_Lib\\usb_prop.c      0x00000000   Number         0  usb_prop.o ABSOLUTE
    STM32_USB-FS-Device_Lib\\usb_pwr.c       0x00000000   Number         0  usb_pwr.o ABSOLUTE
    STM32_USB-FS-Device_Lib\\usb_regs.c      0x00000000   Number         0  usb_regs.o ABSOLUTE
    STM32_USB-FS-Device_Lib\\usb_sil.c       0x00000000   Number         0  usb_sil.o ABSOLUTE
    STM32_USB-FS-Device_Lib\hw_config.c      0x00000000   Number         0  hw_config.o ABSOLUTE
    STM32_USB-FS-Device_Lib\usb_core.c       0x00000000   Number         0  usb_core.o ABSOLUTE
    STM32_USB-FS-Device_Lib\usb_desc.c       0x00000000   Number         0  usb_desc.o ABSOLUTE
    STM32_USB-FS-Device_Lib\usb_endp.c       0x00000000   Number         0  usb_endp.o ABSOLUTE
    STM32_USB-FS-Device_Lib\usb_init.c       0x00000000   Number         0  usb_init.o ABSOLUTE
    STM32_USB-FS-Device_Lib\usb_int.c        0x00000000   Number         0  usb_int.o ABSOLUTE
    STM32_USB-FS-Device_Lib\usb_istr.c       0x00000000   Number         0  usb_istr.o ABSOLUTE
    STM32_USB-FS-Device_Lib\usb_mem.c        0x00000000   Number         0  usb_mem.o ABSOLUTE
    STM32_USB-FS-Device_Lib\usb_prop.c       0x00000000   Number         0  usb_prop.o ABSOLUTE
    STM32_USB-FS-Device_Lib\usb_pwr.c        0x00000000   Number         0  usb_pwr.o ABSOLUTE
    STM32_USB-FS-Device_Lib\usb_regs.c       0x00000000   Number         0  usb_regs.o ABSOLUTE
    STM32_USB-FS-Device_Lib\usb_sil.c        0x00000000   Number         0  usb_sil.o ABSOLUTE
    STM_USB.c                                0x00000000   Number         0  stm_usb.o ABSOLUTE
    STM_USB.c                                0x00000000   Number         0  stm_usb.o ABSOLUTE
    dc.s                                     0x00000000   Number         0  dc.o ABSOLUTE
    stm_lib\\src\\stm32_it.c                 0x00000000   Number         0  stm32_it.o ABSOLUTE
    stm_lib\src\stm32_it.c                   0x00000000   Number         0  stm32_it.o ABSOLUTE
    RESET                                    0x08000000   Section      236  startup_stm32f10x_md.o(RESET)
    !!!main                                  0x080000ec   Section        8  __main.o(!!!main)
    !!!scatter                               0x080000f4   Section       52  __scatter.o(!!!scatter)
    !!dczerorl2                              0x08000128   Section       90  __dczerorl2.o(!!dczerorl2)
    !!handler_zi                             0x08000184   Section       28  __scatter_zi.o(!!handler_zi)
    .ARM.Collect$$_printf_percent$$00000000  0x080001a0   Section        0  _printf_percent.o(.ARM.Collect$$_printf_percent$$00000000)
    .ARM.Collect$$_printf_percent$$00000009  0x080001a0   Section        6  _printf_d.o(.ARM.Collect$$_printf_percent$$00000009)
    .ARM.Collect$$_printf_percent$$00000017  0x080001a6   Section        4  _printf_percent_end.o(.ARM.Collect$$_printf_percent$$00000017)
    .ARM.Collect$$libinit$$00000000          0x080001aa   Section        2  libinit.o(.ARM.Collect$$libinit$$00000000)
    .ARM.Collect$$libinit$$00000002          0x080001ac   Section        0  libinit2.o(.ARM.Collect$$libinit$$00000002)
    .ARM.Collect$$libinit$$00000004          0x080001ac   Section        0  libinit2.o(.ARM.Collect$$libinit$$00000004)
    .ARM.Collect$$libinit$$0000000A          0x080001ac   Section        0  libinit2.o(.ARM.Collect$$libinit$$0000000A)
    .ARM.Collect$$libinit$$0000000C          0x080001ac   Section        0  libinit2.o(.ARM.Collect$$libinit$$0000000C)
    .ARM.Collect$$libinit$$0000000E          0x080001ac   Section        0  libinit2.o(.ARM.Collect$$libinit$$0000000E)
    .ARM.Collect$$libinit$$00000011          0x080001ac   Section        0  libinit2.o(.ARM.Collect$$libinit$$00000011)
    .ARM.Collect$$libinit$$00000013          0x080001ac   Section        0  libinit2.o(.ARM.Collect$$libinit$$00000013)
    .ARM.Collect$$libinit$$00000015          0x080001ac   Section        0  libinit2.o(.ARM.Collect$$libinit$$00000015)
    .ARM.Collect$$libinit$$00000017          0x080001ac   Section        0  libinit2.o(.ARM.Collect$$libinit$$00000017)
    .ARM.Collect$$libinit$$00000019          0x080001ac   Section        0  libinit2.o(.ARM.Collect$$libinit$$00000019)
    .ARM.Collect$$libinit$$0000001B          0x080001ac   Section        0  libinit2.o(.ARM.Collect$$libinit$$0000001B)
    .ARM.Collect$$libinit$$0000001D          0x080001ac   Section        0  libinit2.o(.ARM.Collect$$libinit$$0000001D)
    .ARM.Collect$$libinit$$0000001F          0x080001ac   Section        0  libinit2.o(.ARM.Collect$$libinit$$0000001F)
    .ARM.Collect$$libinit$$00000021          0x080001ac   Section        0  libinit2.o(.ARM.Collect$$libinit$$00000021)
    .ARM.Collect$$libinit$$00000023          0x080001ac   Section        0  libinit2.o(.ARM.Collect$$libinit$$00000023)
    .ARM.Collect$$libinit$$00000025          0x080001ac   Section        0  libinit2.o(.ARM.Collect$$libinit$$00000025)
    .ARM.Collect$$libinit$$0000002C          0x080001ac   Section        0  libinit2.o(.ARM.Collect$$libinit$$0000002C)
    .ARM.Collect$$libinit$$0000002E          0x080001ac   Section        0  libinit2.o(.ARM.Collect$$libinit$$0000002E)
    .ARM.Collect$$libinit$$00000030          0x080001ac   Section        0  libinit2.o(.ARM.Collect$$libinit$$00000030)
    .ARM.Collect$$libinit$$00000032          0x080001ac   Section        0  libinit2.o(.ARM.Collect$$libinit$$00000032)
    .ARM.Collect$$libinit$$00000033          0x080001ac   Section        2  libinit2.o(.ARM.Collect$$libinit$$00000033)
    .ARM.Collect$$libshutdown$$00000000      0x080001ae   Section        2  libshutdown.o(.ARM.Collect$$libshutdown$$00000000)
    .ARM.Collect$$libshutdown$$00000002      0x080001b0   Section        0  libshutdown2.o(.ARM.Collect$$libshutdown$$00000002)
    .ARM.Collect$$libshutdown$$00000004      0x080001b0   Section        0  libshutdown2.o(.ARM.Collect$$libshutdown$$00000004)
    .ARM.Collect$$libshutdown$$00000007      0x080001b0   Section        0  libshutdown2.o(.ARM.Collect$$libshutdown$$00000007)
    .ARM.Collect$$libshutdown$$0000000A      0x080001b0   Section        0  libshutdown2.o(.ARM.Collect$$libshutdown$$0000000A)
    .ARM.Collect$$libshutdown$$0000000C      0x080001b0   Section        0  libshutdown2.o(.ARM.Collect$$libshutdown$$0000000C)
    .ARM.Collect$$libshutdown$$0000000F      0x080001b0   Section        0  libshutdown2.o(.ARM.Collect$$libshutdown$$0000000F)
    .ARM.Collect$$libshutdown$$00000010      0x080001b0   Section        2  libshutdown2.o(.ARM.Collect$$libshutdown$$00000010)
    .ARM.Collect$$rtentry$$00000000          0x080001b2   Section        0  __rtentry.o(.ARM.Collect$$rtentry$$00000000)
    .ARM.Collect$$rtentry$$00000002          0x080001b2   Section        0  __rtentry2.o(.ARM.Collect$$rtentry$$00000002)
    .ARM.Collect$$rtentry$$00000004          0x080001b2   Section        6  __rtentry4.o(.ARM.Collect$$rtentry$$00000004)
    .ARM.Collect$$rtentry$$00000009          0x080001b8   Section        0  __rtentry2.o(.ARM.Collect$$rtentry$$00000009)
    .ARM.Collect$$rtentry$$0000000A          0x080001b8   Section        4  __rtentry2.o(.ARM.Collect$$rtentry$$0000000A)
    .ARM.Collect$$rtentry$$0000000C          0x080001bc   Section        0  __rtentry2.o(.ARM.Collect$$rtentry$$0000000C)
    .ARM.Collect$$rtentry$$0000000D          0x080001bc   Section        8  __rtentry2.o(.ARM.Collect$$rtentry$$0000000D)
    .ARM.Collect$$rtexit$$00000000           0x080001c4   Section        2  rtexit.o(.ARM.Collect$$rtexit$$00000000)
    .ARM.Collect$$rtexit$$00000002           0x080001c6   Section        0  rtexit2.o(.ARM.Collect$$rtexit$$00000002)
    .ARM.Collect$$rtexit$$00000003           0x080001c6   Section        4  rtexit2.o(.ARM.Collect$$rtexit$$00000003)
    .ARM.Collect$$rtexit$$00000004           0x080001ca   Section        6  rtexit2.o(.ARM.Collect$$rtexit$$00000004)
    .text                                    0x080001d0   Section       64  startup_stm32f10x_md.o(.text)
    .text                                    0x08000210   Section        0  noretval__2sprintf.o(.text)
    .text                                    0x08000238   Section        0  __printf.o(.text)
    .text                                    0x080002a0   Section        0  _printf_dec.o(.text)
    .text                                    0x08000318   Section        0  heapauxi.o(.text)
    .text                                    0x0800031e   Section        0  _printf_intcommon.o(.text)
    .text                                    0x080003d0   Section        0  _printf_char_common.o(.text)
    _printf_input_char                       0x080003d1   Thumb Code    10  _printf_char_common.o(.text)
    .text                                    0x08000400   Section        0  _sputc.o(.text)
    .text                                    0x0800040a   Section       74  sys_stackheap_outer.o(.text)
    .text                                    0x08000454   Section        0  exit.o(.text)
    .text                                    0x08000468   Section        8  libspace.o(.text)
    .text                                    0x08000470   Section        0  sys_exit.o(.text)
    .text                                    0x0800047c   Section        2  use_no_semi.o(.text)
    .text                                    0x0800047e   Section        0  indicate_semi.o(.text)
    i.ADC_Cmd                                0x0800047e   Section        0  stm32f10x_adc.o(i.ADC_Cmd)
    i.ADC_DMACmd                             0x08000494   Section        0  stm32f10x_adc.o(i.ADC_DMACmd)
    i.ADC_DMA_init                           0x080004ac   Section        0  stm_usb.o(i.ADC_DMA_init)
    i.ADC_GetCalibrationStatus               0x080005b0   Section        0  stm32f10x_adc.o(i.ADC_GetCalibrationStatus)
    i.ADC_GetResetCalibrationStatus          0x080005c4   Section        0  stm32f10x_adc.o(i.ADC_GetResetCalibrationStatus)
    i.ADC_Init                               0x080005d8   Section        0  stm32f10x_adc.o(i.ADC_Init)
    i.ADC_RegularChannelConfig               0x08000628   Section        0  stm32f10x_adc.o(i.ADC_RegularChannelConfig)
    i.ADC_ResetCalibration                   0x080006e0   Section        0  stm32f10x_adc.o(i.ADC_ResetCalibration)
    i.ADC_SoftwareStartConvCmd               0x080006ea   Section        0  stm32f10x_adc.o(i.ADC_SoftwareStartConvCmd)
    i.ADC_StartCalibration                   0x08000700   Section        0  stm32f10x_adc.o(i.ADC_StartCalibration)
    i.BusFault_Handler                       0x0800070a   Section        0  stm32_it.o(i.BusFault_Handler)
    i.ByteSwap                               0x0800070e   Section        0  usb_regs.o(i.ByteSwap)
    i.CDC_Receive_DATA                       0x0800071c   Section        0  hw_config.o(i.CDC_Receive_DATA)
    i.CDC_Send_DATA                          0x08000734   Section        0  hw_config.o(i.CDC_Send_DATA)
    i.CTR_LP                                 0x0800076c   Section        0  usb_int.o(i.CTR_LP)
    i.ClearDTOG_RX                           0x080009f4   Section        0  usb_regs.o(i.ClearDTOG_RX)
    i.ClearDTOG_TX                           0x08000a28   Section        0  usb_regs.o(i.ClearDTOG_TX)
    i.Clear_Status_Out                       0x08000a5c   Section        0  usb_regs.o(i.Clear_Status_Out)
    i.DMA1_Channel1_Event                    0x08000a84   Section        0  dma_stm32f10x.o(i.DMA1_Channel1_Event)
    i.DMA1_Channel1_IRQHandler               0x08000a88   Section        0  dma_stm32f10x.o(i.DMA1_Channel1_IRQHandler)
    i.DMA1_Channel2_Event                    0x08000aa4   Section        0  dma_stm32f10x.o(i.DMA1_Channel2_Event)
    i.DMA1_Channel2_IRQHandler               0x08000aa8   Section        0  dma_stm32f10x.o(i.DMA1_Channel2_IRQHandler)
    i.DMA1_Channel3_Event                    0x08000ac4   Section        0  dma_stm32f10x.o(i.DMA1_Channel3_Event)
    i.DMA1_Channel3_IRQHandler               0x08000ac8   Section        0  dma_stm32f10x.o(i.DMA1_Channel3_IRQHandler)
    i.DMA1_Channel4_Event                    0x08000ae4   Section        0  dma_stm32f10x.o(i.DMA1_Channel4_Event)
    i.DMA1_Channel4_IRQHandler               0x08000ae8   Section        0  dma_stm32f10x.o(i.DMA1_Channel4_IRQHandler)
    i.DMA1_Channel5_Event                    0x08000b04   Section        0  dma_stm32f10x.o(i.DMA1_Channel5_Event)
    i.DMA1_Channel5_IRQHandler               0x08000b08   Section        0  dma_stm32f10x.o(i.DMA1_Channel5_IRQHandler)
    i.DMA1_Channel6_Event                    0x08000b24   Section        0  dma_stm32f10x.o(i.DMA1_Channel6_Event)
    i.DMA1_Channel6_IRQHandler               0x08000b28   Section        0  dma_stm32f10x.o(i.DMA1_Channel6_IRQHandler)
    i.DMA1_Channel7_Event                    0x08000b44   Section        0  dma_stm32f10x.o(i.DMA1_Channel7_Event)
    i.DMA1_Channel7_IRQHandler               0x08000b48   Section        0  dma_stm32f10x.o(i.DMA1_Channel7_IRQHandler)
    i.DMA_Cmd                                0x08000b64   Section        0  stm32f10x_dma.o(i.DMA_Cmd)
    i.DMA_Init                               0x08000b7c   Section        0  stm32f10x_dma.o(i.DMA_Init)
    i.DataStageIn                            0x08000bb8   Section        0  usb_core.o(i.DataStageIn)
    DataStageIn                              0x08000bb9   Thumb Code   166  usb_core.o(i.DataStageIn)
    i.DataStageOut                           0x08000c78   Section        0  usb_core.o(i.DataStageOut)
    DataStageOut                             0x08000c79   Thumb Code   166  usb_core.o(i.DataStageOut)
    i.Data_Setup0                            0x08000d34   Section        0  usb_core.o(i.Data_Setup0)
    Data_Setup0                              0x08000d35   Thumb Code   628  usb_core.o(i.Data_Setup0)
    i.DebugMon_Handler                       0x08000fcc   Section        0  stm32_it.o(i.DebugMon_Handler)
    i.EP1_IN_Callback                        0x08000fd0   Section        0  usb_endp.o(i.EP1_IN_Callback)
    i.EP3_OUT_Callback                       0x08000fdc   Section        0  usb_endp.o(i.EP3_OUT_Callback)
    i.EXTI_ClearITPendingBit                 0x0800100c   Section        0  stm32f10x_exti.o(i.EXTI_ClearITPendingBit)
    i.EXTI_Init                              0x08001018   Section        0  stm32f10x_exti.o(i.EXTI_Init)
    i.GPIO_Init                              0x080010ac   Section        0  stm32f10x_gpio.o(i.GPIO_Init)
    i.GPIO_ResetBits                         0x080011c2   Section        0  stm32f10x_gpio.o(i.GPIO_ResetBits)
    i.GPIO_SetBits                           0x080011c6   Section        0  stm32f10x_gpio.o(i.GPIO_SetBits)
    i.GetEPRxAddr                            0x080011cc   Section        0  usb_regs.o(i.GetEPRxAddr)
    i.GetEPRxCount                           0x080011ec   Section        0  usb_regs.o(i.GetEPRxCount)
    i.GetEPTxAddr                            0x08001210   Section        0  usb_regs.o(i.GetEPTxAddr)
    i.Get_SerialNum                          0x08001230   Section        0  hw_config.o(i.Get_SerialNum)
    i.HardFault_Handler                      0x08001264   Section        0  stm32_it.o(i.HardFault_Handler)
    i.In0_Process                            0x08001268   Section        0  usb_core.o(i.In0_Process)
    i.IntToUnicode                           0x080012d8   Section        0  hw_config.o(i.IntToUnicode)
    IntToUnicode                             0x080012d9   Thumb Code    62  hw_config.o(i.IntToUnicode)
    i.Leave_LowPowerMode                     0x08001318   Section        0  hw_config.o(i.Leave_LowPowerMode)
    i.MemManage_Handler                      0x0800133c   Section        0  stm32_it.o(i.MemManage_Handler)
    i.NMI_Handler                            0x08001340   Section        0  stm32_it.o(i.NMI_Handler)
    i.NOP_Process                            0x08001342   Section        0  usb_core.o(i.NOP_Process)
    i.NVIC_Init                              0x08001344   Section        0  misc.o(i.NVIC_Init)
    i.NVIC_PriorityGroupConfig               0x080013b4   Section        0  misc.o(i.NVIC_PriorityGroupConfig)
    i.NoData_Setup0                          0x080013c8   Section        0  usb_core.o(i.NoData_Setup0)
    NoData_Setup0                            0x080013c9   Thumb Code   290  usb_core.o(i.NoData_Setup0)
    i.Out0_Process                           0x08001500   Section        0  usb_core.o(i.Out0_Process)
    i.PMAToUserBufferCopy                    0x08001550   Section        0  usb_mem.o(i.PMAToUserBufferCopy)
    i.PendSV_Handler                         0x08001578   Section        0  stm32_it.o(i.PendSV_Handler)
    i.Post0_Process                          0x0800157c   Section        0  usb_core.o(i.Post0_Process)
    i.PowerOn                                0x080015c4   Section        0  usb_pwr.o(i.PowerOn)
    i.RCC_ADCCLKConfig                       0x08001604   Section        0  stm32f10x_rcc.o(i.RCC_ADCCLKConfig)
    i.RCC_AHBPeriphClockCmd                  0x0800161c   Section        0  stm32f10x_rcc.o(i.RCC_AHBPeriphClockCmd)
    i.RCC_APB1PeriphClockCmd                 0x0800163c   Section        0  stm32f10x_rcc.o(i.RCC_APB1PeriphClockCmd)
    i.RCC_APB2PeriphClockCmd                 0x0800165c   Section        0  stm32f10x_rcc.o(i.RCC_APB2PeriphClockCmd)
    i.RCC_DeInit                             0x0800167c   Section        0  stm32f10x_rcc.o(i.RCC_DeInit)
    i.RCC_GetFlagStatus                      0x080016c8   Section        0  stm32f10x_rcc.o(i.RCC_GetFlagStatus)
    i.RCC_GetSYSCLKSource                    0x08001704   Section        0  stm32f10x_rcc.o(i.RCC_GetSYSCLKSource)
    i.RCC_HCLKConfig                         0x08001714   Section        0  stm32f10x_rcc.o(i.RCC_HCLKConfig)
    i.RCC_HSEConfig                          0x0800172c   Section        0  stm32f10x_rcc.o(i.RCC_HSEConfig)
    i.RCC_PCLK1Config                        0x08001778   Section        0  stm32f10x_rcc.o(i.RCC_PCLK1Config)
    i.RCC_PCLK2Config                        0x08001790   Section        0  stm32f10x_rcc.o(i.RCC_PCLK2Config)
    i.RCC_PLLCmd                             0x080017a8   Section        0  stm32f10x_rcc.o(i.RCC_PLLCmd)
    i.RCC_PLLConfig                          0x080017b4   Section        0  stm32f10x_rcc.o(i.RCC_PLLConfig)
    i.RCC_SYSCLKConfig                       0x080017d0   Section        0  stm32f10x_rcc.o(i.RCC_SYSCLKConfig)
    i.RCC_USBCLKConfig                       0x080017e8   Section        0  stm32f10x_rcc.o(i.RCC_USBCLKConfig)
    i.RCC_WaitForHSEStartUp                  0x080017f4   Section        0  stm32f10x_rcc.o(i.RCC_WaitForHSEStartUp)
    i.Resume                                 0x0800182c   Section        0  usb_pwr.o(i.Resume)
    i.Resume_Init                            0x080018fc   Section        0  usb_pwr.o(i.Resume_Init)
    i.SVC_Handler                            0x08001920   Section        0  stm32_it.o(i.SVC_Handler)
    i.SetBTABLE                              0x08001924   Section        0  usb_regs.o(i.SetBTABLE)
    i.SetDeviceAddress                       0x08001934   Section        0  usb_core.o(i.SetDeviceAddress)
    i.SetEPRxAddr                            0x08001984   Section        0  usb_regs.o(i.SetEPRxAddr)
    i.SetEPRxCount                           0x080019a8   Section        0  usb_regs.o(i.SetEPRxCount)
    i.SetEPRxStatus                          0x080019f4   Section        0  usb_regs.o(i.SetEPRxStatus)
    i.SetEPRxValid                           0x08001a34   Section        0  usb_regs.o(i.SetEPRxValid)
    i.SetEPTxAddr                            0x08001a68   Section        0  usb_regs.o(i.SetEPTxAddr)
    i.SetEPTxCount                           0x08001a88   Section        0  usb_regs.o(i.SetEPTxCount)
    i.SetEPTxStatus                          0x08001aa4   Section        0  usb_regs.o(i.SetEPTxStatus)
    i.SetEPTxValid                           0x08001ae4   Section        0  usb_regs.o(i.SetEPTxValid)
    i.SetEPType                              0x08001b18   Section        0  usb_regs.o(i.SetEPType)
    i.SetSysClock                            0x08001b3c   Section        0  system_stm32f10x.o(i.SetSysClock)
    SetSysClock                              0x08001b3d   Thumb Code     8  system_stm32f10x.o(i.SetSysClock)
    i.SetSysClockTo72                        0x08001b44   Section        0  stm_usb.o(i.SetSysClockTo72)
    i.SetSysClockTo72                        0x08001ba4   Section        0  system_stm32f10x.o(i.SetSysClockTo72)
    SetSysClockTo72                          0x08001ba5   Thumb Code   214  system_stm32f10x.o(i.SetSysClockTo72)
    i.Set_System                             0x08001c84   Section        0  hw_config.o(i.Set_System)
    i.Set_USBClock                           0x08001cd4   Section        0  hw_config.o(i.Set_USBClock)
    i.Setup0_Process                         0x08001ce8   Section        0  usb_core.o(i.Setup0_Process)
    i.Standard_ClearFeature                  0x08001da0   Section        0  usb_core.o(i.Standard_ClearFeature)
    i.Standard_GetConfiguration              0x08001f0c   Section        0  usb_core.o(i.Standard_GetConfiguration)
    i.Standard_GetDescriptorData             0x08001f38   Section        0  usb_core.o(i.Standard_GetDescriptorData)
    i.Standard_GetInterface                  0x08001f5c   Section        0  usb_core.o(i.Standard_GetInterface)
    i.Standard_GetStatus                     0x08001f88   Section        0  usb_core.o(i.Standard_GetStatus)
    i.Standard_SetConfiguration              0x08002088   Section        0  usb_core.o(i.Standard_SetConfiguration)
    i.Standard_SetDeviceFeature              0x080020d0   Section        0  usb_core.o(i.Standard_SetDeviceFeature)
    i.Standard_SetEndPointFeature            0x080020f8   Section        0  usb_core.o(i.Standard_SetEndPointFeature)
    i.Standard_SetInterface                  0x080021c8   Section        0  usb_core.o(i.Standard_SetInterface)
    i.Suspend                                0x08002234   Section        0  usb_pwr.o(i.Suspend)
    i.SysTick_Handler                        0x08002338   Section        0  stm32_it.o(i.SysTick_Handler)
    i.SystemInit                             0x0800233c   Section        0  system_stm32f10x.o(i.SystemInit)
    i.TIM2_init                              0x0800239c   Section        0  stm_usb.o(i.TIM2_init)
    i.TIM3_init                              0x08002434   Section        0  stm_usb.o(i.TIM3_init)
    i.TIM_Cmd                                0x080024bc   Section        0  stm32f10x_tim.o(i.TIM_Cmd)
    i.TIM_ITConfig                           0x080024d4   Section        0  stm32f10x_tim.o(i.TIM_ITConfig)
    i.TIM_TimeBaseInit                       0x080024e8   Section        0  stm32f10x_tim.o(i.TIM_TimeBaseInit)
    i.TIM_TimeBaseStructInit                 0x0800258c   Section        0  stm32f10x_tim.o(i.TIM_TimeBaseStructInit)
    i.USBWakeUp_IRQHandler                   0x0800259e   Section        0  stm32_it.o(i.USBWakeUp_IRQHandler)
    i.USB_Cable_Config                       0x080025ac   Section        0  hw_config.o(i.USB_Cable_Config)
    i.USB_Init                               0x080025d0   Section        0  usb_init.o(i.USB_Init)
    i.USB_Interrupts_Config                  0x0800260c   Section        0  hw_config.o(i.USB_Interrupts_Config)
    i.USB_Istr                               0x08002648   Section        0  usb_istr.o(i.USB_Istr)
    i.USB_LP_CAN1_RX0_IRQHandler             0x08002814   Section        0  stm32_it.o(i.USB_LP_CAN1_RX0_IRQHandler)
    i.USB_SIL_Init                           0x0800281c   Section        0  usb_sil.o(i.USB_SIL_Init)
    i.UsageFault_Handler                     0x08002840   Section        0  stm32_it.o(i.UsageFault_Handler)
    i.UserToPMABufferCopy                    0x08002844   Section        0  usb_mem.o(i.UserToPMABufferCopy)
    i.Virtual_Com_Port_Data_Setup            0x0800287c   Section        0  usb_prop.o(i.Virtual_Com_Port_Data_Setup)
    i.Virtual_Com_Port_GetConfigDescriptor   0x080028e0   Section        0  usb_prop.o(i.Virtual_Com_Port_GetConfigDescriptor)
    i.Virtual_Com_Port_GetDeviceDescriptor   0x080028f4   Section        0  usb_prop.o(i.Virtual_Com_Port_GetDeviceDescriptor)
    i.Virtual_Com_Port_GetLineCoding         0x08002908   Section        0  usb_prop.o(i.Virtual_Com_Port_GetLineCoding)
    i.Virtual_Com_Port_GetStringDescriptor   0x08002924   Section        0  usb_prop.o(i.Virtual_Com_Port_GetStringDescriptor)
    i.Virtual_Com_Port_Get_Interface_Setting 0x0800294c   Section        0  usb_prop.o(i.Virtual_Com_Port_Get_Interface_Setting)
    i.Virtual_Com_Port_NoData_Setup          0x08002964   Section        0  usb_prop.o(i.Virtual_Com_Port_NoData_Setup)
    i.Virtual_Com_Port_Reset                 0x0800298c   Section        0  usb_prop.o(i.Virtual_Com_Port_Reset)
    i.Virtual_Com_Port_SetConfiguration      0x08002a74   Section        0  usb_prop.o(i.Virtual_Com_Port_SetConfiguration)
    i.Virtual_Com_Port_SetDeviceAddress      0x08002a8c   Section        0  usb_prop.o(i.Virtual_Com_Port_SetDeviceAddress)
    i.Virtual_Com_Port_SetLineCoding         0x08002a98   Section        0  usb_prop.o(i.Virtual_Com_Port_SetLineCoding)
    i.Virtual_Com_Port_Status_In             0x08002ab4   Section        0  usb_prop.o(i.Virtual_Com_Port_Status_In)
    i.Virtual_Com_Port_Status_Out            0x08002ac8   Section        0  usb_prop.o(i.Virtual_Com_Port_Status_Out)
    i.Virtual_Com_Port_init                  0x08002acc   Section        0  usb_prop.o(i.Virtual_Com_Port_init)
    i.main                                   0x08002af4   Section        0  stm_usb.o(i.main)
    .constdata                               0x08002c14   Section      177  usb_desc.o(.constdata)
    .data                                    0x20000000   Section       20  stm_usb.o(.data)
    .data                                    0x20000014   Section       16  hw_config.o(.data)
    .data                                    0x20000024   Section        3  usb_core.o(.data)
    .data                                    0x20000027   Section       26  usb_desc.o(.data)
    .data                                    0x20000044   Section        4  usb_endp.o(.data)
    .data                                    0x20000048   Section       20  usb_init.o(.data)
    .data                                    0x2000005c   Section        4  usb_int.o(.data)
    .data                                    0x20000060   Section       68  usb_istr.o(.data)
    .data                                    0x200000a4   Section      148  usb_prop.o(.data)
    .data                                    0x20000138   Section       12  usb_pwr.o(.data)
    .bss                                     0x20000144   Section      191  stm_usb.o(.bss)
    .bss                                     0x20000203   Section       64  hw_config.o(.bss)
    .bss                                     0x20000244   Section       28  usb_init.o(.bss)
    .bss                                     0x20000260   Section       32  usb_pwr.o(.bss)
    .bss                                     0x20000280   Section       96  libspace.o(.bss)
    HEAP                                     0x200002e0   Section      512  startup_stm32f10x_md.o(HEAP)
    Heap_Mem                                 0x200002e0   Data         512  startup_stm32f10x_md.o(HEAP)
    STACK                                    0x200004e0   Section     1024  startup_stm32f10x_md.o(STACK)
    Stack_Mem                                0x200004e0   Data        1024  startup_stm32f10x_md.o(STACK)
    __initial_sp                             0x200008e0   Data           0  startup_stm32f10x_md.o(STACK)

    Global Symbols

    Symbol Name                              Value     Ov Type        Size  Object(Section)

    BuildAttributes$$THM_ISAv4$P$D$K$B$S$PE$A:L22UL41UL21$X:L11$S22US41US21$IEEE1$IW$USESV6$~STKCKD$USESV7$~SHL$OSPACE$ROPI$EBA8$UX$STANDARDLIB$REQ8$PRES8$EABIv2 0x00000000   Number         0  anon$$obj.o ABSOLUTE
    __ARM_use_no_argv                        0x00000000   Number         0  stm_usb.o ABSOLUTE
    __ARM_exceptions_init                     - Undefined Weak Reference
    __alloca_initialize                       - Undefined Weak Reference
    __arm_preinit_                            - Undefined Weak Reference
    __cpp_initialize__aeabi_                  - Undefined Weak Reference
    __cxa_finalize                            - Undefined Weak Reference
    __rt_locale                               - Undefined Weak Reference
    __sigvec_lookup                           - Undefined Weak Reference
    _atexit_init                              - Undefined Weak Reference
    _call_atexit_fns                          - Undefined Weak Reference
    _clock_init                               - Undefined Weak Reference
    _fp_trap_init                             - Undefined Weak Reference
    _fp_trap_shutdown                         - Undefined Weak Reference
    _get_lc_collate                           - Undefined Weak Reference
    _get_lc_ctype                             - Undefined Weak Reference
    _get_lc_monetary                          - Undefined Weak Reference
    _get_lc_numeric                           - Undefined Weak Reference
    _get_lc_time                              - Undefined Weak Reference
    _getenv_init                              - Undefined Weak Reference
    _handle_redirection                       - Undefined Weak Reference
    _init_alloc                               - Undefined Weak Reference
    _init_user_alloc                          - Undefined Weak Reference
    _initio                                   - Undefined Weak Reference
    _printf_post_padding                      - Undefined Weak Reference
    _printf_pre_padding                       - Undefined Weak Reference
    _printf_truncate_signed                   - Undefined Weak Reference
    _printf_truncate_unsigned                 - Undefined Weak Reference
    _rand_init                                - Undefined Weak Reference
    _signal_finish                            - Undefined Weak Reference
    _signal_init                              - Undefined Weak Reference
    _terminate_alloc                          - Undefined Weak Reference
    _terminate_user_alloc                     - Undefined Weak Reference
    _terminateio                              - Undefined Weak Reference
    __Vectors_Size                           0x000000ec   Number         0  startup_stm32f10x_md.o ABSOLUTE
    __Vectors                                0x08000000   Data           4  startup_stm32f10x_md.o(RESET)
    __Vectors_End                            0x080000ec   Data           0  startup_stm32f10x_md.o(RESET)
    __main                                   0x080000ed   Thumb Code     8  __main.o(!!!main)
    __scatterload                            0x080000f5   Thumb Code     0  __scatter.o(!!!scatter)
    __scatterload_rt2                        0x080000f5   Thumb Code    44  __scatter.o(!!!scatter)
    __scatterload_rt2_thumb_only             0x080000f5   Thumb Code     0  __scatter.o(!!!scatter)
    __scatterload_null                       0x08000103   Thumb Code     0  __scatter.o(!!!scatter)
    __decompress                             0x08000129   Thumb Code    90  __dczerorl2.o(!!dczerorl2)
    __decompress1                            0x08000129   Thumb Code     0  __dczerorl2.o(!!dczerorl2)
    __scatterload_zeroinit                   0x08000185   Thumb Code    28  __scatter_zi.o(!!handler_zi)
    _printf_d                                0x080001a1   Thumb Code     0  _printf_d.o(.ARM.Collect$$_printf_percent$$00000009)
    _printf_percent                          0x080001a1   Thumb Code     0  _printf_percent.o(.ARM.Collect$$_printf_percent$$00000000)
    _printf_percent_end                      0x080001a7   Thumb Code     0  _printf_percent_end.o(.ARM.Collect$$_printf_percent$$00000017)
    __rt_lib_init                            0x080001ab   Thumb Code     0  libinit.o(.ARM.Collect$$libinit$$00000000)
    __rt_lib_init_alloca_1                   0x080001ad   Thumb Code     0  libinit2.o(.ARM.Collect$$libinit$$0000002E)
    __rt_lib_init_argv_1                     0x080001ad   Thumb Code     0  libinit2.o(.ARM.Collect$$libinit$$0000002C)
    __rt_lib_init_atexit_1                   0x080001ad   Thumb Code     0  libinit2.o(.ARM.Collect$$libinit$$0000001B)
    __rt_lib_init_clock_1                    0x080001ad   Thumb Code     0  libinit2.o(.ARM.Collect$$libinit$$00000021)
    __rt_lib_init_cpp_1                      0x080001ad   Thumb Code     0  libinit2.o(.ARM.Collect$$libinit$$00000032)
    __rt_lib_init_exceptions_1               0x080001ad   Thumb Code     0  libinit2.o(.ARM.Collect$$libinit$$00000030)
    __rt_lib_init_fp_1                       0x080001ad   Thumb Code     0  libinit2.o(.ARM.Collect$$libinit$$00000002)
    __rt_lib_init_fp_trap_1                  0x080001ad   Thumb Code     0  libinit2.o(.ARM.Collect$$libinit$$0000001F)
    __rt_lib_init_getenv_1                   0x080001ad   Thumb Code     0  libinit2.o(.ARM.Collect$$libinit$$00000023)
    __rt_lib_init_heap_1                     0x080001ad   Thumb Code     0  libinit2.o(.ARM.Collect$$libinit$$0000000A)
    __rt_lib_init_lc_collate_1               0x080001ad   Thumb Code     0  libinit2.o(.ARM.Collect$$libinit$$00000011)
    __rt_lib_init_lc_ctype_1                 0x080001ad   Thumb Code     0  libinit2.o(.ARM.Collect$$libinit$$00000013)
    __rt_lib_init_lc_monetary_1              0x080001ad   Thumb Code     0  libinit2.o(.ARM.Collect$$libinit$$00000015)
    __rt_lib_init_lc_numeric_1               0x080001ad   Thumb Code     0  libinit2.o(.ARM.Collect$$libinit$$00000017)
    __rt_lib_init_lc_time_1                  0x080001ad   Thumb Code     0  libinit2.o(.ARM.Collect$$libinit$$00000019)
    __rt_lib_init_preinit_1                  0x080001ad   Thumb Code     0  libinit2.o(.ARM.Collect$$libinit$$00000004)
    __rt_lib_init_rand_1                     0x080001ad   Thumb Code     0  libinit2.o(.ARM.Collect$$libinit$$0000000E)
    __rt_lib_init_return                     0x080001ad   Thumb Code     0  libinit2.o(.ARM.Collect$$libinit$$00000033)
    __rt_lib_init_signal_1                   0x080001ad   Thumb Code     0  libinit2.o(.ARM.Collect$$libinit$$0000001D)
    __rt_lib_init_stdio_1                    0x080001ad   Thumb Code     0  libinit2.o(.ARM.Collect$$libinit$$00000025)
    __rt_lib_init_user_alloc_1               0x080001ad   Thumb Code     0  libinit2.o(.ARM.Collect$$libinit$$0000000C)
    __rt_lib_shutdown                        0x080001af   Thumb Code     0  libshutdown.o(.ARM.Collect$$libshutdown$$00000000)
    __rt_lib_shutdown_cpp_1                  0x080001b1   Thumb Code     0  libshutdown2.o(.ARM.Collect$$libshutdown$$00000002)
    __rt_lib_shutdown_fp_trap_1              0x080001b1   Thumb Code     0  libshutdown2.o(.ARM.Collect$$libshutdown$$00000007)
    __rt_lib_shutdown_heap_1                 0x080001b1   Thumb Code     0  libshutdown2.o(.ARM.Collect$$libshutdown$$0000000F)
    __rt_lib_shutdown_return                 0x080001b1   Thumb Code     0  libshutdown2.o(.ARM.Collect$$libshutdown$$00000010)
    __rt_lib_shutdown_signal_1               0x080001b1   Thumb Code     0  libshutdown2.o(.ARM.Collect$$libshutdown$$0000000A)
    __rt_lib_shutdown_stdio_1                0x080001b1   Thumb Code     0  libshutdown2.o(.ARM.Collect$$libshutdown$$00000004)
    __rt_lib_shutdown_user_alloc_1           0x080001b1   Thumb Code     0  libshutdown2.o(.ARM.Collect$$libshutdown$$0000000C)
    __rt_entry                               0x080001b3   Thumb Code     0  __rtentry.o(.ARM.Collect$$rtentry$$00000000)
    __rt_entry_presh_1                       0x080001b3   Thumb Code     0  __rtentry2.o(.ARM.Collect$$rtentry$$00000002)
    __rt_entry_sh                            0x080001b3   Thumb Code     0  __rtentry4.o(.ARM.Collect$$rtentry$$00000004)
    __rt_entry_li                            0x080001b9   Thumb Code     0  __rtentry2.o(.ARM.Collect$$rtentry$$0000000A)
    __rt_entry_postsh_1                      0x080001b9   Thumb Code     0  __rtentry2.o(.ARM.Collect$$rtentry$$00000009)
    __rt_entry_main                          0x080001bd   Thumb Code     0  __rtentry2.o(.ARM.Collect$$rtentry$$0000000D)
    __rt_entry_postli_1                      0x080001bd   Thumb Code     0  __rtentry2.o(.ARM.Collect$$rtentry$$0000000C)
    __rt_exit                                0x080001c5   Thumb Code     0  rtexit.o(.ARM.Collect$$rtexit$$00000000)
    __rt_exit_ls                             0x080001c7   Thumb Code     0  rtexit2.o(.ARM.Collect$$rtexit$$00000003)
    __rt_exit_prels_1                        0x080001c7   Thumb Code     0  rtexit2.o(.ARM.Collect$$rtexit$$00000002)
    __rt_exit_exit                           0x080001cb   Thumb Code     0  rtexit2.o(.ARM.Collect$$rtexit$$00000004)
    Reset_Handler                            0x080001d1   Thumb Code     8  startup_stm32f10x_md.o(.text)
    ADC1_2_IRQHandler                        0x080001eb   Thumb Code     0  startup_stm32f10x_md.o(.text)
    CAN1_RX1_IRQHandler                      0x080001eb   Thumb Code     0  startup_stm32f10x_md.o(.text)
    CAN1_SCE_IRQHandler                      0x080001eb   Thumb Code     0  startup_stm32f10x_md.o(.text)
    EXTI0_IRQHandler                         0x080001eb   Thumb Code     0  startup_stm32f10x_md.o(.text)
    EXTI15_10_IRQHandler                     0x080001eb   Thumb Code     0  startup_stm32f10x_md.o(.text)
    EXTI1_IRQHandler                         0x080001eb   Thumb Code     0  startup_stm32f10x_md.o(.text)
    EXTI2_IRQHandler                         0x080001eb   Thumb Code     0  startup_stm32f10x_md.o(.text)
    EXTI3_IRQHandler                         0x080001eb   Thumb Code     0  startup_stm32f10x_md.o(.text)
    EXTI4_IRQHandler                         0x080001eb   Thumb Code     0  startup_stm32f10x_md.o(.text)
    EXTI9_5_IRQHandler                       0x080001eb   Thumb Code     0  startup_stm32f10x_md.o(.text)
    FLASH_IRQHandler                         0x080001eb   Thumb Code     0  startup_stm32f10x_md.o(.text)
    I2C1_ER_IRQHandler                       0x080001eb   Thumb Code     0  startup_stm32f10x_md.o(.text)
    I2C1_EV_IRQHandler                       0x080001eb   Thumb Code     0  startup_stm32f10x_md.o(.text)
    I2C2_ER_IRQHandler                       0x080001eb   Thumb Code     0  startup_stm32f10x_md.o(.text)
    I2C2_EV_IRQHandler                       0x080001eb   Thumb Code     0  startup_stm32f10x_md.o(.text)
    PVD_IRQHandler                           0x080001eb   Thumb Code     0  startup_stm32f10x_md.o(.text)
    RCC_IRQHandler                           0x080001eb   Thumb Code     0  startup_stm32f10x_md.o(.text)
    RTCAlarm_IRQHandler                      0x080001eb   Thumb Code     0  startup_stm32f10x_md.o(.text)
    RTC_IRQHandler                           0x080001eb   Thumb Code     0  startup_stm32f10x_md.o(.text)
    SPI1_IRQHandler                          0x080001eb   Thumb Code     0  startup_stm32f10x_md.o(.text)
    SPI2_IRQHandler                          0x080001eb   Thumb Code     0  startup_stm32f10x_md.o(.text)
    TAMPER_IRQHandler                        0x080001eb   Thumb Code     0  startup_stm32f10x_md.o(.text)
    TIM1_BRK_IRQHandler                      0x080001eb   Thumb Code     0  startup_stm32f10x_md.o(.text)
    TIM1_CC_IRQHandler                       0x080001eb   Thumb Code     0  startup_stm32f10x_md.o(.text)
    TIM1_TRG_COM_IRQHandler                  0x080001eb   Thumb Code     0  startup_stm32f10x_md.o(.text)
    TIM1_UP_IRQHandler                       0x080001eb   Thumb Code     0  startup_stm32f10x_md.o(.text)
    TIM2_IRQHandler                          0x080001eb   Thumb Code     0  startup_stm32f10x_md.o(.text)
    TIM3_IRQHandler                          0x080001eb   Thumb Code     0  startup_stm32f10x_md.o(.text)
    TIM4_IRQHandler                          0x080001eb   Thumb Code     0  startup_stm32f10x_md.o(.text)
    USART1_IRQHandler                        0x080001eb   Thumb Code     0  startup_stm32f10x_md.o(.text)
    USART2_IRQHandler                        0x080001eb   Thumb Code     0  startup_stm32f10x_md.o(.text)
    USART3_IRQHandler                        0x080001eb   Thumb Code     0  startup_stm32f10x_md.o(.text)
    USB_HP_CAN1_TX_IRQHandler                0x080001eb   Thumb Code     0  startup_stm32f10x_md.o(.text)
    WWDG_IRQHandler                          0x080001eb   Thumb Code     0  startup_stm32f10x_md.o(.text)
    __user_initial_stackheap                 0x080001ed   Thumb Code     0  startup_stm32f10x_md.o(.text)
    __2sprintf                               0x08000211   Thumb Code    34  noretval__2sprintf.o(.text)
    __printf                                 0x08000239   Thumb Code   104  __printf.o(.text)
    _printf_int_dec                          0x080002a1   Thumb Code   104  _printf_dec.o(.text)
    __use_two_region_memory                  0x08000319   Thumb Code     2  heapauxi.o(.text)
    __rt_heap_escrow$2region                 0x0800031b   Thumb Code     2  heapauxi.o(.text)
    __rt_heap_expand$2region                 0x0800031d   Thumb Code     2  heapauxi.o(.text)
    _printf_int_common                       0x0800031f   Thumb Code   178  _printf_intcommon.o(.text)
    _printf_char_common                      0x080003db   Thumb Code    32  _printf_char_common.o(.text)
    _sputc                                   0x08000401   Thumb Code    10  _sputc.o(.text)
    __user_setup_stackheap                   0x0800040b   Thumb Code    74  sys_stackheap_outer.o(.text)
    exit                                     0x08000455   Thumb Code    18  exit.o(.text)
    __user_libspace                          0x08000469   Thumb Code     8  libspace.o(.text)
    __user_perproc_libspace                  0x08000469   Thumb Code     0  libspace.o(.text)
    __user_perthread_libspace                0x08000469   Thumb Code     0  libspace.o(.text)
    _sys_exit                                0x08000471   Thumb Code     8  sys_exit.o(.text)
    __I$use$semihosting                      0x0800047d   Thumb Code     0  use_no_semi.o(.text)
    __use_no_semihosting_swi                 0x0800047d   Thumb Code     2  use_no_semi.o(.text)
    ADC_Cmd                                  0x0800047f   Thumb Code    22  stm32f10x_adc.o(i.ADC_Cmd)
    __semihosting_library_function           0x0800047f   Thumb Code     0  indicate_semi.o(.text)
    ADC_DMACmd                               0x08000495   Thumb Code    22  stm32f10x_adc.o(i.ADC_DMACmd)
    ADC_DMA_init                             0x080004ad   Thumb Code   244  stm_usb.o(i.ADC_DMA_init)
    ADC_GetCalibrationStatus                 0x080005b1   Thumb Code    20  stm32f10x_adc.o(i.ADC_GetCalibrationStatus)
    ADC_GetResetCalibrationStatus            0x080005c5   Thumb Code    20  stm32f10x_adc.o(i.ADC_GetResetCalibrationStatus)
    ADC_Init                                 0x080005d9   Thumb Code    70  stm32f10x_adc.o(i.ADC_Init)
    ADC_RegularChannelConfig                 0x08000629   Thumb Code   184  stm32f10x_adc.o(i.ADC_RegularChannelConfig)
    ADC_ResetCalibration                     0x080006e1   Thumb Code    10  stm32f10x_adc.o(i.ADC_ResetCalibration)
    ADC_SoftwareStartConvCmd                 0x080006eb   Thumb Code    22  stm32f10x_adc.o(i.ADC_SoftwareStartConvCmd)
    ADC_StartCalibration                     0x08000701   Thumb Code    10  stm32f10x_adc.o(i.ADC_StartCalibration)
    BusFault_Handler                         0x0800070b   Thumb Code     4  stm32_it.o(i.BusFault_Handler)
    ByteSwap                                 0x0800070f   Thumb Code    12  usb_regs.o(i.ByteSwap)
    CDC_Receive_DATA                         0x0800071d   Thumb Code    18  hw_config.o(i.CDC_Receive_DATA)
    CDC_Send_DATA                            0x08000735   Thumb Code    50  hw_config.o(i.CDC_Send_DATA)
    CTR_LP                                   0x0800076d   Thumb Code   616  usb_int.o(i.CTR_LP)
    ClearDTOG_RX                             0x080009f5   Thumb Code    48  usb_regs.o(i.ClearDTOG_RX)
    ClearDTOG_TX                             0x08000a29   Thumb Code    48  usb_regs.o(i.ClearDTOG_TX)
    Clear_Status_Out                         0x08000a5d   Thumb Code    34  usb_regs.o(i.Clear_Status_Out)
    DMA1_Channel1_Event                      0x08000a85   Thumb Code     2  dma_stm32f10x.o(i.DMA1_Channel1_Event)
    DMA1_Channel1_IRQHandler                 0x08000a89   Thumb Code    22  dma_stm32f10x.o(i.DMA1_Channel1_IRQHandler)
    DMA1_Channel2_Event                      0x08000aa5   Thumb Code     2  dma_stm32f10x.o(i.DMA1_Channel2_Event)
    DMA1_Channel2_IRQHandler                 0x08000aa9   Thumb Code    24  dma_stm32f10x.o(i.DMA1_Channel2_IRQHandler)
    DMA1_Channel3_Event                      0x08000ac5   Thumb Code     2  dma_stm32f10x.o(i.DMA1_Channel3_Event)
    DMA1_Channel3_IRQHandler                 0x08000ac9   Thumb Code    24  dma_stm32f10x.o(i.DMA1_Channel3_IRQHandler)
    DMA1_Channel4_Event                      0x08000ae5   Thumb Code     2  dma_stm32f10x.o(i.DMA1_Channel4_Event)
    DMA1_Channel4_IRQHandler                 0x08000ae9   Thumb Code    24  dma_stm32f10x.o(i.DMA1_Channel4_IRQHandler)
    DMA1_Channel5_Event                      0x08000b05   Thumb Code     2  dma_stm32f10x.o(i.DMA1_Channel5_Event)
    DMA1_Channel5_IRQHandler                 0x08000b09   Thumb Code    24  dma_stm32f10x.o(i.DMA1_Channel5_IRQHandler)
    DMA1_Channel6_Event                      0x08000b25   Thumb Code     2  dma_stm32f10x.o(i.DMA1_Channel6_Event)
    DMA1_Channel6_IRQHandler                 0x08000b29   Thumb Code    24  dma_stm32f10x.o(i.DMA1_Channel6_IRQHandler)
    DMA1_Channel7_Event                      0x08000b45   Thumb Code     2  dma_stm32f10x.o(i.DMA1_Channel7_Event)
    DMA1_Channel7_IRQHandler                 0x08000b49   Thumb Code    24  dma_stm32f10x.o(i.DMA1_Channel7_IRQHandler)
    DMA_Cmd                                  0x08000b65   Thumb Code    24  stm32f10x_dma.o(i.DMA_Cmd)
    DMA_Init                                 0x08000b7d   Thumb Code    60  stm32f10x_dma.o(i.DMA_Init)
    DebugMon_Handler                         0x08000fcd   Thumb Code     2  stm32_it.o(i.DebugMon_Handler)
    EP1_IN_Callback                          0x08000fd1   Thumb Code     8  usb_endp.o(i.EP1_IN_Callback)
    EP3_OUT_Callback                         0x08000fdd   Thumb Code    36  usb_endp.o(i.EP3_OUT_Callback)
    EXTI_ClearITPendingBit                   0x0800100d   Thumb Code     6  stm32f10x_exti.o(i.EXTI_ClearITPendingBit)
    EXTI_Init                                0x08001019   Thumb Code   142  stm32f10x_exti.o(i.EXTI_Init)
    GPIO_Init                                0x080010ad   Thumb Code   278  stm32f10x_gpio.o(i.GPIO_Init)
    GPIO_ResetBits                           0x080011c3   Thumb Code     4  stm32f10x_gpio.o(i.GPIO_ResetBits)
    GPIO_SetBits                             0x080011c7   Thumb Code     4  stm32f10x_gpio.o(i.GPIO_SetBits)
    GetEPRxAddr                              0x080011cd   Thumb Code    24  usb_regs.o(i.GetEPRxAddr)
    GetEPRxCount                             0x080011ed   Thumb Code    26  usb_regs.o(i.GetEPRxCount)
    GetEPTxAddr                              0x08001211   Thumb Code    22  usb_regs.o(i.GetEPTxAddr)
    Get_SerialNum                            0x08001231   Thumb Code    42  hw_config.o(i.Get_SerialNum)
    HardFault_Handler                        0x08001265   Thumb Code     4  stm32_it.o(i.HardFault_Handler)
    In0_Process                              0x08001269   Thumb Code    98  usb_core.o(i.In0_Process)
    Leave_LowPowerMode                       0x08001319   Thumb Code    28  hw_config.o(i.Leave_LowPowerMode)
    MemManage_Handler                        0x0800133d   Thumb Code     4  stm32_it.o(i.MemManage_Handler)
    NMI_Handler                              0x08001341   Thumb Code     2  stm32_it.o(i.NMI_Handler)
    NOP_Process                              0x08001343   Thumb Code     2  usb_core.o(i.NOP_Process)
    NVIC_Init                                0x08001345   Thumb Code   100  misc.o(i.NVIC_Init)
    NVIC_PriorityGroupConfig                 0x080013b5   Thumb Code    10  misc.o(i.NVIC_PriorityGroupConfig)
    Out0_Process                             0x08001501   Thumb Code    70  usb_core.o(i.Out0_Process)
    PMAToUserBufferCopy                      0x08001551   Thumb Code    34  usb_mem.o(i.PMAToUserBufferCopy)
    PendSV_Handler                           0x08001579   Thumb Code     2  stm32_it.o(i.PendSV_Handler)
    Post0_Process                            0x0800157d   Thumb Code    54  usb_core.o(i.Post0_Process)
    PowerOn                                  0x080015c5   Thumb Code    54  usb_pwr.o(i.PowerOn)
    RCC_ADCCLKConfig                         0x08001605   Thumb Code    18  stm32f10x_rcc.o(i.RCC_ADCCLKConfig)
    RCC_AHBPeriphClockCmd                    0x0800161d   Thumb Code    26  stm32f10x_rcc.o(i.RCC_AHBPeriphClockCmd)
    RCC_APB1PeriphClockCmd                   0x0800163d   Thumb Code    26  stm32f10x_rcc.o(i.RCC_APB1PeriphClockCmd)
    RCC_APB2PeriphClockCmd                   0x0800165d   Thumb Code    26  stm32f10x_rcc.o(i.RCC_APB2PeriphClockCmd)
    RCC_DeInit                               0x0800167d   Thumb Code    64  stm32f10x_rcc.o(i.RCC_DeInit)
    RCC_GetFlagStatus                        0x080016c9   Thumb Code    56  stm32f10x_rcc.o(i.RCC_GetFlagStatus)
    RCC_GetSYSCLKSource                      0x08001705   Thumb Code    10  stm32f10x_rcc.o(i.RCC_GetSYSCLKSource)
    RCC_HCLKConfig                           0x08001715   Thumb Code    18  stm32f10x_rcc.o(i.RCC_HCLKConfig)
    RCC_HSEConfig                            0x0800172d   Thumb Code    70  stm32f10x_rcc.o(i.RCC_HSEConfig)
    RCC_PCLK1Config                          0x08001779   Thumb Code    18  stm32f10x_rcc.o(i.RCC_PCLK1Config)
    RCC_PCLK2Config                          0x08001791   Thumb Code    20  stm32f10x_rcc.o(i.RCC_PCLK2Config)
    RCC_PLLCmd                               0x080017a9   Thumb Code     6  stm32f10x_rcc.o(i.RCC_PLLCmd)
    RCC_PLLConfig                            0x080017b5   Thumb Code    24  stm32f10x_rcc.o(i.RCC_PLLConfig)
    RCC_SYSCLKConfig                         0x080017d1   Thumb Code    18  stm32f10x_rcc.o(i.RCC_SYSCLKConfig)
    RCC_USBCLKConfig                         0x080017e9   Thumb Code     6  stm32f10x_rcc.o(i.RCC_USBCLKConfig)
    RCC_WaitForHSEStartUp                    0x080017f5   Thumb Code    56  stm32f10x_rcc.o(i.RCC_WaitForHSEStartUp)
    Resume                                   0x0800182d   Thumb Code   194  usb_pwr.o(i.Resume)
    Resume_Init                              0x080018fd   Thumb Code    30  usb_pwr.o(i.Resume_Init)
    SVC_Handler                              0x08001921   Thumb Code     2  stm32_it.o(i.SVC_Handler)
    SetBTABLE                                0x08001925   Thumb Code    12  usb_regs.o(i.SetBTABLE)
    SetDeviceAddress                         0x08001935   Thumb Code    68  usb_core.o(i.SetDeviceAddress)
    SetEPRxAddr                              0x08001985   Thumb Code    26  usb_regs.o(i.SetEPRxAddr)
    SetEPRxCount                             0x080019a9   Thumb Code    68  usb_regs.o(i.SetEPRxCount)
    SetEPRxStatus                            0x080019f5   Thumb Code    60  usb_regs.o(i.SetEPRxStatus)
    SetEPRxValid                             0x08001a35   Thumb Code    48  usb_regs.o(i.SetEPRxValid)
    SetEPTxAddr                              0x08001a69   Thumb Code    24  usb_regs.o(i.SetEPTxAddr)
    SetEPTxCount                             0x08001a89   Thumb Code    20  usb_regs.o(i.SetEPTxCount)
    SetEPTxStatus                            0x08001aa5   Thumb Code    60  usb_regs.o(i.SetEPTxStatus)
    SetEPTxValid                             0x08001ae5   Thumb Code    48  usb_regs.o(i.SetEPTxValid)
    SetEPType                                0x08001b19   Thumb Code    32  usb_regs.o(i.SetEPType)
    SetSysClockTo72                          0x08001b45   Thumb Code    94  stm_usb.o(i.SetSysClockTo72)
    Set_System                               0x08001c85   Thumb Code    70  hw_config.o(i.Set_System)
    Set_USBClock                             0x08001cd5   Thumb Code    18  hw_config.o(i.Set_USBClock)
    Setup0_Process                           0x08001ce9   Thumb Code   170  usb_core.o(i.Setup0_Process)
    Standard_ClearFeature                    0x08001da1   Thumb Code   342  usb_core.o(i.Standard_ClearFeature)
    Standard_GetConfiguration                0x08001f0d   Thumb Code    34  usb_core.o(i.Standard_GetConfiguration)
    Standard_GetDescriptorData               0x08001f39   Thumb Code    32  usb_core.o(i.Standard_GetDescriptorData)
    Standard_GetInterface                    0x08001f5d   Thumb Code    34  usb_core.o(i.Standard_GetInterface)
    Standard_GetStatus                       0x08001f89   Thumb Code   238  usb_core.o(i.Standard_GetStatus)
    Standard_SetConfiguration                0x08002089   Thumb Code    60  usb_core.o(i.Standard_SetConfiguration)
    Standard_SetDeviceFeature                0x080020d1   Thumb Code    30  usb_core.o(i.Standard_SetDeviceFeature)
    Standard_SetEndPointFeature              0x080020f9   Thumb Code   192  usb_core.o(i.Standard_SetEndPointFeature)
    Standard_SetInterface                    0x080021c9   Thumb Code    96  usb_core.o(i.Standard_SetInterface)
    Suspend                                  0x08002235   Thumb Code   240  usb_pwr.o(i.Suspend)
    SysTick_Handler                          0x08002339   Thumb Code     2  stm32_it.o(i.SysTick_Handler)
    SystemInit                               0x0800233d   Thumb Code    78  system_stm32f10x.o(i.SystemInit)
    TIM2_init                                0x0800239d   Thumb Code   144  stm_usb.o(i.TIM2_init)
    TIM3_init                                0x08002435   Thumb Code   128  stm_usb.o(i.TIM3_init)
    TIM_Cmd                                  0x080024bd   Thumb Code    24  stm32f10x_tim.o(i.TIM_Cmd)
    TIM_ITConfig                             0x080024d5   Thumb Code    18  stm32f10x_tim.o(i.TIM_ITConfig)
    TIM_TimeBaseInit                         0x080024e9   Thumb Code   122  stm32f10x_tim.o(i.TIM_TimeBaseInit)
    TIM_TimeBaseStructInit                   0x0800258d   Thumb Code    18  stm32f10x_tim.o(i.TIM_TimeBaseStructInit)
    USBWakeUp_IRQHandler                     0x0800259f   Thumb Code    12  stm32_it.o(i.USBWakeUp_IRQHandler)
    USB_Cable_Config                         0x080025ad   Thumb Code    30  hw_config.o(i.USB_Cable_Config)
    USB_Init                                 0x080025d1   Thumb Code    36  usb_init.o(i.USB_Init)
    USB_Interrupts_Config                    0x0800260d   Thumb Code    60  hw_config.o(i.USB_Interrupts_Config)
    USB_Istr                                 0x08002649   Thumb Code   422  usb_istr.o(i.USB_Istr)
    USB_LP_CAN1_RX0_IRQHandler               0x08002815   Thumb Code     8  stm32_it.o(i.USB_LP_CAN1_RX0_IRQHandler)
    USB_SIL_Init                             0x0800281d   Thumb Code    28  usb_sil.o(i.USB_SIL_Init)
    UsageFault_Handler                       0x08002841   Thumb Code     4  stm32_it.o(i.UsageFault_Handler)
    UserToPMABufferCopy                      0x08002845   Thumb Code    52  usb_mem.o(i.UserToPMABufferCopy)
    Virtual_Com_Port_Data_Setup              0x0800287d   Thumb Code    82  usb_prop.o(i.Virtual_Com_Port_Data_Setup)
    Virtual_Com_Port_GetConfigDescriptor     0x080028e1   Thumb Code    14  usb_prop.o(i.Virtual_Com_Port_GetConfigDescriptor)
    Virtual_Com_Port_GetDeviceDescriptor     0x080028f5   Thumb Code    14  usb_prop.o(i.Virtual_Com_Port_GetDeviceDescriptor)
    Virtual_Com_Port_GetLineCoding           0x08002909   Thumb Code    20  usb_prop.o(i.Virtual_Com_Port_GetLineCoding)
    Virtual_Com_Port_GetStringDescriptor     0x08002925   Thumb Code    32  usb_prop.o(i.Virtual_Com_Port_GetStringDescriptor)
    Virtual_Com_Port_Get_Interface_Setting   0x0800294d   Thumb Code    22  usb_prop.o(i.Virtual_Com_Port_Get_Interface_Setting)
    Virtual_Com_Port_NoData_Setup            0x08002965   Thumb Code    36  usb_prop.o(i.Virtual_Com_Port_NoData_Setup)
    Virtual_Com_Port_Reset                   0x0800298d   Thumb Code   216  usb_prop.o(i.Virtual_Com_Port_Reset)
    Virtual_Com_Port_SetConfiguration        0x08002a75   Thumb Code    14  usb_prop.o(i.Virtual_Com_Port_SetConfiguration)
    Virtual_Com_Port_SetDeviceAddress        0x08002a8d   Thumb Code     8  usb_prop.o(i.Virtual_Com_Port_SetDeviceAddress)
    Virtual_Com_Port_SetLineCoding           0x08002a99   Thumb Code    20  usb_prop.o(i.Virtual_Com_Port_SetLineCoding)
    Virtual_Com_Port_Status_In               0x08002ab5   Thumb Code    16  usb_prop.o(i.Virtual_Com_Port_Status_In)
    Virtual_Com_Port_Status_Out              0x08002ac9   Thumb Code     2  usb_prop.o(i.Virtual_Com_Port_Status_Out)
    Virtual_Com_Port_init                    0x08002acd   Thumb Code    30  usb_prop.o(i.Virtual_Com_Port_init)
    main                                     0x08002af5   Thumb Code   246  stm_usb.o(i.main)
    Virtual_Com_Port_DeviceDescriptor        0x08002c14   Data          18  usb_desc.o(.constdata)
    Virtual_Com_Port_ConfigDescriptor        0x08002c26   Data          67  usb_desc.o(.constdata)
    Virtual_Com_Port_StringLangID            0x08002c69   Data           4  usb_desc.o(.constdata)
    Virtual_Com_Port_StringVendor            0x08002c6d   Data          38  usb_desc.o(.constdata)
    Virtual_Com_Port_StringProduct           0x08002c93   Data          50  usb_desc.o(.constdata)
    Region$$Table$$Base                      0x08002cc8   Number         0  anon$$obj.o(Region$$Table)
    Region$$Table$$Limit                     0x08002ce8   Number         0  anon$$obj.o(Region$$Table)
    ADCBuffer                                0x20000000   Data           2  stm_usb.o(.data)
    x                                        0x20000002   Data           1  stm_usb.o(.data)
    packet_sent                              0x20000004   Data           4  stm_usb.o(.data)
    packet_receive                           0x20000008   Data           4  stm_usb.o(.data)
    STROB                                    0x2000000c   Data           4  stm_usb.o(.data)
    cnt_pix                                  0x20000010   Data           4  stm_usb.o(.data)
    HSEStartUpStatus                         0x20000014   Data           1  hw_config.o(.data)
    EXTI_InitStructure                       0x20000018   Data           8  hw_config.o(.data)
    Send_length                              0x20000020   Data           4  hw_config.o(.data)
    StatusInfo                               0x20000024   Data           2  usb_core.o(.data)
    Data_Mul_MaxPacketSize                   0x20000026   Data           1  usb_core.o(.data)
    Virtual_Com_Port_StringSerial            0x20000027   Data          26  usb_desc.o(.data)
    Receive_length                           0x20000044   Data           4  usb_endp.o(.data)
    EPindex                                  0x20000048   Data           1  usb_init.o(.data)
    pInformation                             0x2000004c   Data           4  usb_init.o(.data)
    pProperty                                0x20000050   Data           4  usb_init.o(.data)
    SaveState                                0x20000054   Data           2  usb_init.o(.data)
    wInterrupt_Mask                          0x20000056   Data           2  usb_init.o(.data)
    pUser_Standard_Requests                  0x20000058   Data           4  usb_init.o(.data)
    SaveRState                               0x2000005c   Data           2  usb_int.o(.data)
    SaveTState                               0x2000005e   Data           2  usb_int.o(.data)
    wIstr                                    0x20000060   Data           2  usb_istr.o(.data)
    bIntPackSOF                              0x20000062   Data           1  usb_istr.o(.data)
    esof_counter                             0x20000064   Data           4  usb_istr.o(.data)
    wCNTR                                    0x20000068   Data           4  usb_istr.o(.data)
    pEpInt_IN                                0x2000006c   Data          28  usb_istr.o(.data)
    pEpInt_OUT                               0x20000088   Data          28  usb_istr.o(.data)
    Request                                  0x200000a4   Data           1  usb_prop.o(.data)
    linecoding                               0x200000a8   Data           8  usb_prop.o(.data)
    Device_Table                             0x200000b0   Data           2  usb_prop.o(.data)
    Device_Property                          0x200000b4   Data          48  usb_prop.o(.data)
    User_Standard_Requests                   0x200000e4   Data          36  usb_prop.o(.data)
    Device_Descriptor                        0x20000108   Data           8  usb_prop.o(.data)
    Config_Descriptor                        0x20000110   Data           8  usb_prop.o(.data)
    String_Descriptor                        0x20000118   Data          32  usb_prop.o(.data)
    bDeviceState                             0x20000138   Data           4  usb_pwr.o(.data)
    fSuspendEnabled                          0x2000013c   Data           1  usb_pwr.o(.data)
    ResumeS                                  0x2000013d   Data           2  usb_pwr.o(.data)
    remotewakeupon                           0x20000140   Data           4  usb_pwr.o(.data)
    Send_Buffer                              0x20000144   Data          64  stm_usb.o(.bss)
    Transmit_Buffer                          0x20000184   Data         127  stm_usb.o(.bss)
    Receive_Buffer                           0x20000203   Data          64  hw_config.o(.bss)
    Device_Info                              0x20000244   Data          28  usb_init.o(.bss)
    EP                                       0x20000260   Data          32  usb_pwr.o(.bss)
    __libspace_start                         0x20000280   Data          96  libspace.o(.bss)
    __temporary_stack_top$libspace           0x200002e0   Data           0  libspace.o(.bss)



==============================================================================

Memory Map of the image

  Image Entry point : 0x080001d1

  Load Region LR_1 (Base: 0x08000000, Size: 0x00002e2c, Max: 0xffffffff, ABSOLUTE, COMPRESSED[0x00002d68])

    Execution Region ER_RO (Base: 0x08000000, Size: 0x00002ce8, Max: 0xffffffff, ABSOLUTE)

    Base Addr    Size         Type   Attr      Idx    E Section Name        Object

    0x08000000   0x000000ec   Data   RO         3348    RESET               startup_stm32f10x_md.o
    0x080000ec   0x00000008   Code   RO         3433  * !!!main             c_w.l(__main.o)
    0x080000f4   0x00000034   Code   RO         3601    !!!scatter          c_w.l(__scatter.o)
    0x08000128   0x0000005a   Code   RO         3599    !!dczerorl2         c_w.l(__dczerorl2.o)
    0x08000182   0x00000002   PAD
    0x08000184   0x0000001c   Code   RO         3603    !!handler_zi        c_w.l(__scatter_zi.o)
    0x080001a0   0x00000000   Code   RO         3430    .ARM.Collect$$_printf_percent$$00000000  c_w.l(_printf_percent.o)
    0x080001a0   0x00000006   Code   RO         3429    .ARM.Collect$$_printf_percent$$00000009  c_w.l(_printf_d.o)
    0x080001a6   0x00000004   Code   RO         3442    .ARM.Collect$$_printf_percent$$00000017  c_w.l(_printf_percent_end.o)
    0x080001aa   0x00000002   Code   RO         3469    .ARM.Collect$$libinit$$00000000  c_w.l(libinit.o)
    0x080001ac   0x00000000   Code   RO         3476    .ARM.Collect$$libinit$$00000002  c_w.l(libinit2.o)
    0x080001ac   0x00000000   Code   RO         3478    .ARM.Collect$$libinit$$00000004  c_w.l(libinit2.o)
    0x080001ac   0x00000000   Code   RO         3481    .ARM.Collect$$libinit$$0000000A  c_w.l(libinit2.o)
    0x080001ac   0x00000000   Code   RO         3483    .ARM.Collect$$libinit$$0000000C  c_w.l(libinit2.o)
    0x080001ac   0x00000000   Code   RO         3485    .ARM.Collect$$libinit$$0000000E  c_w.l(libinit2.o)
    0x080001ac   0x00000000   Code   RO         3488    .ARM.Collect$$libinit$$00000011  c_w.l(libinit2.o)
    0x080001ac   0x00000000   Code   RO         3490    .ARM.Collect$$libinit$$00000013  c_w.l(libinit2.o)
    0x080001ac   0x00000000   Code   RO         3492    .ARM.Collect$$libinit$$00000015  c_w.l(libinit2.o)
    0x080001ac   0x00000000   Code   RO         3494    .ARM.Collect$$libinit$$00000017  c_w.l(libinit2.o)
    0x080001ac   0x00000000   Code   RO         3496    .ARM.Collect$$libinit$$00000019  c_w.l(libinit2.o)
    0x080001ac   0x00000000   Code   RO         3498    .ARM.Collect$$libinit$$0000001B  c_w.l(libinit2.o)
    0x080001ac   0x00000000   Code   RO         3500    .ARM.Collect$$libinit$$0000001D  c_w.l(libinit2.o)
    0x080001ac   0x00000000   Code   RO         3502    .ARM.Collect$$libinit$$0000001F  c_w.l(libinit2.o)
    0x080001ac   0x00000000   Code   RO         3504    .ARM.Collect$$libinit$$00000021  c_w.l(libinit2.o)
    0x080001ac   0x00000000   Code   RO         3506    .ARM.Collect$$libinit$$00000023  c_w.l(libinit2.o)
    0x080001ac   0x00000000   Code   RO         3508    .ARM.Collect$$libinit$$00000025  c_w.l(libinit2.o)
    0x080001ac   0x00000000   Code   RO         3512    .ARM.Collect$$libinit$$0000002C  c_w.l(libinit2.o)
    0x080001ac   0x00000000   Code   RO         3514    .ARM.Collect$$libinit$$0000002E  c_w.l(libinit2.o)
    0x080001ac   0x00000000   Code   RO         3516    .ARM.Collect$$libinit$$00000030  c_w.l(libinit2.o)
    0x080001ac   0x00000000   Code   RO         3518    .ARM.Collect$$libinit$$00000032  c_w.l(libinit2.o)
    0x080001ac   0x00000002   Code   RO         3519    .ARM.Collect$$libinit$$00000033  c_w.l(libinit2.o)
    0x080001ae   0x00000002   Code   RO         3539    .ARM.Collect$$libshutdown$$00000000  c_w.l(libshutdown.o)
    0x080001b0   0x00000000   Code   RO         3552    .ARM.Collect$$libshutdown$$00000002  c_w.l(libshutdown2.o)
    0x080001b0   0x00000000   Code   RO         3554    .ARM.Collect$$libshutdown$$00000004  c_w.l(libshutdown2.o)
    0x080001b0   0x00000000   Code   RO         3557    .ARM.Collect$$libshutdown$$00000007  c_w.l(libshutdown2.o)
    0x080001b0   0x00000000   Code   RO         3560    .ARM.Collect$$libshutdown$$0000000A  c_w.l(libshutdown2.o)
    0x080001b0   0x00000000   Code   RO         3562    .ARM.Collect$$libshutdown$$0000000C  c_w.l(libshutdown2.o)
    0x080001b0   0x00000000   Code   RO         3565    .ARM.Collect$$libshutdown$$0000000F  c_w.l(libshutdown2.o)
    0x080001b0   0x00000002   Code   RO         3566    .ARM.Collect$$libshutdown$$00000010  c_w.l(libshutdown2.o)
    0x080001b2   0x00000000   Code   RO         3435    .ARM.Collect$$rtentry$$00000000  c_w.l(__rtentry.o)
    0x080001b2   0x00000000   Code   RO         3444    .ARM.Collect$$rtentry$$00000002  c_w.l(__rtentry2.o)
    0x080001b2   0x00000006   Code   RO         3456    .ARM.Collect$$rtentry$$00000004  c_w.l(__rtentry4.o)
    0x080001b8   0x00000000   Code   RO         3446    .ARM.Collect$$rtentry$$00000009  c_w.l(__rtentry2.o)
    0x080001b8   0x00000004   Code   RO         3447    .ARM.Collect$$rtentry$$0000000A  c_w.l(__rtentry2.o)
    0x080001bc   0x00000000   Code   RO         3449    .ARM.Collect$$rtentry$$0000000C  c_w.l(__rtentry2.o)
    0x080001bc   0x00000008   Code   RO         3450    .ARM.Collect$$rtentry$$0000000D  c_w.l(__rtentry2.o)
    0x080001c4   0x00000002   Code   RO         3473    .ARM.Collect$$rtexit$$00000000  c_w.l(rtexit.o)
    0x080001c6   0x00000000   Code   RO         3521    .ARM.Collect$$rtexit$$00000002  c_w.l(rtexit2.o)
    0x080001c6   0x00000004   Code   RO         3522    .ARM.Collect$$rtexit$$00000003  c_w.l(rtexit2.o)
    0x080001ca   0x00000006   Code   RO         3523    .ARM.Collect$$rtexit$$00000004  c_w.l(rtexit2.o)
    0x080001d0   0x00000040   Code   RO         3349  * .text               startup_stm32f10x_md.o
    0x08000210   0x00000028   Code   RO         3403    .text               c_w.l(noretval__2sprintf.o)
    0x08000238   0x00000068   Code   RO         3405    .text               c_w.l(__printf.o)
    0x080002a0   0x00000078   Code   RO         3407    .text               c_w.l(_printf_dec.o)
    0x08000318   0x00000006   Code   RO         3431    .text               c_w.l(heapauxi.o)
    0x0800031e   0x000000b2   Code   RO         3436    .text               c_w.l(_printf_intcommon.o)
    0x080003d0   0x00000030   Code   RO         3438    .text               c_w.l(_printf_char_common.o)
    0x08000400   0x0000000a   Code   RO         3440    .text               c_w.l(_sputc.o)
    0x0800040a   0x0000004a   Code   RO         3460    .text               c_w.l(sys_stackheap_outer.o)
    0x08000454   0x00000012   Code   RO         3462    .text               c_w.l(exit.o)
    0x08000466   0x00000002   PAD
    0x08000468   0x00000008   Code   RO         3470    .text               c_w.l(libspace.o)
    0x08000470   0x0000000c   Code   RO         3531    .text               c_w.l(sys_exit.o)
    0x0800047c   0x00000002   Code   RO         3542    .text               c_w.l(use_no_semi.o)
    0x0800047e   0x00000000   Code   RO         3544    .text               c_w.l(indicate_semi.o)
    0x0800047e   0x00000016   Code   RO         1359    i.ADC_Cmd           stm32f10x_adc.o
    0x08000494   0x00000016   Code   RO         1360    i.ADC_DMACmd        stm32f10x_adc.o
    0x080004aa   0x00000002   PAD
    0x080004ac   0x00000104   Code   RO            4    i.ADC_DMA_init      stm_usb.o
    0x080005b0   0x00000014   Code   RO         1367    i.ADC_GetCalibrationStatus  stm32f10x_adc.o
    0x080005c4   0x00000014   Code   RO         1373    i.ADC_GetResetCalibrationStatus  stm32f10x_adc.o
    0x080005d8   0x00000050   Code   RO         1377    i.ADC_Init          stm32f10x_adc.o
    0x08000628   0x000000b8   Code   RO         1381    i.ADC_RegularChannelConfig  stm32f10x_adc.o
    0x080006e0   0x0000000a   Code   RO         1382    i.ADC_ResetCalibration  stm32f10x_adc.o
    0x080006ea   0x00000016   Code   RO         1384    i.ADC_SoftwareStartConvCmd  stm32f10x_adc.o
    0x08000700   0x0000000a   Code   RO         1386    i.ADC_StartCalibration  stm32f10x_adc.o
    0x0800070a   0x00000004   Code   RO         1218    i.BusFault_Handler  stm32_it.o
    0x0800070e   0x0000000c   Code   RO          810    i.ByteSwap          usb_regs.o
    0x0800071a   0x00000002   PAD
    0x0800071c   0x00000018   Code   RO          177    i.CDC_Receive_DATA  hw_config.o
    0x08000734   0x00000038   Code   RO          178    i.CDC_Send_DATA     hw_config.o
    0x0800076c   0x00000288   Code   RO          541    i.CTR_LP            usb_int.o
    0x080009f4   0x00000034   Code   RO          811    i.ClearDTOG_RX      usb_regs.o
    0x08000a28   0x00000034   Code   RO          812    i.ClearDTOG_TX      usb_regs.o
    0x08000a5c   0x00000028   Code   RO          817    i.Clear_Status_Out  usb_regs.o
    0x08000a84   0x00000002   Code   RO         3151    i.DMA1_Channel1_Event  dma_stm32f10x.o
    0x08000a86   0x00000002   PAD
    0x08000a88   0x0000001c   Code   RO         3152    i.DMA1_Channel1_IRQHandler  dma_stm32f10x.o
    0x08000aa4   0x00000002   Code   RO         3153    i.DMA1_Channel2_Event  dma_stm32f10x.o
    0x08000aa6   0x00000002   PAD
    0x08000aa8   0x0000001c   Code   RO         3154    i.DMA1_Channel2_IRQHandler  dma_stm32f10x.o
    0x08000ac4   0x00000002   Code   RO         3155    i.DMA1_Channel3_Event  dma_stm32f10x.o
    0x08000ac6   0x00000002   PAD
    0x08000ac8   0x0000001c   Code   RO         3156    i.DMA1_Channel3_IRQHandler  dma_stm32f10x.o
    0x08000ae4   0x00000002   Code   RO         3157    i.DMA1_Channel4_Event  dma_stm32f10x.o
    0x08000ae6   0x00000002   PAD
    0x08000ae8   0x0000001c   Code   RO         3158    i.DMA1_Channel4_IRQHandler  dma_stm32f10x.o
    0x08000b04   0x00000002   Code   RO         3159    i.DMA1_Channel5_Event  dma_stm32f10x.o
    0x08000b06   0x00000002   PAD
    0x08000b08   0x0000001c   Code   RO         3160    i.DMA1_Channel5_IRQHandler  dma_stm32f10x.o
    0x08000b24   0x00000002   Code   RO         3161    i.DMA1_Channel6_Event  dma_stm32f10x.o
    0x08000b26   0x00000002   PAD
    0x08000b28   0x0000001c   Code   RO         3162    i.DMA1_Channel6_IRQHandler  dma_stm32f10x.o
    0x08000b44   0x00000002   Code   RO         3163    i.DMA1_Channel7_Event  dma_stm32f10x.o
    0x08000b46   0x00000002   PAD
    0x08000b48   0x0000001c   Code   RO         3164    i.DMA1_Channel7_IRQHandler  dma_stm32f10x.o
    0x08000b64   0x00000018   Code   RO         1679    i.DMA_Cmd           stm32f10x_dma.o
    0x08000b7c   0x0000003c   Code   RO         1685    i.DMA_Init          stm32f10x_dma.o
    0x08000bb8   0x000000c0   Code   RO          309    i.DataStageIn       usb_core.o
    0x08000c78   0x000000bc   Code   RO          310    i.DataStageOut      usb_core.o
    0x08000d34   0x00000298   Code   RO          311    i.Data_Setup0       usb_core.o
    0x08000fcc   0x00000002   Code   RO         1219    i.DebugMon_Handler  stm32_it.o
    0x08000fce   0x00000002   PAD
    0x08000fd0   0x0000000c   Code   RO          468    i.EP1_IN_Callback   usb_endp.o
    0x08000fdc   0x00000030   Code   RO          469    i.EP3_OUT_Callback  usb_endp.o
    0x0800100c   0x0000000c   Code   RO         1762    i.EXTI_ClearITPendingBit  stm32f10x_exti.o
    0x08001018   0x00000094   Code   RO         1767    i.EXTI_Init         stm32f10x_exti.o
    0x080010ac   0x00000116   Code   RO         1833    i.GPIO_Init         stm32f10x_gpio.o
    0x080011c2   0x00000004   Code   RO         1840    i.GPIO_ResetBits    stm32f10x_gpio.o
    0x080011c6   0x00000004   Code   RO         1841    i.GPIO_SetBits      stm32f10x_gpio.o
    0x080011ca   0x00000002   PAD
    0x080011cc   0x00000020   Code   RO          829    i.GetEPRxAddr       usb_regs.o
    0x080011ec   0x00000024   Code   RO          830    i.GetEPRxCount      usb_regs.o
    0x08001210   0x00000020   Code   RO          832    i.GetEPTxAddr       usb_regs.o
    0x08001230   0x00000034   Code   RO          180    i.Get_SerialNum     hw_config.o
    0x08001264   0x00000004   Code   RO         1220    i.HardFault_Handler  stm32_it.o
    0x08001268   0x00000070   Code   RO          312    i.In0_Process       usb_core.o
    0x080012d8   0x0000003e   Code   RO          181    i.IntToUnicode      hw_config.o
    0x08001316   0x00000002   PAD
    0x08001318   0x00000024   Code   RO          182    i.Leave_LowPowerMode  hw_config.o
    0x0800133c   0x00000004   Code   RO         1221    i.MemManage_Handler  stm32_it.o
    0x08001340   0x00000002   Code   RO         1222    i.NMI_Handler       stm32_it.o
    0x08001342   0x00000002   Code   RO          313    i.NOP_Process       usb_core.o
    0x08001344   0x00000070   Code   RO         1305    i.NVIC_Init         misc.o
    0x080013b4   0x00000014   Code   RO         1306    i.NVIC_PriorityGroupConfig  misc.o
    0x080013c8   0x00000138   Code   RO          314    i.NoData_Setup0     usb_core.o
    0x08001500   0x00000050   Code   RO          315    i.Out0_Process      usb_core.o
    0x08001550   0x00000028   Code   RO          612    i.PMAToUserBufferCopy  usb_mem.o
    0x08001578   0x00000002   Code   RO         1223    i.PendSV_Handler    stm32_it.o
    0x0800157a   0x00000002   PAD
    0x0800157c   0x00000048   Code   RO          316    i.Post0_Process     usb_core.o
    0x080015c4   0x00000040   Code   RO          756    i.PowerOn           usb_pwr.o
    0x08001604   0x00000018   Code   RO         2025    i.RCC_ADCCLKConfig  stm32f10x_rcc.o
    0x0800161c   0x00000020   Code   RO         2026    i.RCC_AHBPeriphClockCmd  stm32f10x_rcc.o
    0x0800163c   0x00000020   Code   RO         2027    i.RCC_APB1PeriphClockCmd  stm32f10x_rcc.o
    0x0800165c   0x00000020   Code   RO         2029    i.RCC_APB2PeriphClockCmd  stm32f10x_rcc.o
    0x0800167c   0x0000004c   Code   RO         2036    i.RCC_DeInit        stm32f10x_rcc.o
    0x080016c8   0x0000003c   Code   RO         2038    i.RCC_GetFlagStatus  stm32f10x_rcc.o
    0x08001704   0x00000010   Code   RO         2040    i.RCC_GetSYSCLKSource  stm32f10x_rcc.o
    0x08001714   0x00000018   Code   RO         2041    i.RCC_HCLKConfig    stm32f10x_rcc.o
    0x0800172c   0x0000004c   Code   RO         2042    i.RCC_HSEConfig     stm32f10x_rcc.o
    0x08001778   0x00000018   Code   RO         2048    i.RCC_PCLK1Config   stm32f10x_rcc.o
    0x08001790   0x00000018   Code   RO         2049    i.RCC_PCLK2Config   stm32f10x_rcc.o
    0x080017a8   0x0000000c   Code   RO         2050    i.RCC_PLLCmd        stm32f10x_rcc.o
    0x080017b4   0x0000001c   Code   RO         2051    i.RCC_PLLConfig     stm32f10x_rcc.o
    0x080017d0   0x00000018   Code   RO         2054    i.RCC_SYSCLKConfig  stm32f10x_rcc.o
    0x080017e8   0x0000000c   Code   RO         2055    i.RCC_USBCLKConfig  stm32f10x_rcc.o
    0x080017f4   0x00000038   Code   RO         2056    i.RCC_WaitForHSEStartUp  stm32f10x_rcc.o
    0x0800182c   0x000000d0   Code   RO          757    i.Resume            usb_pwr.o
    0x080018fc   0x00000024   Code   RO          758    i.Resume_Init       usb_pwr.o
    0x08001920   0x00000002   Code   RO         1224    i.SVC_Handler       stm32_it.o
    0x08001922   0x00000002   PAD
    0x08001924   0x00000010   Code   RO          840    i.SetBTABLE         usb_regs.o
    0x08001934   0x00000050   Code   RO          317    i.SetDeviceAddress  usb_core.o
    0x08001984   0x00000024   Code   RO          854    i.SetEPRxAddr       usb_regs.o
    0x080019a8   0x0000004c   Code   RO          855    i.SetEPRxCount      usb_regs.o
    0x080019f4   0x00000040   Code   RO          856    i.SetEPRxStatus     usb_regs.o
    0x08001a34   0x00000034   Code   RO          857    i.SetEPRxValid      usb_regs.o
    0x08001a68   0x00000020   Code   RO          858    i.SetEPTxAddr       usb_regs.o
    0x08001a88   0x0000001c   Code   RO          859    i.SetEPTxCount      usb_regs.o
    0x08001aa4   0x00000040   Code   RO          860    i.SetEPTxStatus     usb_regs.o
    0x08001ae4   0x00000034   Code   RO          861    i.SetEPTxValid      usb_regs.o
    0x08001b18   0x00000024   Code   RO          862    i.SetEPType         usb_regs.o
    0x08001b3c   0x00000008   Code   RO         3356    i.SetSysClock       system_stm32f10x.o
    0x08001b44   0x0000005e   Code   RO            5    i.SetSysClockTo72   stm_usb.o
    0x08001ba2   0x00000002   PAD
    0x08001ba4   0x000000e0   Code   RO         3357    i.SetSysClockTo72   system_stm32f10x.o
    0x08001c84   0x00000050   Code   RO          183    i.Set_System        hw_config.o
    0x08001cd4   0x00000012   Code   RO          184    i.Set_USBClock      hw_config.o
    0x08001ce6   0x00000002   PAD
    0x08001ce8   0x000000b8   Code   RO          318    i.Setup0_Process    usb_core.o
    0x08001da0   0x0000016c   Code   RO          319    i.Standard_ClearFeature  usb_core.o
    0x08001f0c   0x0000002c   Code   RO          320    i.Standard_GetConfiguration  usb_core.o
    0x08001f38   0x00000024   Code   RO          321    i.Standard_GetDescriptorData  usb_core.o
    0x08001f5c   0x0000002c   Code   RO          322    i.Standard_GetInterface  usb_core.o
    0x08001f88   0x00000100   Code   RO          323    i.Standard_GetStatus  usb_core.o
    0x08002088   0x00000048   Code   RO          324    i.Standard_SetConfiguration  usb_core.o
    0x080020d0   0x00000028   Code   RO          325    i.Standard_SetDeviceFeature  usb_core.o
    0x080020f8   0x000000d0   Code   RO          326    i.Standard_SetEndPointFeature  usb_core.o
    0x080021c8   0x0000006c   Code   RO          327    i.Standard_SetInterface  usb_core.o
    0x08002234   0x00000104   Code   RO          759    i.Suspend           usb_pwr.o
    0x08002338   0x00000002   Code   RO         1225    i.SysTick_Handler   stm32_it.o
    0x0800233a   0x00000002   PAD
    0x0800233c   0x00000060   Code   RO         3359    i.SystemInit        system_stm32f10x.o
    0x0800239c   0x00000098   Code   RO            6    i.TIM2_init         stm_usb.o
    0x08002434   0x00000088   Code   RO            7    i.TIM3_init         stm_usb.o
    0x080024bc   0x00000018   Code   RO         2607    i.TIM_Cmd           stm32f10x_tim.o
    0x080024d4   0x00000012   Code   RO         2632    i.TIM_ITConfig      stm32f10x_tim.o
    0x080024e6   0x00000002   PAD
    0x080024e8   0x000000a4   Code   RO         2678    i.TIM_TimeBaseInit  stm32f10x_tim.o
    0x0800258c   0x00000012   Code   RO         2679    i.TIM_TimeBaseStructInit  stm32f10x_tim.o
    0x0800259e   0x0000000c   Code   RO         1226    i.USBWakeUp_IRQHandler  stm32_it.o
    0x080025aa   0x00000002   PAD
    0x080025ac   0x00000024   Code   RO          185    i.USB_Cable_Config  hw_config.o
    0x080025d0   0x0000003c   Code   RO          505    i.USB_Init          usb_init.o
    0x0800260c   0x0000003c   Code   RO          186    i.USB_Interrupts_Config  hw_config.o
    0x08002648   0x000001cc   Code   RO          582    i.USB_Istr          usb_istr.o
    0x08002814   0x00000008   Code   RO         1227    i.USB_LP_CAN1_RX0_IRQHandler  stm32_it.o
    0x0800281c   0x00000024   Code   RO         1182    i.USB_SIL_Init      usb_sil.o
    0x08002840   0x00000004   Code   RO         1228    i.UsageFault_Handler  stm32_it.o
    0x08002844   0x00000038   Code   RO          613    i.UserToPMABufferCopy  usb_mem.o
    0x0800287c   0x00000064   Code   RO          642    i.Virtual_Com_Port_Data_Setup  usb_prop.o
    0x080028e0   0x00000014   Code   RO          643    i.Virtual_Com_Port_GetConfigDescriptor  usb_prop.o
    0x080028f4   0x00000014   Code   RO          644    i.Virtual_Com_Port_GetDeviceDescriptor  usb_prop.o
    0x08002908   0x0000001c   Code   RO          645    i.Virtual_Com_Port_GetLineCoding  usb_prop.o
    0x08002924   0x00000028   Code   RO          646    i.Virtual_Com_Port_GetStringDescriptor  usb_prop.o
    0x0800294c   0x00000016   Code   RO          647    i.Virtual_Com_Port_Get_Interface_Setting  usb_prop.o
    0x08002962   0x00000002   PAD
    0x08002964   0x00000028   Code   RO          648    i.Virtual_Com_Port_NoData_Setup  usb_prop.o
    0x0800298c   0x000000e8   Code   RO          649    i.Virtual_Com_Port_Reset  usb_prop.o
    0x08002a74   0x00000018   Code   RO          650    i.Virtual_Com_Port_SetConfiguration  usb_prop.o
    0x08002a8c   0x0000000c   Code   RO          651    i.Virtual_Com_Port_SetDeviceAddress  usb_prop.o
    0x08002a98   0x0000001c   Code   RO          652    i.Virtual_Com_Port_SetLineCoding  usb_prop.o
    0x08002ab4   0x00000014   Code   RO          653    i.Virtual_Com_Port_Status_In  usb_prop.o
    0x08002ac8   0x00000002   Code   RO          654    i.Virtual_Com_Port_Status_Out  usb_prop.o
    0x08002aca   0x00000002   PAD
    0x08002acc   0x00000028   Code   RO          655    i.Virtual_Com_Port_init  usb_prop.o
    0x08002af4   0x00000120   Code   RO            8    i.main              stm_usb.o
    0x08002c14   0x000000b1   Data   RO          443    .constdata          usb_desc.o
    0x08002cc5   0x00000003   PAD
    0x08002cc8   0x00000020   Data   RO         3597    Region$$Table       anon$$obj.o


    Execution Region ER_RW (Base: 0x20000000, Size: 0x00000144, Max: 0xffffffff, ABSOLUTE, COMPRESSED[0x00000080])

    Base Addr    Size         Type   Attr      Idx    E Section Name        Object

    0x20000000   0x00000014   Data   RW           10    .data               stm_usb.o
    0x20000014   0x00000010   Data   RW          188    .data               hw_config.o
    0x20000024   0x00000003   Data   RW          328    .data               usb_core.o
    0x20000027   0x0000001a   Data   RW          444    .data               usb_desc.o
    0x20000041   0x00000003   PAD
    0x20000044   0x00000004   Data   RW          470    .data               usb_endp.o
    0x20000048   0x00000014   Data   RW          507    .data               usb_init.o
    0x2000005c   0x00000004   Data   RW          542    .data               usb_int.o
    0x20000060   0x00000044   Data   RW          583    .data               usb_istr.o
    0x200000a4   0x00000094   Data   RW          656    .data               usb_prop.o
    0x20000138   0x0000000c   Data   RW          761    .data               usb_pwr.o


    Execution Region ER_ZI (Base: 0x20000144, Size: 0x0000079c, Max: 0xffffffff, ABSOLUTE)

    Base Addr    Size         Type   Attr      Idx    E Section Name        Object

    0x20000144   0x000000bf   Zero   RW            9    .bss                stm_usb.o
    0x20000203   0x00000040   Zero   RW          187    .bss                hw_config.o
    0x20000243   0x00000001   PAD
    0x20000244   0x0000001c   Zero   RW          506    .bss                usb_init.o
    0x20000260   0x00000020   Zero   RW          760    .bss                usb_pwr.o
    0x20000280   0x00000060   Zero   RW         3471    .bss                c_w.l(libspace.o)
    0x200002e0   0x00000200   Zero   RW         3347    HEAP                startup_stm32f10x_md.o
    0x200004e0   0x00000400   Zero   RW         3346    STACK               startup_stm32f10x_md.o


==============================================================================

Image component sizes


      Code (inc. data)   RO Data    RW Data    ZI Data      Debug   Object Name

       210         30          0          0          0       7259   dma_stm32f10x.o
       424         46          0         16         64       9847   hw_config.o
       132         22          0          0          0       1631   misc.o
        64         26        236          0       1536        804   startup_stm32f10x_md.o
        46          0          0          0          0       4494   stm32_it.o
       390         10          0          0          0       7813   stm32f10x_adc.o
        84          0          0          0          0       2937   stm32f10x_dma.o
       160         12          0          0          0       1589   stm32f10x_exti.o
       286          0          0          0          0       3156   stm32f10x_gpio.o
       552         90          0          0          0      11752   stm32f10x_rcc.o
       224         42          0          0          0       3105   stm32f10x_tim.o
       930         74          0         20        191     271122   stm_usb.o
       328         28          0          0          0       1925   system_stm32f10x.o
      3058        288          0          3          0      13747   usb_core.o
         0          0        177         26          0       1031   usb_desc.o
        60         16          0          4          0       1110   usb_endp.o
        60         24          0         20         28       3962   usb_init.o
       648         32          0          4          0       1636   usb_int.o
       460         38          0         68          0       1563   usb_istr.o
        96         10          0          0          0       1660   usb_mem.o
       628        102          0        148          0      11369   usb_prop.o
       568         58          0         12         32       3712   usb_pwr.o
       712        100          0          0          0       9171   usb_regs.o
        36          8          0          0          0        451   usb_sil.o

    ----------------------------------------------------------------------
     10198       1056        448        324       1852     376846   Object Totals
         0          0         32          0          0          0   (incl. Generated)
        42          0          3          3          1          0   (incl. Padding)

    ----------------------------------------------------------------------

      Code (inc. data)   RO Data    RW Data    ZI Data      Debug   Library Member Name

        90          0          0          0          0          0   __dczerorl2.o
         8          0          0          0          0         68   __main.o
       104          0          0          0          0         84   __printf.o
         0          0          0          0          0          0   __rtentry.o
        12          0          0          0          0          0   __rtentry2.o
         6          0          0          0          0          0   __rtentry4.o
        52          8          0          0          0          0   __scatter.o
        28          0          0          0          0          0   __scatter_zi.o
        48          6          0          0          0         96   _printf_char_common.o
         6          0          0          0          0          0   _printf_d.o
       120         16          0          0          0         92   _printf_dec.o
       178          0          0          0          0         88   _printf_intcommon.o
         0          0          0          0          0          0   _printf_percent.o
         4          0          0          0          0          0   _printf_percent_end.o
        10          0          0          0          0         68   _sputc.o
        18          0          0          0          0         80   exit.o
         6          0          0          0          0        152   heapauxi.o
         0          0          0          0          0          0   indicate_semi.o
         2          0          0          0          0          0   libinit.o
         2          0          0          0          0          0   libinit2.o
         2          0          0          0          0          0   libshutdown.o
         2          0          0          0          0          0   libshutdown2.o
         8          4          0          0         96         68   libspace.o
        40          6          0          0          0         84   noretval__2sprintf.o
         2          0          0          0          0          0   rtexit.o
        10          0          0          0          0          0   rtexit2.o
        12          4          0          0          0         68   sys_exit.o
        74          0          0          0          0         80   sys_stackheap_outer.o
         2          0          0          0          0         68   use_no_semi.o

    ----------------------------------------------------------------------
       850         44          0          0         96       1096   Library Totals
         4          0          0          0          0          0   (incl. Padding)

    ----------------------------------------------------------------------

      Code (inc. data)   RO Data    RW Data    ZI Data      Debug   Library Name

       846         44          0          0         96       1096   c_w.l

    ----------------------------------------------------------------------
       850         44          0          0         96       1096   Library Totals

    ----------------------------------------------------------------------

==============================================================================


      Code (inc. data)   RO Data    RW Data    ZI Data      Debug   

     11048       1100        448        324       1948     370346   Grand Totals
     11048       1100        448        128       1948     370346   ELF Image Totals (compressed)
     11048       1100        448        128          0          0   ROM Totals

==============================================================================

    Total RO  Size (Code + RO Data)                11496 (  11.23kB)
    Total RW  Size (RW Data + ZI Data)              2272 (   2.22kB)
    Total ROM Size (Code + RO Data + RW Data)      11624 (  11.35kB)

==============================================================================

