Component: ARM Compiler 5.06 update 6 (build 750) Tool: armlink [4d35ed]

==============================================================================

Section Cross References

    stm32f4xx_hal_msp.o(i.HAL_ADC_MspDeInit) refers to stm32f4xx_hal_gpio.o(i.HAL_GPIO_DeInit) for HAL_GPIO_DeInit
    stm32f4xx_hal_msp.o(i.HAL_ADC_MspInit) refers to stm32f4xx_hal_gpio.o(i.HAL_GPIO_Init) for HAL_GPIO_Init
    stm32f4xx_hal_msp.o(i.HAL_MspInit) refers to stm32f4xx_hal_cortex.o(i.HAL_NVIC_SetPriorityGrouping) for HAL_NVIC_SetPriorityGrouping
    stm32f4xx_hal_msp.o(i.HAL_MspInit) refers to stm32f4xx_hal_cortex.o(i.HAL_NVIC_SetPriority) for HAL_NVIC_SetPriority
    stm32f4xx_hal_msp.o(i.HAL_TIM_Base_MspDeInit) refers to stm32f4xx_hal_cortex.o(i.HAL_NVIC_DisableIRQ) for HAL_NVIC_DisableIRQ
    stm32f4xx_hal_msp.o(i.HAL_TIM_Base_MspInit) refers to stm32f4xx_hal_cortex.o(i.HAL_NVIC_SetPriority) for HAL_NVIC_SetPriority
    stm32f4xx_hal_msp.o(i.HAL_TIM_Base_MspInit) refers to stm32f4xx_hal_cortex.o(i.HAL_NVIC_EnableIRQ) for HAL_NVIC_EnableIRQ
    main.o(i.MX_ADC1_Init) refers to stm32f4xx_hal_adc.o(i.HAL_ADC_Init) for HAL_ADC_Init
    main.o(i.MX_ADC1_Init) refers to stm32f4xx_hal_adc.o(i.HAL_ADC_ConfigChannel) for HAL_ADC_ConfigChannel
    main.o(i.MX_ADC1_Init) refers to main.o(.bss) for .bss
    main.o(i.MX_GPIO_Init) refers to stm32f4xx_hal_gpio.o(i.HAL_GPIO_Init) for HAL_GPIO_Init
    main.o(i.MX_TIM2_Init) refers to stm32f4xx_hal_cortex.o(i.HAL_NVIC_SetPriorityGrouping) for HAL_NVIC_SetPriorityGrouping
    main.o(i.MX_TIM2_Init) refers to stm32f4xx_hal_cortex.o(i.HAL_NVIC_SetPriority) for HAL_NVIC_SetPriority
    main.o(i.MX_TIM2_Init) refers to stm32f4xx_hal_cortex.o(i.HAL_NVIC_EnableIRQ) for HAL_NVIC_EnableIRQ
    main.o(i.MX_TIM2_Init) refers to stm32f4xx_hal_tim.o(i.HAL_TIM_Base_Init) for HAL_TIM_Base_Init
    main.o(i.MX_TIM2_Init) refers to stm32f4xx_hal_tim.o(i.HAL_TIM_ConfigClockSource) for HAL_TIM_ConfigClockSource
    main.o(i.MX_TIM2_Init) refers to stm32f4xx_hal_tim_ex.o(i.HAL_TIMEx_MasterConfigSynchronization) for HAL_TIMEx_MasterConfigSynchronization
    main.o(i.MX_TIM2_Init) refers to main.o(.bss) for .bss
    main.o(i.SystemClock_Config) refers to stm32f4xx_hal_rcc.o(i.HAL_RCC_OscConfig) for HAL_RCC_OscConfig
    main.o(i.SystemClock_Config) refers to stm32f4xx_hal_rcc.o(i.HAL_RCC_ClockConfig) for HAL_RCC_ClockConfig
    main.o(i.SystemClock_Config) refers to stm32f4xx_hal_rcc.o(i.HAL_RCC_GetHCLKFreq) for HAL_RCC_GetHCLKFreq
    main.o(i.SystemClock_Config) refers to stm32f4xx_hal_cortex.o(i.HAL_SYSTICK_Config) for HAL_SYSTICK_Config
    main.o(i.SystemClock_Config) refers to stm32f4xx_hal_cortex.o(i.HAL_SYSTICK_CLKSourceConfig) for HAL_SYSTICK_CLKSourceConfig
    main.o(i.SystemClock_Config) refers to stm32f4xx_hal_cortex.o(i.HAL_NVIC_SetPriority) for HAL_NVIC_SetPriority
    main.o(i.main) refers to printfb.o(i.__0sprintf$bare) for __2sprintf
    main.o(i.main) refers to stm32f4xx_hal.o(i.HAL_Init) for HAL_Init
    main.o(i.main) refers to main.o(i.SystemClock_Config) for SystemClock_Config
    main.o(i.main) refers to main.o(i.MX_GPIO_Init) for MX_GPIO_Init
    main.o(i.main) refers to usb_device.o(i.MX_USB_DEVICE_Init) for MX_USB_DEVICE_Init
    main.o(i.main) refers to main.o(i.MX_TIM2_Init) for MX_TIM2_Init
    main.o(i.main) refers to main.o(i.MX_ADC1_Init) for MX_ADC1_Init
    main.o(i.main) refers to strlen.o(.text) for strlen
    main.o(i.main) refers to usbd_cdc_if.o(i.CDC_Transmit_FS) for CDC_Transmit_FS
    main.o(i.main) refers to stm32f4xx_hal.o(i.HAL_Delay) for HAL_Delay
    main.o(i.main) refers to stm32f4xx_hal_gpio.o(i.HAL_GPIO_TogglePin) for HAL_GPIO_TogglePin
    stm32f4xx_it.o(i.OTG_FS_IRQHandler) refers to stm32f4xx_hal_pcd.o(i.HAL_PCD_IRQHandler) for HAL_PCD_IRQHandler
    stm32f4xx_it.o(i.OTG_FS_IRQHandler) refers to usbd_conf.o(.bss) for hpcd_USB_OTG_FS
    stm32f4xx_it.o(i.SysTick_Handler) refers to stm32f4xx_hal.o(i.HAL_IncTick) for HAL_IncTick
    stm32f4xx_it.o(i.SysTick_Handler) refers to stm32f4xx_hal_cortex.o(i.HAL_SYSTICK_IRQHandler) for HAL_SYSTICK_IRQHandler
    stm32f4xx_it.o(i.TIM2_IRQHandler) refers to stm32f4xx_hal_tim.o(i.HAL_TIM_IRQHandler) for HAL_TIM_IRQHandler
    stm32f4xx_it.o(i.TIM2_IRQHandler) refers to main.o(.bss) for htim2
    stm32f4xx_it.o(i.TIM3_IRQHandler) refers to stm32f4xx_hal_tim.o(i.HAL_TIM_IRQHandler) for HAL_TIM_IRQHandler
    stm32f4xx_it.o(i.TIM3_IRQHandler) refers to main.o(.bss) for htim3
    usbd_conf.o(i.HAL_PCD_ConnectCallback) refers to usbd_core.o(i.USBD_LL_DevConnected) for USBD_LL_DevConnected
    usbd_conf.o(i.HAL_PCD_DataInStageCallback) refers to usbd_core.o(i.USBD_LL_DataInStage) for USBD_LL_DataInStage
    usbd_conf.o(i.HAL_PCD_DataOutStageCallback) refers to usbd_core.o(i.USBD_LL_DataOutStage) for USBD_LL_DataOutStage
    usbd_conf.o(i.HAL_PCD_DisconnectCallback) refers to usbd_core.o(i.USBD_LL_DevDisconnected) for USBD_LL_DevDisconnected
[...]
    ..\Drivers\STM32F4xx_HAL_Driver\Src\stm32f4xx_hal_rcc_ex.c 0x00000000   Number         0  stm32f4xx_hal_rcc_ex.o ABSOLUTE
    ..\Drivers\STM32F4xx_HAL_Driver\Src\stm32f4xx_hal_tim.c 0x00000000   Number         0  stm32f4xx_hal_tim.o ABSOLUTE
    ..\Drivers\STM32F4xx_HAL_Driver\Src\stm32f4xx_hal_tim_ex.c 0x00000000   Number         0  stm32f4xx_hal_tim_ex.o ABSOLUTE
    ..\Drivers\STM32F4xx_HAL_Driver\Src\stm32f4xx_ll_usb.c 0x00000000   Number         0  stm32f4xx_ll_usb.o ABSOLUTE
    ..\Middlewares\ST\STM32_USB_Device_Library\Class\CDC\Src\usbd_cdc.c 0x00000000   Number         0  usbd_cdc.o ABSOLUTE
    ..\Middlewares\ST\STM32_USB_Device_Library\Core\Src\usbd_core.c 0x00000000   Number         0  usbd_core.o ABSOLUTE
    ..\Middlewares\ST\STM32_USB_Device_Library\Core\Src\usbd_ctlreq.c 0x00000000   Number         0  usbd_ctlreq.o ABSOLUTE
    ..\Middlewares\ST\STM32_USB_Device_Library\Core\Src\usbd_ioreq.c 0x00000000   Number         0  usbd_ioreq.o ABSOLUTE
    ..\Src\main.c                            0x00000000   Number         0  main.o ABSOLUTE
    ..\Src\stm32f4xx_hal_msp.c               0x00000000   Number         0  stm32f4xx_hal_msp.o ABSOLUTE
    ..\Src\stm32f4xx_it.c                    0x00000000   Number         0  stm32f4xx_it.o ABSOLUTE
    ..\Src\system_stm32f4xx.c                0x00000000   Number         0  system_stm32f4xx.o ABSOLUTE
    ..\Src\usb_device.c                      0x00000000   Number         0  usb_device.o ABSOLUTE
    ..\Src\usbd_cdc_if.c                     0x00000000   Number         0  usbd_cdc_if.o ABSOLUTE
    ..\Src\usbd_conf.c                       0x00000000   Number         0  usbd_conf.o ABSOLUTE
    ..\Src\usbd_desc.c                       0x00000000   Number         0  usbd_desc.o ABSOLUTE
    cdrcmple.s                               0x00000000   Number         0  cdrcmple.o ABSOLUTE
    dc.s                                     0x00000000   Number         0  dc.o ABSOLUTE
    handlers.s                               0x00000000   Number         0  handlers.o ABSOLUTE
    init.s                                   0x00000000   Number         0  init.o ABSOLUTE
    startup_stm32f407xx.s                    0x00000000   Number         0  startup_stm32f407xx.o ABSOLUTE
    RESET                                    0x08000000   Section      392  startup_stm32f407xx.o(RESET)
    .ARM.Collect$$$$00000000                 0x08000188   Section        0  entry.o(.ARM.Collect$$$$00000000)
    .ARM.Collect$$$$00000001                 0x08000188   Section        4  entry2.o(.ARM.Collect$$$$00000001)
    .ARM.Collect$$$$00000004                 0x0800018c   Section        4  entry5.o(.ARM.Collect$$$$00000004)
    .ARM.Collect$$$$00000008                 0x08000190   Section        0  entry7b.o(.ARM.Collect$$$$00000008)
    .ARM.Collect$$$$0000000A                 0x08000190   Section        0  entry8b.o(.ARM.Collect$$$$0000000A)
    .ARM.Collect$$$$0000000B                 0x08000190   Section        8  entry9a.o(.ARM.Collect$$$$0000000B)
    .ARM.Collect$$$$0000000D                 0x08000198   Section        0  entry10a.o(.ARM.Collect$$$$0000000D)
    .ARM.Collect$$$$0000000F                 0x08000198   Section        0  entry11a.o(.ARM.Collect$$$$0000000F)
    .ARM.Collect$$$$00002712                 0x08000198   Section        4  entry2.o(.ARM.Collect$$$$00002712)
    __lit__00000000                          0x08000198   Data           4  entry2.o(.ARM.Collect$$$$00002712)
    .text                                    0x0800019c   Section       36  startup_stm32f407xx.o(.text)
    $v0                                      0x0800019c   Number         0  startup_stm32f407xx.o(.text)
    .text                                    0x080001c0   Section        0  memcpya.o(.text)
    .text                                    0x080001e4   Section        0  strlen.o(.text)
    .text                                    0x080001f4   Section       36  init.o(.text)
    .text                                    0x08000218   Section        0  __dczerorl2.o(.text)
    i.ADC_Init                               0x08000270   Section        0  stm32f4xx_hal_adc.o(i.ADC_Init)
    ADC_Init                                 0x08000271   Thumb Code   292  stm32f4xx_hal_adc.o(i.ADC_Init)
    i.BusFault_Handler                       0x0800039c   Section        0  stm32f4xx_it.o(i.BusFault_Handler)
    i.CDC_Control_FS                         0x0800039e   Section        0  usbd_cdc_if.o(i.CDC_Control_FS)
    CDC_Control_FS                           0x0800039f   Thumb Code     4  usbd_cdc_if.o(i.CDC_Control_FS)
    i.CDC_DeInit_FS                          0x080003a2   Section        0  usbd_cdc_if.o(i.CDC_DeInit_FS)
    CDC_DeInit_FS                            0x080003a3   Thumb Code     4  usbd_cdc_if.o(i.CDC_DeInit_FS)
    i.CDC_Init_FS                            0x080003a8   Section        0  usbd_cdc_if.o(i.CDC_Init_FS)
    CDC_Init_FS                              0x080003a9   Thumb Code    24  usbd_cdc_if.o(i.CDC_Init_FS)
    i.CDC_Receive_FS                         0x080003cc   Section        0  usbd_cdc_if.o(i.CDC_Receive_FS)
    CDC_Receive_FS                           0x080003cd   Thumb Code    20  usbd_cdc_if.o(i.CDC_Receive_FS)
    i.CDC_Transmit_FS                        0x080003e4   Section        0  usbd_cdc_if.o(i.CDC_Transmit_FS)
    i.DebugMon_Handler                       0x08000410   Section        0  stm32f4xx_it.o(i.DebugMon_Handler)
    i.HAL_ADC_ConfigChannel                  0x08000414   Section        0  stm32f4xx_hal_adc.o(i.HAL_ADC_ConfigChannel)
    i.HAL_ADC_Init                           0x08000560   Section        0  stm32f4xx_hal_adc.o(i.HAL_ADC_Init)
    i.HAL_ADC_MspInit                        0x080005b4   Section        0  stm32f4xx_hal_msp.o(i.HAL_ADC_MspInit)
    i.HAL_Delay                              0x080005f8   Section        0  stm32f4xx_hal.o(i.HAL_Delay)
    i.HAL_GPIO_Init                          0x08000614   Section        0  stm32f4xx_hal_gpio.o(i.HAL_GPIO_Init)
    i.HAL_GPIO_TogglePin                     0x080007c4   Section        0  stm32f4xx_hal_gpio.o(i.HAL_GPIO_TogglePin)
    i.HAL_GetTick                            0x080007cc   Section        0  stm32f4xx_hal.o(i.HAL_GetTick)
    i.HAL_IncTick                            0x080007d8   Section        0  stm32f4xx_hal.o(i.HAL_IncTick)
    i.HAL_Init                               0x080007e8   Section        0  stm32f4xx_hal.o(i.HAL_Init)
    i.HAL_InitTick                           0x0800081c   Section        0  stm32f4xx_hal.o(i.HAL_InitTick)
    i.HAL_MspInit                            0x08000844   Section        0  stm32f4xx_hal_msp.o(i.HAL_MspInit)
    i.HAL_NVIC_EnableIRQ                     0x0800089c   Section        0  stm32f4xx_hal_cortex.o(i.HAL_NVIC_EnableIRQ)
    i.HAL_NVIC_SetPriority                   0x080008b4   Section        0  stm32f4xx_hal_cortex.o(i.HAL_NVIC_SetPriority)
    i.HAL_NVIC_SetPriorityGrouping           0x080008f4   Section        0  stm32f4xx_hal_cortex.o(i.HAL_NVIC_SetPriorityGrouping)
    i.HAL_PCDEx_SetRxFiFo                    0x08000918   Section        0  stm32f4xx_hal_pcd_ex.o(i.HAL_PCDEx_SetRxFiFo)
    i.HAL_PCDEx_SetTxFiFo                    0x08000920   Section        0  stm32f4xx_hal_pcd_ex.o(i.HAL_PCDEx_SetTxFiFo)
    i.HAL_PCD_ConnectCallback                0x08000964   Section        0  usbd_conf.o(i.HAL_PCD_ConnectCallback)
    i.HAL_PCD_DataInStageCallback            0x0800096c   Section        0  usbd_conf.o(i.HAL_PCD_DataInStageCallback)
    i.HAL_PCD_DataOutStageCallback           0x0800097e   Section        0  usbd_conf.o(i.HAL_PCD_DataOutStageCallback)
    i.HAL_PCD_DisconnectCallback             0x08000992   Section        0  usbd_conf.o(i.HAL_PCD_DisconnectCallback)
    i.HAL_PCD_EP_Close                       0x0800099a   Section        0  stm32f4xx_hal_pcd.o(i.HAL_PCD_EP_Close)
    i.HAL_PCD_EP_ClrStall                    0x080009de   Section        0  stm32f4xx_hal_pcd.o(i.HAL_PCD_EP_ClrStall)
    i.HAL_PCD_EP_GetRxCount                  0x08000a2e   Section        0  stm32f4xx_hal_pcd.o(i.HAL_PCD_EP_GetRxCount)
    i.HAL_PCD_EP_Open                        0x08000a42   Section        0  stm32f4xx_hal_pcd.o(i.HAL_PCD_EP_Open)
    i.HAL_PCD_EP_Receive                     0x08000a96   Section        0  stm32f4xx_hal_pcd.o(i.HAL_PCD_EP_Receive)
    i.HAL_PCD_EP_SetStall                    0x08000ade   Section        0  stm32f4xx_hal_pcd.o(i.HAL_PCD_EP_SetStall)
    i.HAL_PCD_EP_Transmit                    0x08000b3e   Section        0  stm32f4xx_hal_pcd.o(i.HAL_PCD_EP_Transmit)
    i.HAL_PCD_IRQHandler                     0x08000b80   Section        0  stm32f4xx_hal_pcd.o(i.HAL_PCD_IRQHandler)
    i.HAL_PCD_ISOINIncompleteCallback        0x08001074   Section        0  usbd_conf.o(i.HAL_PCD_ISOINIncompleteCallback)
    i.HAL_PCD_ISOOUTIncompleteCallback       0x0800107c   Section        0  usbd_conf.o(i.HAL_PCD_ISOOUTIncompleteCallback)
    i.HAL_PCD_Init                           0x08001084   Section        0  stm32f4xx_hal_pcd.o(i.HAL_PCD_Init)
    i.HAL_PCD_MspInit                        0x08001144   Section        0  usbd_conf.o(i.HAL_PCD_MspInit)
    i.HAL_PCD_ResetCallback                  0x080011bc   Section        0  usbd_conf.o(i.HAL_PCD_ResetCallback)
    i.HAL_PCD_ResumeCallback                 0x080011dc   Section        0  usbd_conf.o(i.HAL_PCD_ResumeCallback)
    i.HAL_PCD_SOFCallback                    0x080011e4   Section        0  usbd_conf.o(i.HAL_PCD_SOFCallback)
    i.HAL_PCD_SetAddress                     0x080011ec   Section        0  stm32f4xx_hal_pcd.o(i.HAL_PCD_SetAddress)
    i.HAL_PCD_SetupStageCallback             0x08001210   Section        0  usbd_conf.o(i.HAL_PCD_SetupStageCallback)
    i.HAL_PCD_Start                          0x0800121e   Section        0  stm32f4xx_hal_pcd.o(i.HAL_PCD_Start)
    i.HAL_PCD_SuspendCallback                0x08001248   Section        0  usbd_conf.o(i.HAL_PCD_SuspendCallback)
    i.HAL_RCC_ClockConfig                    0x08001278   Section        0  stm32f4xx_hal_rcc.o(i.HAL_RCC_ClockConfig)
    i.HAL_RCC_GetHCLKFreq                    0x080013f4   Section        0  stm32f4xx_hal_rcc.o(i.HAL_RCC_GetHCLKFreq)
    i.HAL_RCC_GetSysClockFreq                0x08001400   Section        0  stm32f4xx_hal_rcc.o(i.HAL_RCC_GetSysClockFreq)
    i.HAL_RCC_OscConfig                      0x08001470   Section        0  stm32f4xx_hal_rcc.o(i.HAL_RCC_OscConfig)
    i.HAL_SYSTICK_CLKSourceConfig            0x08001784   Section        0  stm32f4xx_hal_cortex.o(i.HAL_SYSTICK_CLKSourceConfig)
    i.HAL_SYSTICK_Callback                   0x0800179c   Section        0  stm32f4xx_hal_cortex.o(i.HAL_SYSTICK_Callback)
    i.HAL_SYSTICK_Config                     0x0800179e   Section        0  stm32f4xx_hal_cortex.o(i.HAL_SYSTICK_Config)
    i.HAL_SYSTICK_IRQHandler                 0x080017c6   Section        0  stm32f4xx_hal_cortex.o(i.HAL_SYSTICK_IRQHandler)
    i.HAL_TIMEx_BreakCallback                0x080017ce   Section        0  stm32f4xx_hal_tim_ex.o(i.HAL_TIMEx_BreakCallback)
    i.HAL_TIMEx_CommutationCallback          0x080017d0   Section        0  stm32f4xx_hal_tim_ex.o(i.HAL_TIMEx_CommutationCallback)
    i.HAL_TIMEx_MasterConfigSynchronization  0x080017d2   Section        0  stm32f4xx_hal_tim_ex.o(i.HAL_TIMEx_MasterConfigSynchronization)
    i.HAL_TIM_Base_Init                      0x08001822   Section        0  stm32f4xx_hal_tim.o(i.HAL_TIM_Base_Init)
    i.HAL_TIM_Base_MspInit                   0x08001858   Section        0  stm32f4xx_hal_msp.o(i.HAL_TIM_Base_MspInit)
    i.HAL_TIM_ConfigClockSource              0x080018b8   Section        0  stm32f4xx_hal_tim.o(i.HAL_TIM_ConfigClockSource)
    i.HAL_TIM_IC_CaptureCallback             0x080019aa   Section        0  stm32f4xx_hal_tim.o(i.HAL_TIM_IC_CaptureCallback)
    i.HAL_TIM_IRQHandler                     0x080019ac   Section        0  stm32f4xx_hal_tim.o(i.HAL_TIM_IRQHandler)
    i.HAL_TIM_OC_DelayElapsedCallback        0x08001b12   Section        0  stm32f4xx_hal_tim.o(i.HAL_TIM_OC_DelayElapsedCallback)
    i.HAL_TIM_PWM_PulseFinishedCallback      0x08001b14   Section        0  stm32f4xx_hal_tim.o(i.HAL_TIM_PWM_PulseFinishedCallback)
    i.HAL_TIM_PeriodElapsedCallback          0x08001b16   Section        0  stm32f4xx_hal_tim.o(i.HAL_TIM_PeriodElapsedCallback)
    i.HAL_TIM_TriggerCallback                0x08001b18   Section        0  stm32f4xx_hal_tim.o(i.HAL_TIM_TriggerCallback)
    i.HardFault_Handler                      0x08001b1a   Section        0  stm32f4xx_it.o(i.HardFault_Handler)
    i.MX_ADC1_Init                           0x08001b1c   Section        0  main.o(i.MX_ADC1_Init)
    MX_ADC1_Init                             0x08001b1d   Thumb Code    76  main.o(i.MX_ADC1_Init)
    i.MX_GPIO_Init                           0x08001b70   Section        0  main.o(i.MX_GPIO_Init)
    MX_GPIO_Init                             0x08001b71   Thumb Code    98  main.o(i.MX_GPIO_Init)
    i.MX_TIM2_Init                           0x08001bdc   Section        0  main.o(i.MX_TIM2_Init)
    MX_TIM2_Init                             0x08001bdd   Thumb Code    98  main.o(i.MX_TIM2_Init)
    i.MX_USB_DEVICE_Init                     0x08001c44   Section        0  usb_device.o(i.MX_USB_DEVICE_Init)
    i.MemManage_Handler                      0x08001c7c   Section        0  stm32f4xx_it.o(i.MemManage_Handler)
    i.NMI_Handler                            0x08001c7e   Section        0  stm32f4xx_it.o(i.NMI_Handler)
    i.NVIC_SetPriority                       0x08001c80   Section        0  stm32f4xx_hal_cortex.o(i.NVIC_SetPriority)
    NVIC_SetPriority                         0x08001c81   Thumb Code    32  stm32f4xx_hal_cortex.o(i.NVIC_SetPriority)
    i.OTG_FS_IRQHandler                      0x08001ca0   Section        0  stm32f4xx_it.o(i.OTG_FS_IRQHandler)
    i.PCD_WriteEmptyTxFifo                   0x08001cac   Section        0  stm32f4xx_hal_pcd.o(i.PCD_WriteEmptyTxFifo)
    PCD_WriteEmptyTxFifo                     0x08001cad   Thumb Code   136  stm32f4xx_hal_pcd.o(i.PCD_WriteEmptyTxFifo)
    i.PendSV_Handler                         0x08001d34   Section        0  stm32f4xx_it.o(i.PendSV_Handler)
    i.SVC_Handler                            0x08001d36   Section        0  stm32f4xx_it.o(i.SVC_Handler)
    i.SysTick_Handler                        0x08001d38   Section        0  stm32f4xx_it.o(i.SysTick_Handler)
    i.SystemClock_Config                     0x08001d48   Section        0  main.o(i.SystemClock_Config)
    i.SystemInit                             0x08001de8   Section        0  system_stm32f4xx.o(i.SystemInit)
    i.TIM2_IRQHandler                        0x08001e3c   Section        0  stm32f4xx_it.o(i.TIM2_IRQHandler)
    i.TIM3_IRQHandler                        0x08001e58   Section        0  stm32f4xx_it.o(i.TIM3_IRQHandler)
    i.TIM_Base_SetConfig                     0x08001e74   Section        0  stm32f4xx_hal_tim.o(i.TIM_Base_SetConfig)
    i.TIM_ETR_SetConfig                      0x08001f34   Section        0  stm32f4xx_hal_tim.o(i.TIM_ETR_SetConfig)
    TIM_ETR_SetConfig                        0x08001f35   Thumb Code    20  stm32f4xx_hal_tim.o(i.TIM_ETR_SetConfig)
    i.TIM_ITRx_SetConfig                     0x08001f48   Section        0  stm32f4xx_hal_tim.o(i.TIM_ITRx_SetConfig)
    TIM_ITRx_SetConfig                       0x08001f49   Thumb Code    16  stm32f4xx_hal_tim.o(i.TIM_ITRx_SetConfig)
    i.TIM_TI1_ConfigInputStage               0x08001f58   Section        0  stm32f4xx_hal_tim.o(i.TIM_TI1_ConfigInputStage)
    TIM_TI1_ConfigInputStage                 0x08001f59   Thumb Code    34  stm32f4xx_hal_tim.o(i.TIM_TI1_ConfigInputStage)
    i.TIM_TI2_ConfigInputStage               0x08001f7a   Section        0  stm32f4xx_hal_tim.o(i.TIM_TI2_ConfigInputStage)
    TIM_TI2_ConfigInputStage                 0x08001f7b   Thumb Code    36  stm32f4xx_hal_tim.o(i.TIM_TI2_ConfigInputStage)
    i.USBD_CDC_DataIn                        0x08001f9e   Section        0  usbd_cdc.o(i.USBD_CDC_DataIn)
    USBD_CDC_DataIn                          0x08001f9f   Thumb Code    20  usbd_cdc.o(i.USBD_CDC_DataIn)
    i.USBD_CDC_DataOut                       0x08001fb2   Section        0  usbd_cdc.o(i.USBD_CDC_DataOut)
    USBD_CDC_DataOut                         0x08001fb3   Thumb Code    46  usbd_cdc.o(i.USBD_CDC_DataOut)
    i.USBD_CDC_DeInit                        0x08001fe0   Section        0  usbd_cdc.o(i.USBD_CDC_DeInit)
    USBD_CDC_DeInit                          0x08001fe1   Thumb Code    60  usbd_cdc.o(i.USBD_CDC_DeInit)
    i.USBD_CDC_EP0_RxReady                   0x0800201c   Section        0  usbd_cdc.o(i.USBD_CDC_EP0_RxReady)
    USBD_CDC_EP0_RxReady                     0x0800201d   Thumb Code    36  usbd_cdc.o(i.USBD_CDC_EP0_RxReady)
    i.USBD_CDC_GetDeviceQualifierDescriptor  0x08002040   Section        0  usbd_cdc.o(i.USBD_CDC_GetDeviceQualifierDescriptor)
    i.USBD_CDC_GetFSCfgDesc                  0x0800204c   Section        0  usbd_cdc.o(i.USBD_CDC_GetFSCfgDesc)
    USBD_CDC_GetFSCfgDesc                    0x0800204d   Thumb Code     8  usbd_cdc.o(i.USBD_CDC_GetFSCfgDesc)
    i.USBD_CDC_GetHSCfgDesc                  0x08002058   Section        0  usbd_cdc.o(i.USBD_CDC_GetHSCfgDesc)
    USBD_CDC_GetHSCfgDesc                    0x08002059   Thumb Code     8  usbd_cdc.o(i.USBD_CDC_GetHSCfgDesc)
    i.USBD_CDC_GetOtherSpeedCfgDesc          0x08002064   Section        0  usbd_cdc.o(i.USBD_CDC_GetOtherSpeedCfgDesc)
    USBD_CDC_GetOtherSpeedCfgDesc            0x08002065   Thumb Code     8  usbd_cdc.o(i.USBD_CDC_GetOtherSpeedCfgDesc)
    i.USBD_CDC_Init                          0x08002070   Section        0  usbd_cdc.o(i.USBD_CDC_Init)
    USBD_CDC_Init                            0x08002071   Thumb Code   136  usbd_cdc.o(i.USBD_CDC_Init)
    i.USBD_CDC_ReceivePacket                 0x080020f8   Section        0  usbd_cdc.o(i.USBD_CDC_ReceivePacket)
    i.USBD_CDC_RegisterInterface             0x08002120   Section        0  usbd_cdc.o(i.USBD_CDC_RegisterInterface)
    i.USBD_CDC_SetRxBuffer                   0x08002130   Section        0  usbd_cdc.o(i.USBD_CDC_SetRxBuffer)
    i.USBD_CDC_SetTxBuffer                   0x0800213c   Section        0  usbd_cdc.o(i.USBD_CDC_SetTxBuffer)
    i.USBD_CDC_Setup                         0x0800214c   Section        0  usbd_cdc.o(i.USBD_CDC_Setup)
    USBD_CDC_Setup                           0x0800214d   Thumb Code   106  usbd_cdc.o(i.USBD_CDC_Setup)
    i.USBD_CDC_TransmitPacket                0x080021bc   Section        0  usbd_cdc.o(i.USBD_CDC_TransmitPacket)
    i.USBD_ClrClassConfig                    0x080021ec   Section        0  usbd_core.o(i.USBD_ClrClassConfig)
    i.USBD_CtlContinueRx                     0x080021fa   Section        0  usbd_ioreq.o(i.USBD_CtlContinueRx)
    i.USBD_CtlContinueSendData               0x0800220a   Section        0  usbd_ioreq.o(i.USBD_CtlContinueSendData)
    i.USBD_CtlError                          0x0800221a   Section        0  usbd_ctlreq.o(i.USBD_CtlError)
    i.USBD_CtlPrepareRx                      0x08002230   Section        0  usbd_ioreq.o(i.USBD_CtlPrepareRx)
    i.USBD_CtlReceiveStatus                  0x0800224e   Section        0  usbd_ioreq.o(i.USBD_CtlReceiveStatus)
    i.USBD_CtlSendData                       0x08002264   Section        0  usbd_ioreq.o(i.USBD_CtlSendData)
    i.USBD_CtlSendStatus                     0x0800227e   Section        0  usbd_ioreq.o(i.USBD_CtlSendStatus)
    i.USBD_FS_ConfigStrDescriptor            0x08002294   Section        0  usbd_desc.o(i.USBD_FS_ConfigStrDescriptor)
    i.USBD_FS_DeviceDescriptor               0x080022b4   Section        0  usbd_desc.o(i.USBD_FS_DeviceDescriptor)
    i.USBD_FS_InterfaceStrDescriptor         0x080022c0   Section        0  usbd_desc.o(i.USBD_FS_InterfaceStrDescriptor)
    i.USBD_FS_LangIDStrDescriptor            0x080022e4   Section        0  usbd_desc.o(i.USBD_FS_LangIDStrDescriptor)
    i.USBD_FS_ManufacturerStrDescriptor      0x080022f0   Section        0  usbd_desc.o(i.USBD_FS_ManufacturerStrDescriptor)
    i.USBD_FS_ProductStrDescriptor           0x08002318   Section        0  usbd_desc.o(i.USBD_FS_ProductStrDescriptor)
    i.USBD_FS_SerialStrDescriptor            0x08002344   Section        0  usbd_desc.o(i.USBD_FS_SerialStrDescriptor)
    i.USBD_GetDescriptor                     0x08002368   Section        0  usbd_ctlreq.o(i.USBD_GetDescriptor)
    USBD_GetDescriptor                       0x08002369   Thumb Code   224  usbd_ctlreq.o(i.USBD_GetDescriptor)
    i.USBD_GetString                         0x08002448   Section        0  usbd_ctlreq.o(i.USBD_GetString)
    i.USBD_Init                              0x0800248e   Section        0  usbd_core.o(i.USBD_Init)
    i.USBD_LL_ClearStallEP                   0x080024b8   Section        0  usbd_conf.o(i.USBD_LL_ClearStallEP)
    i.USBD_LL_CloseEP                        0x080024d8   Section        0  usbd_conf.o(i.USBD_LL_CloseEP)
    i.USBD_LL_DataInStage                    0x080024f8   Section        0  usbd_core.o(i.USBD_LL_DataInStage)
    i.USBD_LL_DataOutStage                   0x080025a2   Section        0  usbd_core.o(i.USBD_LL_DataOutStage)
    i.USBD_LL_DevConnected                   0x0800260c   Section        0  usbd_core.o(i.USBD_LL_DevConnected)
    i.USBD_LL_DevDisconnected                0x08002610   Section        0  usbd_core.o(i.USBD_LL_DevDisconnected)
    i.USBD_LL_GetRxDataSize                  0x08002626   Section        0  usbd_conf.o(i.USBD_LL_GetRxDataSize)
    i.USBD_LL_Init                           0x08002630   Section        0  usbd_conf.o(i.USBD_LL_Init)
    i.USBD_LL_IsStallEP                      0x080026ac   Section        0  usbd_conf.o(i.USBD_LL_IsStallEP)
    i.USBD_LL_IsoINIncomplete                0x080026cc   Section        0  usbd_core.o(i.USBD_LL_IsoINIncomplete)
    i.USBD_LL_IsoOUTIncomplete               0x080026d0   Section        0  usbd_core.o(i.USBD_LL_IsoOUTIncomplete)
    i.USBD_LL_OpenEP                         0x080026d4   Section        0  usbd_conf.o(i.USBD_LL_OpenEP)
    i.USBD_LL_PrepareReceive                 0x080026fa   Section        0  usbd_conf.o(i.USBD_LL_PrepareReceive)
    i.USBD_LL_Reset                          0x0800271a   Section        0  usbd_core.o(i.USBD_LL_Reset)
    i.USBD_LL_Resume                         0x08002758   Section        0  usbd_core.o(i.USBD_LL_Resume)
    i.USBD_LL_SOF                            0x08002764   Section        0  usbd_core.o(i.USBD_LL_SOF)
    i.USBD_LL_SetSpeed                       0x0800277c   Section        0  usbd_core.o(i.USBD_LL_SetSpeed)
    i.USBD_LL_SetUSBAddress                  0x08002782   Section        0  usbd_conf.o(i.USBD_LL_SetUSBAddress)
    i.USBD_LL_SetupStage                     0x080027a2   Section        0  usbd_core.o(i.USBD_LL_SetupStage)
    i.USBD_LL_StallEP                        0x080027fc   Section        0  usbd_conf.o(i.USBD_LL_StallEP)
    i.USBD_LL_Start                          0x0800281c   Section        0  usbd_conf.o(i.USBD_LL_Start)
    i.USBD_LL_Suspend                        0x0800283c   Section        0  usbd_core.o(i.USBD_LL_Suspend)
    i.USBD_LL_Transmit                       0x0800284e   Section        0  usbd_conf.o(i.USBD_LL_Transmit)
    i.USBD_ParseSetupRequest                 0x0800286e   Section        0  usbd_ctlreq.o(i.USBD_ParseSetupRequest)
    i.USBD_RegisterClass                     0x08002896   Section        0  usbd_core.o(i.USBD_RegisterClass)
    i.USBD_SetClassConfig                    0x080028a6   Section        0  usbd_core.o(i.USBD_SetClassConfig)
    i.USBD_SetConfig                         0x080028bc   Section        0  usbd_ctlreq.o(i.USBD_SetConfig)
    USBD_SetConfig                           0x080028bd   Thumb Code   110  usbd_ctlreq.o(i.USBD_SetConfig)
    i.USBD_Start                             0x08002930   Section        0  usbd_core.o(i.USBD_Start)
    i.USBD_StdDevReq                         0x0800293a   Section        0  usbd_ctlreq.o(i.USBD_StdDevReq)
    i.USBD_StdEPReq                          0x08002a2c   Section        0  usbd_ctlreq.o(i.USBD_StdEPReq)
    i.USBD_StdItfReq                         0x08002b08   Section        0  usbd_ctlreq.o(i.USBD_StdItfReq)
    i.USB_ActivateEndpoint                   0x08002b3c   Section        0  stm32f4xx_ll_usb.o(i.USB_ActivateEndpoint)
    i.USB_ActivateSetup                      0x08002bbc   Section        0  stm32f4xx_ll_usb.o(i.USB_ActivateSetup)
    i.USB_CoreInit                           0x08002bf0   Section        0  stm32f4xx_ll_usb.o(i.USB_CoreInit)
    i.USB_CoreReset                          0x08002c5c   Section        0  stm32f4xx_ll_usb.o(i.USB_CoreReset)
    USB_CoreReset                            0x08002c5d   Thumb Code    50  stm32f4xx_ll_usb.o(i.USB_CoreReset)
    i.USB_DeactivateEndpoint                 0x08002c94   Section        0  stm32f4xx_ll_usb.o(i.USB_DeactivateEndpoint)
    i.USB_DevConnect                         0x08002d5c   Section        0  stm32f4xx_ll_usb.o(i.USB_DevConnect)
    i.USB_DevDisconnect                      0x08002d74   Section        0  stm32f4xx_ll_usb.o(i.USB_DevDisconnect)
    i.USB_DevInit                            0x08002d8c   Section        0  stm32f4xx_ll_usb.o(i.USB_DevInit)
    i.USB_DisableGlobalInt                   0x08002ecc   Section        0  stm32f4xx_ll_usb.o(i.USB_DisableGlobalInt)
    i.USB_EP0StartXfer                       0x08002ed8   Section        0  stm32f4xx_ll_usb.o(i.USB_EP0StartXfer)
    i.USB_EP0_OutStart                       0x08003018   Section        0  stm32f4xx_ll_usb.o(i.USB_EP0_OutStart)
    i.USB_EPClearStall                       0x08003056   Section        0  stm32f4xx_ll_usb.o(i.USB_EPClearStall)
    i.USB_EPSetStall                         0x080030ba   Section        0  stm32f4xx_ll_usb.o(i.USB_EPSetStall)
    i.USB_EPStartXfer                        0x08003118   Section        0  stm32f4xx_ll_usb.o(i.USB_EPStartXfer)
    i.USB_EnableGlobalInt                    0x08003334   Section        0  stm32f4xx_ll_usb.o(i.USB_EnableGlobalInt)
    i.USB_FlushRxFifo                        0x08003340   Section        0  stm32f4xx_ll_usb.o(i.USB_FlushRxFifo)
    i.USB_FlushTxFifo                        0x08003360   Section        0  stm32f4xx_ll_usb.o(i.USB_FlushTxFifo)
    i.USB_GetDevSpeed                        0x08003384   Section        0  stm32f4xx_ll_usb.o(i.USB_GetDevSpeed)
    i.USB_GetMode                            0x080033c0   Section        0  stm32f4xx_ll_usb.o(i.USB_GetMode)
    i.USB_ReadDevAllInEpInterrupt            0x080033c8   Section        0  stm32f4xx_ll_usb.o(i.USB_ReadDevAllInEpInterrupt)
    i.USB_ReadDevAllOutEpInterrupt           0x080033d6   Section        0  stm32f4xx_ll_usb.o(i.USB_ReadDevAllOutEpInterrupt)
    i.USB_ReadDevInEPInterrupt               0x080033e4   Section        0  stm32f4xx_ll_usb.o(i.USB_ReadDevInEPInterrupt)
    i.USB_ReadDevOutEPInterrupt              0x08003402   Section        0  stm32f4xx_ll_usb.o(i.USB_ReadDevOutEPInterrupt)
    i.USB_ReadInterrupts                     0x08003412   Section        0  stm32f4xx_ll_usb.o(i.USB_ReadInterrupts)
    i.USB_ReadPacket                         0x0800341a   Section        0  stm32f4xx_ll_usb.o(i.USB_ReadPacket)
    i.USB_SetCurrentMode                     0x0800343a   Section        0  stm32f4xx_ll_usb.o(i.USB_SetCurrentMode)
    i.USB_SetDevAddress                      0x08003466   Section        0  stm32f4xx_ll_usb.o(i.USB_SetDevAddress)
    i.USB_WritePacket                        0x08003488   Section        0  stm32f4xx_ll_usb.o(i.USB_WritePacket)
    i.UsageFault_Handler                     0x080034b0   Section        0  stm32f4xx_it.o(i.UsageFault_Handler)
    i._Error_Handler                         0x080034b2   Section        0  main.o(i._Error_Handler)
    i.__0sprintf$bare                        0x080034b4   Section        0  printfb.o(i.__0sprintf$bare)
    i.__scatterload_copy                     0x080034d8   Section       14  handlers.o(i.__scatterload_copy)
    i.__scatterload_null                     0x080034e6   Section        2  handlers.o(i.__scatterload_null)
    i.__scatterload_zeroinit                 0x080034e8   Section       14  handlers.o(i.__scatterload_zeroinit)
    i._printf_core                           0x080034f6   Section        0  printfb.o(i._printf_core)
    _printf_core                             0x080034f7   Thumb Code    34  printfb.o(i._printf_core)
    i._sputc                                 0x08003518   Section        0  printfb.o(i._sputc)
    _sputc                                   0x08003519   Thumb Code    10  printfb.o(i._sputc)
    i.free                                   0x08003524   Section        0  malloc.o(i.free)
    i.main                                   0x08003574   Section        0  main.o(i.main)
    i.malloc                                 0x080035d4   Section        0  malloc.o(i.malloc)
    .constdata                               0x08003640   Section       16  system_stm32f4xx.o(.constdata)
    .data                                    0x20000000   Section       16  usbd_cdc_if.o(.data)
    .data                                    0x20000010   Section       28  usbd_desc.o(.data)
    .data                                    0x2000002c   Section       22  usbd_desc.o(.data)
    .data                                    0x20000044   Section        4  system_stm32f4xx.o(.data)
    .data                                    0x20000048   Section        4  stm32f4xx_hal.o(.data)
    .data                                    0x2000004c   Section      219  usbd_cdc.o(.data)
    ifalt                                    0x2000004c   Data           1  usbd_cdc.o(.data)
    USBD_CDC_DeviceQualifierDesc             0x20000050   Data          10  usbd_cdc.o(.data)
    .data                                    0x20000128   Section       56  usbd_cdc.o(.data)
    .data                                    0x20000160   Section        1  usbd_ctlreq.o(.data)
    cfgidx                                   0x20000160   Data           1  usbd_ctlreq.o(.data)
    .data                                    0x20000164   Section        4  mvars.o(.data)
    .data                                    0x20000168   Section        4  mvars.o(.data)
    .bss                                     0x2000016c   Section      132  main.o(.bss)
    .bss                                     0x200001f0   Section       60  main.o(.bss)
    .bss                                     0x2000022c   Section     1008  usbd_conf.o(.bss)
    .bss                                     0x2000061c   Section     4096  usbd_cdc_if.o(.bss)
    .bss                                     0x2000161c   Section      512  usbd_desc.o(.bss)
    .bss                                     0x2000181c   Section      548  usb_device.o(.bss)
    HEAP                                     0x20001a40   Section      512  startup_stm32f407xx.o(HEAP)
    STACK                                    0x20001c40   Section     1024  startup_stm32f407xx.o(STACK)

    Global Symbols

    Symbol Name                              Value     Ov Type        Size  Object(Section)

    BuildAttributes$$THM_ISAv4$E$P$D$K$B$S$7EM$VFPi3$EXTD16$VFPS$VFMA$PE$A:L22UL41UL21$X:L11$S22US41US21$IEEE1$IW$USESV6$~STKCKD$USESV7$~SHL$OSPACE$ROPI$EBA8$MICROLIB$REQ8$PRES8$EABIv2 0x00000000   Number         0  anon$$obj.o ABSOLUTE
    __ARM_use_no_argv                        0x00000000   Number         0  main.o ABSOLUTE
    __cpp_initialize__aeabi_                  - Undefined Weak Reference
    __cxa_finalize                            - Undefined Weak Reference
    _clock_init                               - Undefined Weak Reference
    _microlib_exit                            - Undefined Weak Reference
    __Vectors_Size                           0x00000188   Number         0  startup_stm32f407xx.o ABSOLUTE
    __Vectors                                0x08000000   Data           4  startup_stm32f407xx.o(RESET)
    __Vectors_End                            0x08000188   Data           0  startup_stm32f407xx.o(RESET)
    __main                                   0x08000189   Thumb Code     0  entry.o(.ARM.Collect$$$$00000000)
    _main_stk                                0x08000189   Thumb Code     0  entry2.o(.ARM.Collect$$$$00000001)
    _main_scatterload                        0x0800018d   Thumb Code     0  entry5.o(.ARM.Collect$$$$00000004)
    __main_after_scatterload                 0x08000191   Thumb Code     0  entry5.o(.ARM.Collect$$$$00000004)
    _main_clock                              0x08000191   Thumb Code     0  entry7b.o(.ARM.Collect$$$$00000008)
    _main_cpp_init                           0x08000191   Thumb Code     0  entry8b.o(.ARM.Collect$$$$0000000A)
    _main_init                               0x08000191   Thumb Code     0  entry9a.o(.ARM.Collect$$$$0000000B)
    __rt_final_cpp                           0x08000199   Thumb Code     0  entry10a.o(.ARM.Collect$$$$0000000D)
    __rt_final_exit                          0x08000199   Thumb Code     0  entry11a.o(.ARM.Collect$$$$0000000F)
    Reset_Handler                            0x0800019d   Thumb Code     8  startup_stm32f407xx.o(.text)
    ADC_IRQHandler                           0x080001b7   Thumb Code     0  startup_stm32f407xx.o(.text)
    CAN1_RX0_IRQHandler                      0x080001b7   Thumb Code     0  startup_stm32f407xx.o(.text)
    CAN1_RX1_IRQHandler                      0x080001b7   Thumb Code     0  startup_stm32f407xx.o(.text)
    CAN1_SCE_IRQHandler                      0x080001b7   Thumb Code     0  startup_stm32f407xx.o(.text)
    CAN1_TX_IRQHandler                       0x080001b7   Thumb Code     0  startup_stm32f407xx.o(.text)
    CAN2_RX0_IRQHandler                      0x080001b7   Thumb Code     0  startup_stm32f407xx.o(.text)
    CAN2_RX1_IRQHandler                      0x080001b7   Thumb Code     0  startup_stm32f407xx.o(.text)
    CAN2_SCE_IRQHandler                      0x080001b7   Thumb Code     0  startup_stm32f407xx.o(.text)
    CAN2_TX_IRQHandler                       0x080001b7   Thumb Code     0  startup_stm32f407xx.o(.text)
    DCMI_IRQHandler                          0x080001b7   Thumb Code     0  startup_stm32f407xx.o(.text)
    DMA1_Stream0_IRQHandler                  0x080001b7   Thumb Code     0  startup_stm32f407xx.o(.text)
    DMA1_Stream1_IRQHandler                  0x080001b7   Thumb Code     0  startup_stm32f407xx.o(.text)
    DMA1_Stream2_IRQHandler                  0x080001b7   Thumb Code     0  startup_stm32f407xx.o(.text)
    DMA1_Stream3_IRQHandler                  0x080001b7   Thumb Code     0  startup_stm32f407xx.o(.text)
    DMA1_Stream4_IRQHandler                  0x080001b7   Thumb Code     0  startup_stm32f407xx.o(.text)
    DMA1_Stream5_IRQHandler                  0x080001b7   Thumb Code     0  startup_stm32f407xx.o(.text)
    DMA1_Stream6_IRQHandler                  0x080001b7   Thumb Code     0  startup_stm32f407xx.o(.text)
    DMA1_Stream7_IRQHandler                  0x080001b7   Thumb Code     0  startup_stm32f407xx.o(.text)
    DMA2_Stream0_IRQHandler                  0x080001b7   Thumb Code     0  startup_stm32f407xx.o(.text)
    DMA2_Stream1_IRQHandler                  0x080001b7   Thumb Code     0  startup_stm32f407xx.o(.text)
    DMA2_Stream2_IRQHandler                  0x080001b7   Thumb Code     0  startup_stm32f407xx.o(.text)
    DMA2_Stream3_IRQHandler                  0x080001b7   Thumb Code     0  startup_stm32f407xx.o(.text)
    DMA2_Stream4_IRQHandler                  0x080001b7   Thumb Code     0  startup_stm32f407xx.o(.text)
    DMA2_Stream5_IRQHandler                  0x080001b7   Thumb Code     0  startup_stm32f407xx.o(.text)
    DMA2_Stream6_IRQHandler                  0x080001b7   Thumb Code     0  startup_stm32f407xx.o(.text)
    DMA2_Stream7_IRQHandler                  0x080001b7   Thumb Code     0  startup_stm32f407xx.o(.text)
    ETH_IRQHandler                           0x080001b7   Thumb Code     0  startup_stm32f407xx.o(.text)
    ETH_WKUP_IRQHandler                      0x080001b7   Thumb Code     0  startup_stm32f407xx.o(.text)
    EXTI0_IRQHandler                         0x080001b7   Thumb Code     0  startup_stm32f407xx.o(.text)
    EXTI15_10_IRQHandler                     0x080001b7   Thumb Code     0  startup_stm32f407xx.o(.text)
    EXTI1_IRQHandler                         0x080001b7   Thumb Code     0  startup_stm32f407xx.o(.text)
    EXTI2_IRQHandler                         0x080001b7   Thumb Code     0  startup_stm32f407xx.o(.text)
    EXTI3_IRQHandler                         0x080001b7   Thumb Code     0  startup_stm32f407xx.o(.text)
    EXTI4_IRQHandler                         0x080001b7   Thumb Code     0  startup_stm32f407xx.o(.text)
    EXTI9_5_IRQHandler                       0x080001b7   Thumb Code     0  startup_stm32f407xx.o(.text)
    FLASH_IRQHandler                         0x080001b7   Thumb Code     0  startup_stm32f407xx.o(.text)
    FMC_IRQHandler                           0x080001b7   Thumb Code     0  startup_stm32f407xx.o(.text)
    FPU_IRQHandler                           0x080001b7   Thumb Code     0  startup_stm32f407xx.o(.text)
    HASH_RNG_IRQHandler                      0x080001b7   Thumb Code     0  startup_stm32f407xx.o(.text)
    I2C1_ER_IRQHandler                       0x080001b7   Thumb Code     0  startup_stm32f407xx.o(.text)
    I2C1_EV_IRQHandler                       0x080001b7   Thumb Code     0  startup_stm32f407xx.o(.text)
    I2C2_ER_IRQHandler                       0x080001b7   Thumb Code     0  startup_stm32f407xx.o(.text)
    I2C2_EV_IRQHandler                       0x080001b7   Thumb Code     0  startup_stm32f407xx.o(.text)
    I2C3_ER_IRQHandler                       0x080001b7   Thumb Code     0  startup_stm32f407xx.o(.text)
    I2C3_EV_IRQHandler                       0x080001b7   Thumb Code     0  startup_stm32f407xx.o(.text)
    OTG_FS_WKUP_IRQHandler                   0x080001b7   Thumb Code     0  startup_stm32f407xx.o(.text)
    OTG_HS_EP1_IN_IRQHandler                 0x080001b7   Thumb Code     0  startup_stm32f407xx.o(.text)
    OTG_HS_EP1_OUT_IRQHandler                0x080001b7   Thumb Code     0  startup_stm32f407xx.o(.text)
    OTG_HS_IRQHandler                        0x080001b7   Thumb Code     0  startup_stm32f407xx.o(.text)
    OTG_HS_WKUP_IRQHandler                   0x080001b7   Thumb Code     0  startup_stm32f407xx.o(.text)
    PVD_IRQHandler                           0x080001b7   Thumb Code     0  startup_stm32f407xx.o(.text)
    RCC_IRQHandler                           0x080001b7   Thumb Code     0  startup_stm32f407xx.o(.text)
    RTC_Alarm_IRQHandler                     0x080001b7   Thumb Code     0  startup_stm32f407xx.o(.text)
    RTC_WKUP_IRQHandler                      0x080001b7   Thumb Code     0  startup_stm32f407xx.o(.text)
    SDIO_IRQHandler                          0x080001b7   Thumb Code     0  startup_stm32f407xx.o(.text)
    SPI1_IRQHandler                          0x080001b7   Thumb Code     0  startup_stm32f407xx.o(.text)
    SPI2_IRQHandler                          0x080001b7   Thumb Code     0  startup_stm32f407xx.o(.text)
    SPI3_IRQHandler                          0x080001b7   Thumb Code     0  startup_stm32f407xx.o(.text)
    TAMP_STAMP_IRQHandler                    0x080001b7   Thumb Code     0  startup_stm32f407xx.o(.text)
    TIM1_BRK_TIM9_IRQHandler                 0x080001b7   Thumb Code     0  startup_stm32f407xx.o(.text)
    TIM1_CC_IRQHandler                       0x080001b7   Thumb Code     0  startup_stm32f407xx.o(.text)
    TIM1_TRG_COM_TIM11_IRQHandler            0x080001b7   Thumb Code     0  startup_stm32f407xx.o(.text)
    TIM1_UP_TIM10_IRQHandler                 0x080001b7   Thumb Code     0  startup_stm32f407xx.o(.text)
    TIM4_IRQHandler                          0x080001b7   Thumb Code     0  startup_stm32f407xx.o(.text)
    TIM5_IRQHandler                          0x080001b7   Thumb Code     0  startup_stm32f407xx.o(.text)
    TIM6_DAC_IRQHandler                      0x080001b7   Thumb Code     0  startup_stm32f407xx.o(.text)
    TIM7_IRQHandler                          0x080001b7   Thumb Code     0  startup_stm32f407xx.o(.text)
    TIM8_BRK_TIM12_IRQHandler                0x080001b7   Thumb Code     0  startup_stm32f407xx.o(.text)
    TIM8_CC_IRQHandler                       0x080001b7   Thumb Code     0  startup_stm32f407xx.o(.text)
    TIM8_TRG_COM_TIM14_IRQHandler            0x080001b7   Thumb Code     0  startup_stm32f407xx.o(.text)
    TIM8_UP_TIM13_IRQHandler                 0x080001b7   Thumb Code     0  startup_stm32f407xx.o(.text)
    UART4_IRQHandler                         0x080001b7   Thumb Code     0  startup_stm32f407xx.o(.text)
    UART5_IRQHandler                         0x080001b7   Thumb Code     0  startup_stm32f407xx.o(.text)
    USART1_IRQHandler                        0x080001b7   Thumb Code     0  startup_stm32f407xx.o(.text)
    USART2_IRQHandler                        0x080001b7   Thumb Code     0  startup_stm32f407xx.o(.text)
    USART3_IRQHandler                        0x080001b7   Thumb Code     0  startup_stm32f407xx.o(.text)
    USART6_IRQHandler                        0x080001b7   Thumb Code     0  startup_stm32f407xx.o(.text)
    WWDG_IRQHandler                          0x080001b7   Thumb Code     0  startup_stm32f407xx.o(.text)
    __aeabi_memcpy                           0x080001c1   Thumb Code    36  memcpya.o(.text)
    __aeabi_memcpy4                          0x080001c1   Thumb Code     0  memcpya.o(.text)
    __aeabi_memcpy8                          0x080001c1   Thumb Code     0  memcpya.o(.text)
    strlen                                   0x080001e5   Thumb Code    14  strlen.o(.text)
    __scatterload                            0x080001f5   Thumb Code    28  init.o(.text)
    __scatterload_rt2                        0x080001f5   Thumb Code     0  init.o(.text)
    __decompress                             0x08000219   Thumb Code     0  __dczerorl2.o(.text)
    __decompress1                            0x08000219   Thumb Code    86  __dczerorl2.o(.text)
    BusFault_Handler                         0x0800039d   Thumb Code     2  stm32f4xx_it.o(i.BusFault_Handler)
    CDC_Transmit_FS                          0x080003e5   Thumb Code    38  usbd_cdc_if.o(i.CDC_Transmit_FS)
    DebugMon_Handler                         0x08000411   Thumb Code     2  stm32f4xx_it.o(i.DebugMon_Handler)
    HAL_ADC_ConfigChannel                    0x08000415   Thumb Code   316  stm32f4xx_hal_adc.o(i.HAL_ADC_ConfigChannel)
    HAL_ADC_Init                             0x08000561   Thumb Code    84  stm32f4xx_hal_adc.o(i.HAL_ADC_Init)
    HAL_ADC_MspInit                          0x080005b5   Thumb Code    54  stm32f4xx_hal_msp.o(i.HAL_ADC_MspInit)
    HAL_Delay                                0x080005f9   Thumb Code    28  stm32f4xx_hal.o(i.HAL_Delay)
    HAL_GPIO_Init                            0x08000615   Thumb Code   388  stm32f4xx_hal_gpio.o(i.HAL_GPIO_Init)
    HAL_GPIO_TogglePin                       0x080007c5   Thumb Code     8  stm32f4xx_hal_gpio.o(i.HAL_GPIO_TogglePin)
    HAL_GetTick                              0x080007cd   Thumb Code     6  stm32f4xx_hal.o(i.HAL_GetTick)
    HAL_IncTick                              0x080007d9   Thumb Code    10  stm32f4xx_hal.o(i.HAL_IncTick)
    HAL_Init                                 0x080007e9   Thumb Code    48  stm32f4xx_hal.o(i.HAL_Init)
    HAL_InitTick                             0x0800081d   Thumb Code    34  stm32f4xx_hal.o(i.HAL_InitTick)
    HAL_MspInit                              0x08000845   Thumb Code    88  stm32f4xx_hal_msp.o(i.HAL_MspInit)
    HAL_NVIC_EnableIRQ                       0x0800089d   Thumb Code    22  stm32f4xx_hal_cortex.o(i.HAL_NVIC_EnableIRQ)
    HAL_NVIC_SetPriority                     0x080008b5   Thumb Code    60  stm32f4xx_hal_cortex.o(i.HAL_NVIC_SetPriority)
    HAL_NVIC_SetPriorityGrouping             0x080008f5   Thumb Code    26  stm32f4xx_hal_cortex.o(i.HAL_NVIC_SetPriorityGrouping)
    HAL_PCDEx_SetRxFiFo                      0x08000919   Thumb Code     8  stm32f4xx_hal_pcd_ex.o(i.HAL_PCDEx_SetRxFiFo)
    HAL_PCDEx_SetTxFiFo                      0x08000921   Thumb Code    68  stm32f4xx_hal_pcd_ex.o(i.HAL_PCDEx_SetTxFiFo)
    HAL_PCD_ConnectCallback                  0x08000965   Thumb Code     8  usbd_conf.o(i.HAL_PCD_ConnectCallback)
    HAL_PCD_DataInStageCallback              0x0800096d   Thumb Code    18  usbd_conf.o(i.HAL_PCD_DataInStageCallback)
    HAL_PCD_DataOutStageCallback             0x0800097f   Thumb Code    20  usbd_conf.o(i.HAL_PCD_DataOutStageCallback)
    HAL_PCD_DisconnectCallback               0x08000993   Thumb Code     8  usbd_conf.o(i.HAL_PCD_DisconnectCallback)
    HAL_PCD_EP_Close                         0x0800099b   Thumb Code    68  stm32f4xx_hal_pcd.o(i.HAL_PCD_EP_Close)
    HAL_PCD_EP_ClrStall                      0x080009df   Thumb Code    80  stm32f4xx_hal_pcd.o(i.HAL_PCD_EP_ClrStall)
    HAL_PCD_EP_GetRxCount                    0x08000a2f   Thumb Code    20  stm32f4xx_hal_pcd.o(i.HAL_PCD_EP_GetRxCount)
    HAL_PCD_EP_Open                          0x08000a43   Thumb Code    84  stm32f4xx_hal_pcd.o(i.HAL_PCD_EP_Open)
    HAL_PCD_EP_Receive                       0x08000a97   Thumb Code    72  stm32f4xx_hal_pcd.o(i.HAL_PCD_EP_Receive)
    HAL_PCD_EP_SetStall                      0x08000adf   Thumb Code    96  stm32f4xx_hal_pcd.o(i.HAL_PCD_EP_SetStall)
    HAL_PCD_EP_Transmit                      0x08000b3f   Thumb Code    64  stm32f4xx_hal_pcd.o(i.HAL_PCD_EP_Transmit)
    HAL_PCD_IRQHandler                       0x08000b81   Thumb Code  1196  stm32f4xx_hal_pcd.o(i.HAL_PCD_IRQHandler)
    HAL_PCD_ISOINIncompleteCallback          0x08001075   Thumb Code     8  usbd_conf.o(i.HAL_PCD_ISOINIncompleteCallback)
    HAL_PCD_ISOOUTIncompleteCallback         0x0800107d   Thumb Code     8  usbd_conf.o(i.HAL_PCD_ISOOUTIncompleteCallback)
    HAL_PCD_Init                             0x08001085   Thumb Code   190  stm32f4xx_hal_pcd.o(i.HAL_PCD_Init)
    HAL_PCD_MspInit                          0x08001145   Thumb Code   112  usbd_conf.o(i.HAL_PCD_MspInit)
    HAL_PCD_ResetCallback                    0x080011bd   Thumb Code    32  usbd_conf.o(i.HAL_PCD_ResetCallback)
    HAL_PCD_ResumeCallback                   0x080011dd   Thumb Code     8  usbd_conf.o(i.HAL_PCD_ResumeCallback)
    HAL_PCD_SOFCallback                      0x080011e5   Thumb Code     8  usbd_conf.o(i.HAL_PCD_SOFCallback)
    HAL_PCD_SetAddress                       0x080011ed   Thumb Code    36  stm32f4xx_hal_pcd.o(i.HAL_PCD_SetAddress)
    HAL_PCD_SetupStageCallback               0x08001211   Thumb Code    14  usbd_conf.o(i.HAL_PCD_SetupStageCallback)
    HAL_PCD_Start                            0x0800121f   Thumb Code    42  stm32f4xx_hal_pcd.o(i.HAL_PCD_Start)
    HAL_PCD_SuspendCallback                  0x08001249   Thumb Code    44  usbd_conf.o(i.HAL_PCD_SuspendCallback)
    HAL_RCC_ClockConfig                      0x08001279   Thumb Code   364  stm32f4xx_hal_rcc.o(i.HAL_RCC_ClockConfig)
    HAL_RCC_GetHCLKFreq                      0x080013f5   Thumb Code     6  stm32f4xx_hal_rcc.o(i.HAL_RCC_GetHCLKFreq)
    HAL_RCC_GetSysClockFreq                  0x08001401   Thumb Code   104  stm32f4xx_hal_rcc.o(i.HAL_RCC_GetSysClockFreq)
    HAL_RCC_OscConfig                        0x08001471   Thumb Code   770  stm32f4xx_hal_rcc.o(i.HAL_RCC_OscConfig)
    HAL_SYSTICK_CLKSourceConfig              0x08001785   Thumb Code    24  stm32f4xx_hal_cortex.o(i.HAL_SYSTICK_CLKSourceConfig)
    HAL_SYSTICK_Callback                     0x0800179d   Thumb Code     2  stm32f4xx_hal_cortex.o(i.HAL_SYSTICK_Callback)
    HAL_SYSTICK_Config                       0x0800179f   Thumb Code    40  stm32f4xx_hal_cortex.o(i.HAL_SYSTICK_Config)
    HAL_SYSTICK_IRQHandler                   0x080017c7   Thumb Code     8  stm32f4xx_hal_cortex.o(i.HAL_SYSTICK_IRQHandler)
    HAL_TIMEx_BreakCallback                  0x080017cf   Thumb Code     2  stm32f4xx_hal_tim_ex.o(i.HAL_TIMEx_BreakCallback)
    HAL_TIMEx_CommutationCallback            0x080017d1   Thumb Code     2  stm32f4xx_hal_tim_ex.o(i.HAL_TIMEx_CommutationCallback)
    HAL_TIMEx_MasterConfigSynchronization    0x080017d3   Thumb Code    80  stm32f4xx_hal_tim_ex.o(i.HAL_TIMEx_MasterConfigSynchronization)
    HAL_TIM_Base_Init                        0x08001823   Thumb Code    54  stm32f4xx_hal_tim.o(i.HAL_TIM_Base_Init)
    HAL_TIM_Base_MspInit                     0x08001859   Thumb Code    86  stm32f4xx_hal_msp.o(i.HAL_TIM_Base_MspInit)
    HAL_TIM_ConfigClockSource                0x080018b9   Thumb Code   242  stm32f4xx_hal_tim.o(i.HAL_TIM_ConfigClockSource)
    HAL_TIM_IC_CaptureCallback               0x080019ab   Thumb Code     2  stm32f4xx_hal_tim.o(i.HAL_TIM_IC_CaptureCallback)
    HAL_TIM_IRQHandler                       0x080019ad   Thumb Code   358  stm32f4xx_hal_tim.o(i.HAL_TIM_IRQHandler)
    HAL_TIM_OC_DelayElapsedCallback          0x08001b13   Thumb Code     2  stm32f4xx_hal_tim.o(i.HAL_TIM_OC_DelayElapsedCallback)
    HAL_TIM_PWM_PulseFinishedCallback        0x08001b15   Thumb Code     2  stm32f4xx_hal_tim.o(i.HAL_TIM_PWM_PulseFinishedCallback)
    HAL_TIM_PeriodElapsedCallback            0x08001b17   Thumb Code     2  stm32f4xx_hal_tim.o(i.HAL_TIM_PeriodElapsedCallback)
    HAL_TIM_TriggerCallback                  0x08001b19   Thumb Code     2  stm32f4xx_hal_tim.o(i.HAL_TIM_TriggerCallback)
    HardFault_Handler                        0x08001b1b   Thumb Code     2  stm32f4xx_it.o(i.HardFault_Handler)
    MX_USB_DEVICE_Init                       0x08001c45   Thumb Code    38  usb_device.o(i.MX_USB_DEVICE_Init)
    MemManage_Handler                        0x08001c7d   Thumb Code     2  stm32f4xx_it.o(i.MemManage_Handler)
    NMI_Handler                              0x08001c7f   Thumb Code     2  stm32f4xx_it.o(i.NMI_Handler)
    OTG_FS_IRQHandler                        0x08001ca1   Thumb Code     6  stm32f4xx_it.o(i.OTG_FS_IRQHandler)
    PendSV_Handler                           0x08001d35   Thumb Code     2  stm32f4xx_it.o(i.PendSV_Handler)
    SVC_Handler                              0x08001d37   Thumb Code     2  stm32f4xx_it.o(i.SVC_Handler)
    SysTick_Handler                          0x08001d39   Thumb Code    14  stm32f4xx_it.o(i.SysTick_Handler)
    SystemClock_Config                       0x08001d49   Thumb Code   150  main.o(i.SystemClock_Config)
    SystemInit                               0x08001de9   Thumb Code    66  system_stm32f4xx.o(i.SystemInit)
    TIM2_IRQHandler                          0x08001e3d   Thumb Code    20  stm32f4xx_it.o(i.TIM2_IRQHandler)
    TIM3_IRQHandler                          0x08001e59   Thumb Code    20  stm32f4xx_it.o(i.TIM3_IRQHandler)
    TIM_Base_SetConfig                       0x08001e75   Thumb Code   148  stm32f4xx_hal_tim.o(i.TIM_Base_SetConfig)
    USBD_CDC_GetDeviceQualifierDescriptor    0x08002041   Thumb Code     8  usbd_cdc.o(i.USBD_CDC_GetDeviceQualifierDescriptor)
    USBD_CDC_ReceivePacket                   0x080020f9   Thumb Code    40  usbd_cdc.o(i.USBD_CDC_ReceivePacket)
    USBD_CDC_RegisterInterface               0x08002121   Thumb Code    16  usbd_cdc.o(i.USBD_CDC_RegisterInterface)
    USBD_CDC_SetRxBuffer                     0x08002131   Thumb Code    12  usbd_cdc.o(i.USBD_CDC_SetRxBuffer)
    USBD_CDC_SetTxBuffer                     0x0800213d   Thumb Code    16  usbd_cdc.o(i.USBD_CDC_SetTxBuffer)
    USBD_CDC_TransmitPacket                  0x080021bd   Thumb Code    48  usbd_cdc.o(i.USBD_CDC_TransmitPacket)
    USBD_ClrClassConfig                      0x080021ed   Thumb Code    14  usbd_core.o(i.USBD_ClrClassConfig)
    USBD_CtlContinueRx                       0x080021fb   Thumb Code    16  usbd_ioreq.o(i.USBD_CtlContinueRx)
    USBD_CtlContinueSendData                 0x0800220b   Thumb Code    16  usbd_ioreq.o(i.USBD_CtlContinueSendData)
    USBD_CtlError                            0x0800221b   Thumb Code    22  usbd_ctlreq.o(i.USBD_CtlError)
    USBD_CtlPrepareRx                        0x08002231   Thumb Code    30  usbd_ioreq.o(i.USBD_CtlPrepareRx)
    USBD_CtlReceiveStatus                    0x0800224f   Thumb Code    22  usbd_ioreq.o(i.USBD_CtlReceiveStatus)
    USBD_CtlSendData                         0x08002265   Thumb Code    26  usbd_ioreq.o(i.USBD_CtlSendData)
    USBD_CtlSendStatus                       0x0800227f   Thumb Code    22  usbd_ioreq.o(i.USBD_CtlSendStatus)
    USBD_FS_ConfigStrDescriptor              0x08002295   Thumb Code    16  usbd_desc.o(i.USBD_FS_ConfigStrDescriptor)
    USBD_FS_DeviceDescriptor                 0x080022b5   Thumb Code     8  usbd_desc.o(i.USBD_FS_DeviceDescriptor)
    USBD_FS_InterfaceStrDescriptor           0x080022c1   Thumb Code    16  usbd_desc.o(i.USBD_FS_InterfaceStrDescriptor)
    USBD_FS_LangIDStrDescriptor              0x080022e5   Thumb Code     8  usbd_desc.o(i.USBD_FS_LangIDStrDescriptor)
    USBD_FS_ManufacturerStrDescriptor        0x080022f1   Thumb Code    16  usbd_desc.o(i.USBD_FS_ManufacturerStrDescriptor)
    USBD_FS_ProductStrDescriptor             0x08002319   Thumb Code    16  usbd_desc.o(i.USBD_FS_ProductStrDescriptor)
    USBD_FS_SerialStrDescriptor              0x08002345   Thumb Code    16  usbd_desc.o(i.USBD_FS_SerialStrDescriptor)
    USBD_GetString                           0x08002449   Thumb Code    70  usbd_ctlreq.o(i.USBD_GetString)
    USBD_Init                                0x0800248f   Thumb Code    42  usbd_core.o(i.USBD_Init)
    USBD_LL_ClearStallEP                     0x080024b9   Thumb Code    32  usbd_conf.o(i.USBD_LL_ClearStallEP)
    USBD_LL_CloseEP                          0x080024d9   Thumb Code    32  usbd_conf.o(i.USBD_LL_CloseEP)
    USBD_LL_DataInStage                      0x080024f9   Thumb Code   170  usbd_core.o(i.USBD_LL_DataInStage)
    USBD_LL_DataOutStage                     0x080025a3   Thumb Code   106  usbd_core.o(i.USBD_LL_DataOutStage)
    USBD_LL_DevConnected                     0x0800260d   Thumb Code     4  usbd_core.o(i.USBD_LL_DevConnected)
    USBD_LL_DevDisconnected                  0x08002611   Thumb Code    22  usbd_core.o(i.USBD_LL_DevDisconnected)
    USBD_LL_GetRxDataSize                    0x08002627   Thumb Code     8  usbd_conf.o(i.USBD_LL_GetRxDataSize)
    USBD_LL_Init                             0x08002631   Thumb Code    98  usbd_conf.o(i.USBD_LL_Init)
    USBD_LL_IsStallEP                        0x080026ad   Thumb Code    32  usbd_conf.o(i.USBD_LL_IsStallEP)
    USBD_LL_IsoINIncomplete                  0x080026cd   Thumb Code     4  usbd_core.o(i.USBD_LL_IsoINIncomplete)
    USBD_LL_IsoOUTIncomplete                 0x080026d1   Thumb Code     4  usbd_core.o(i.USBD_LL_IsoOUTIncomplete)
    USBD_LL_OpenEP                           0x080026d5   Thumb Code    38  usbd_conf.o(i.USBD_LL_OpenEP)
    USBD_LL_PrepareReceive                   0x080026fb   Thumb Code    32  usbd_conf.o(i.USBD_LL_PrepareReceive)
    USBD_LL_Reset                            0x0800271b   Thumb Code    62  usbd_core.o(i.USBD_LL_Reset)
    USBD_LL_Resume                           0x08002759   Thumb Code    12  usbd_core.o(i.USBD_LL_Resume)
    USBD_LL_SOF                              0x08002765   Thumb Code    24  usbd_core.o(i.USBD_LL_SOF)
    USBD_LL_SetSpeed                         0x0800277d   Thumb Code     6  usbd_core.o(i.USBD_LL_SetSpeed)
    USBD_LL_SetUSBAddress                    0x08002783   Thumb Code    32  usbd_conf.o(i.USBD_LL_SetUSBAddress)
    USBD_LL_SetupStage                       0x080027a3   Thumb Code    90  usbd_core.o(i.USBD_LL_SetupStage)
    USBD_LL_StallEP                          0x080027fd   Thumb Code    32  usbd_conf.o(i.USBD_LL_StallEP)
    USBD_LL_Start                            0x0800281d   Thumb Code    32  usbd_conf.o(i.USBD_LL_Start)
    USBD_LL_Suspend                          0x0800283d   Thumb Code    18  usbd_core.o(i.USBD_LL_Suspend)
    USBD_LL_Transmit                         0x0800284f   Thumb Code    32  usbd_conf.o(i.USBD_LL_Transmit)
    USBD_ParseSetupRequest                   0x0800286f   Thumb Code    40  usbd_ctlreq.o(i.USBD_ParseSetupRequest)
    USBD_RegisterClass                       0x08002897   Thumb Code    16  usbd_core.o(i.USBD_RegisterClass)
    USBD_SetClassConfig                      0x080028a7   Thumb Code    22  usbd_core.o(i.USBD_SetClassConfig)
    USBD_Start                               0x08002931   Thumb Code    10  usbd_core.o(i.USBD_Start)
    USBD_StdDevReq                           0x0800293b   Thumb Code   242  usbd_ctlreq.o(i.USBD_StdDevReq)
    USBD_StdEPReq                            0x08002a2d   Thumb Code   220  usbd_ctlreq.o(i.USBD_StdEPReq)
    USBD_StdItfReq                           0x08002b09   Thumb Code    52  usbd_ctlreq.o(i.USBD_StdItfReq)
    USB_ActivateEndpoint                     0x08002b3d   Thumb Code   122  stm32f4xx_ll_usb.o(i.USB_ActivateEndpoint)
    USB_ActivateSetup                        0x08002bbd   Thumb Code    52  stm32f4xx_ll_usb.o(i.USB_ActivateSetup)
    USB_CoreInit                             0x08002bf1   Thumb Code   104  stm32f4xx_ll_usb.o(i.USB_CoreInit)
    USB_DeactivateEndpoint                   0x08002c95   Thumb Code   196  stm32f4xx_ll_usb.o(i.USB_DeactivateEndpoint)
    USB_DevConnect                           0x08002d5d   Thumb Code    24  stm32f4xx_ll_usb.o(i.USB_DevConnect)
    USB_DevDisconnect                        0x08002d75   Thumb Code    24  stm32f4xx_ll_usb.o(i.USB_DevDisconnect)
    USB_DevInit                              0x08002d8d   Thumb Code   302  stm32f4xx_ll_usb.o(i.USB_DevInit)
    USB_DisableGlobalInt                     0x08002ecd   Thumb Code    12  stm32f4xx_ll_usb.o(i.USB_DisableGlobalInt)
    USB_EP0StartXfer                         0x08002ed9   Thumb Code   316  stm32f4xx_ll_usb.o(i.USB_EP0StartXfer)
    USB_EP0_OutStart                         0x08003019   Thumb Code    62  stm32f4xx_ll_usb.o(i.USB_EP0_OutStart)
    USB_EPClearStall                         0x08003057   Thumb Code   100  stm32f4xx_ll_usb.o(i.USB_EPClearStall)
    USB_EPSetStall                           0x080030bb   Thumb Code    94  stm32f4xx_ll_usb.o(i.USB_EPSetStall)
    USB_EPStartXfer                          0x08003119   Thumb Code   534  stm32f4xx_ll_usb.o(i.USB_EPStartXfer)
    USB_EnableGlobalInt                      0x08003335   Thumb Code    12  stm32f4xx_ll_usb.o(i.USB_EnableGlobalInt)
    USB_FlushRxFifo                          0x08003341   Thumb Code    28  stm32f4xx_ll_usb.o(i.USB_FlushRxFifo)
    USB_FlushTxFifo                          0x08003361   Thumb Code    32  stm32f4xx_ll_usb.o(i.USB_FlushTxFifo)
    USB_GetDevSpeed                          0x08003385   Thumb Code    60  stm32f4xx_ll_usb.o(i.USB_GetDevSpeed)
    USB_GetMode                              0x080033c1   Thumb Code     8  stm32f4xx_ll_usb.o(i.USB_GetMode)
    USB_ReadDevAllInEpInterrupt              0x080033c9   Thumb Code    14  stm32f4xx_ll_usb.o(i.USB_ReadDevAllInEpInterrupt)
    USB_ReadDevAllOutEpInterrupt             0x080033d7   Thumb Code    14  stm32f4xx_ll_usb.o(i.USB_ReadDevAllOutEpInterrupt)
    USB_ReadDevInEPInterrupt                 0x080033e5   Thumb Code    30  stm32f4xx_ll_usb.o(i.USB_ReadDevInEPInterrupt)
    USB_ReadDevOutEPInterrupt                0x08003403   Thumb Code    16  stm32f4xx_ll_usb.o(i.USB_ReadDevOutEPInterrupt)
    USB_ReadInterrupts                       0x08003413   Thumb Code     8  stm32f4xx_ll_usb.o(i.USB_ReadInterrupts)
    USB_ReadPacket                           0x0800341b   Thumb Code    32  stm32f4xx_ll_usb.o(i.USB_ReadPacket)
    USB_SetCurrentMode                       0x0800343b   Thumb Code    44  stm32f4xx_ll_usb.o(i.USB_SetCurrentMode)
    USB_SetDevAddress                        0x08003467   Thumb Code    34  stm32f4xx_ll_usb.o(i.USB_SetDevAddress)
    USB_WritePacket                          0x08003489   Thumb Code    40  stm32f4xx_ll_usb.o(i.USB_WritePacket)
    UsageFault_Handler                       0x080034b1   Thumb Code     2  stm32f4xx_it.o(i.UsageFault_Handler)
    _Error_Handler                           0x080034b3   Thumb Code     2  main.o(i._Error_Handler)
    __0sprintf$bare                          0x080034b5   Thumb Code    32  printfb.o(i.__0sprintf$bare)
    __1sprintf$bare                          0x080034b5   Thumb Code     0  printfb.o(i.__0sprintf$bare)
    __2sprintf                               0x080034b5   Thumb Code     0  printfb.o(i.__0sprintf$bare)
    __scatterload_copy                       0x080034d9   Thumb Code    14  handlers.o(i.__scatterload_copy)
    __scatterload_null                       0x080034e7   Thumb Code     2  handlers.o(i.__scatterload_null)
    __scatterload_zeroinit                   0x080034e9   Thumb Code    14  handlers.o(i.__scatterload_zeroinit)
    free                                     0x08003525   Thumb Code    76  malloc.o(i.free)
    main                                     0x08003575   Thumb Code    70  main.o(i.main)
    malloc                                   0x080035d5   Thumb Code    92  malloc.o(i.malloc)
    AHBPrescTable                            0x08003640   Data          16  system_stm32f4xx.o(.constdata)
    Region$$Table$$Base                      0x08003650   Number         0  anon$$obj.o(Region$$Table)
    Region$$Table$$Limit                     0x08003670   Number         0  anon$$obj.o(Region$$Table)
    USBD_Interface_fops_FS                   0x20000000   Data          16  usbd_cdc_if.o(.data)
    FS_Desc                                  0x20000010   Data          28  usbd_desc.o(.data)
    USBD_LangIDDesc                          0x2000002c   Data           4  usbd_desc.o(.data)
    USBD_FS_DeviceDesc                       0x20000030   Data          18  usbd_desc.o(.data)
    SystemCoreClock                          0x20000044   Data           4  system_stm32f4xx.o(.data)
    uwTick                                   0x20000048   Data           4  stm32f4xx_hal.o(.data)
    USBD_CDC_CfgHSDesc                       0x2000005c   Data          67  usbd_cdc.o(.data)
    USBD_CDC_CfgFSDesc                       0x200000a0   Data          67  usbd_cdc.o(.data)
    USBD_CDC_OtherSpeedCfgDesc               0x200000e4   Data          67  usbd_cdc.o(.data)
    USBD_CDC                                 0x20000128   Data          56  usbd_cdc.o(.data)
    __microlib_freelist                      0x20000164   Data           4  mvars.o(.data)
    __microlib_freelist_initialised          0x20000168   Data           4  mvars.o(.data)
    hadc1                                    0x2000016c   Data          72  main.o(.bss)
    htim2                                    0x200001b4   Data          60  main.o(.bss)
    htim3                                    0x200001f0   Data          60  main.o(.bss)
    hpcd_USB_OTG_FS                          0x2000022c   Data        1008  usbd_conf.o(.bss)
    UserRxBufferFS                           0x2000061c   Data        2048  usbd_cdc_if.o(.bss)
    UserTxBufferFS                           0x20000e1c   Data        2048  usbd_cdc_if.o(.bss)
    USBD_StrDesc                             0x2000161c   Data         512  usbd_desc.o(.bss)
    hUsbDeviceFS                             0x2000181c   Data         548  usb_device.o(.bss)
    __heap_base                              0x20001a40   Data           0  startup_stm32f407xx.o(HEAP)
    __heap_limit                             0x20001c40   Data           0  startup_stm32f407xx.o(HEAP)
    __initial_sp                             0x20002040   Data           0  startup_stm32f407xx.o(STACK)



==============================================================================

Memory Map of the image

  Image Entry point : 0x08000189

  Load Region LR_IROM1 (Base: 0x08000000, Size: 0x000037dc, Max: 0x00100000, ABSOLUTE, COMPRESSED[0x0000372c])

    Execution Region ER_IROM1 (Exec base: 0x08000000, Load base: 0x08000000, Size: 0x00003670, Max: 0x00100000, ABSOLUTE)

    Exec Addr    Load Addr    Size         Type   Attr      Idx    E Section Name        Object

    0x08000000   0x08000000   0x00000188   Data   RO          725    RESET               startup_stm32f407xx.o
    0x08000188   0x08000188   0x00000000   Code   RO         3787  * .ARM.Collect$$$$00000000  mc_w.l(entry.o)
    0x08000188   0x08000188   0x00000004   Code   RO         4084    .ARM.Collect$$$$00000001  mc_w.l(entry2.o)
    0x0800018c   0x0800018c   0x00000004   Code   RO         4087    .ARM.Collect$$$$00000004  mc_w.l(entry5.o)
    0x08000190   0x08000190   0x00000000   Code   RO         4089    .ARM.Collect$$$$00000008  mc_w.l(entry7b.o)
    0x08000190   0x08000190   0x00000000   Code   RO         4091    .ARM.Collect$$$$0000000A  mc_w.l(entry8b.o)
    0x08000190   0x08000190   0x00000008   Code   RO         4092    .ARM.Collect$$$$0000000B  mc_w.l(entry9a.o)
    0x08000198   0x08000198   0x00000000   Code   RO         4094    .ARM.Collect$$$$0000000D  mc_w.l(entry10a.o)
    0x08000198   0x08000198   0x00000000   Code   RO         4096    .ARM.Collect$$$$0000000F  mc_w.l(entry11a.o)
    0x08000198   0x08000198   0x00000004   Code   RO         4085    .ARM.Collect$$$$00002712  mc_w.l(entry2.o)
    0x0800019c   0x0800019c   0x00000024   Code   RO          726    .text               startup_stm32f407xx.o
    0x080001c0   0x080001c0   0x00000024   Code   RO         3790    .text               mc_w.l(memcpya.o)
    0x080001e4   0x080001e4   0x0000000e   Code   RO         3792    .text               mc_w.l(strlen.o)
    0x080001f2   0x080001f2   0x00000002   PAD
    0x080001f4   0x080001f4   0x00000024   Code   RO         4118    .text               mc_w.l(init.o)
    0x08000218   0x08000218   0x00000056   Code   RO         4138    .text               mc_w.l(__dczerorl2.o)
    0x0800026e   0x0800026e   0x00000002   PAD
    0x08000270   0x08000270   0x0000012c   Code   RO         3254    i.ADC_Init          stm32f4xx_hal_adc.o
    0x0800039c   0x0800039c   0x00000002   Code   RO          248    i.BusFault_Handler  stm32f4xx_it.o
    0x0800039e   0x0800039e   0x00000004   Code   RO          534    i.CDC_Control_FS    usbd_cdc_if.o
    0x080003a2   0x080003a2   0x00000004   Code   RO          535    i.CDC_DeInit_FS     usbd_cdc_if.o
    0x080003a6   0x080003a6   0x00000002   PAD
    0x080003a8   0x080003a8   0x00000024   Code   RO          536    i.CDC_Init_FS       usbd_cdc_if.o
    0x080003cc   0x080003cc   0x00000018   Code   RO          537    i.CDC_Receive_FS    usbd_cdc_if.o
    0x080003e4   0x080003e4   0x0000002c   Code   RO          538    i.CDC_Transmit_FS   usbd_cdc_if.o
    0x08000410   0x08000410   0x00000002   Code   RO          249    i.DebugMon_Handler  stm32f4xx_it.o
    0x08000412   0x08000412   0x00000002   PAD
    0x08000414   0x08000414   0x0000014c   Code   RO         3256    i.HAL_ADC_ConfigChannel  stm32f4xx_hal_adc.o
    0x08000560   0x08000560   0x00000054   Code   RO         3265    i.HAL_ADC_Init      stm32f4xx_hal_adc.o
    0x080005b4   0x080005b4   0x00000044   Code   RO            5    i.HAL_ADC_MspInit   stm32f4xx_hal_msp.o
    0x080005f8   0x080005f8   0x0000001c   Code   RO         1920    i.HAL_Delay         stm32f4xx_hal.o
    0x08000614   0x08000614   0x000001b0   Code   RO          796    i.HAL_GPIO_Init     stm32f4xx_hal_gpio.o
    0x080007c4   0x080007c4   0x00000008   Code   RO          799    i.HAL_GPIO_TogglePin  stm32f4xx_hal_gpio.o
    0x080007cc   0x080007cc   0x0000000c   Code   RO         1926    i.HAL_GetTick       stm32f4xx_hal.o
    0x080007d8   0x080007d8   0x00000010   Code   RO         1928    i.HAL_IncTick       stm32f4xx_hal.o
    0x080007e8   0x080007e8   0x00000034   Code   RO         1929    i.HAL_Init          stm32f4xx_hal.o
    0x0800081c   0x0800081c   0x00000028   Code   RO         1930    i.HAL_InitTick      stm32f4xx_hal.o
    0x08000844   0x08000844   0x00000058   Code   RO            6    i.HAL_MspInit       stm32f4xx_hal_msp.o
    0x0800089c   0x0800089c   0x00000016   Code   RO         2488    i.HAL_NVIC_EnableIRQ  stm32f4xx_hal_cortex.o
    0x080008b2   0x080008b2   0x00000002   PAD
    0x080008b4   0x080008b4   0x00000040   Code   RO         2494    i.HAL_NVIC_SetPriority  stm32f4xx_hal_cortex.o
    0x080008f4   0x080008f4   0x00000024   Code   RO         2495    i.HAL_NVIC_SetPriorityGrouping  stm32f4xx_hal_cortex.o
    0x08000918   0x08000918   0x00000008   Code   RO         3116    i.HAL_PCDEx_SetRxFiFo  stm32f4xx_hal_pcd_ex.o
    0x08000920   0x08000920   0x00000044   Code   RO         3117    i.HAL_PCDEx_SetTxFiFo  stm32f4xx_hal_pcd_ex.o
    0x08000964   0x08000964   0x00000008   Code   RO          345    i.HAL_PCD_ConnectCallback  usbd_conf.o
    0x0800096c   0x0800096c   0x00000012   Code   RO          346    i.HAL_PCD_DataInStageCallback  usbd_conf.o
    0x0800097e   0x0800097e   0x00000014   Code   RO          347    i.HAL_PCD_DataOutStageCallback  usbd_conf.o
    0x08000992   0x08000992   0x00000008   Code   RO          348    i.HAL_PCD_DisconnectCallback  usbd_conf.o
    0x0800099a   0x0800099a   0x00000044   Code   RO         2910    i.HAL_PCD_EP_Close  stm32f4xx_hal_pcd.o
    0x080009de   0x080009de   0x00000050   Code   RO         2911    i.HAL_PCD_EP_ClrStall  stm32f4xx_hal_pcd.o
    0x08000a2e   0x08000a2e   0x00000014   Code   RO         2913    i.HAL_PCD_EP_GetRxCount  stm32f4xx_hal_pcd.o
    0x08000a42   0x08000a42   0x00000054   Code   RO         2914    i.HAL_PCD_EP_Open   stm32f4xx_hal_pcd.o
    0x08000a96   0x08000a96   0x00000048   Code   RO         2915    i.HAL_PCD_EP_Receive  stm32f4xx_hal_pcd.o
    0x08000ade   0x08000ade   0x00000060   Code   RO         2916    i.HAL_PCD_EP_SetStall  stm32f4xx_hal_pcd.o
    0x08000b3e   0x08000b3e   0x00000040   Code   RO         2917    i.HAL_PCD_EP_Transmit  stm32f4xx_hal_pcd.o
    0x08000b7e   0x08000b7e   0x00000002   PAD
    0x08000b80   0x08000b80   0x000004f4   Code   RO         2919    i.HAL_PCD_IRQHandler  stm32f4xx_hal_pcd.o
    0x08001074   0x08001074   0x00000008   Code   RO          349    i.HAL_PCD_ISOINIncompleteCallback  usbd_conf.o
    0x0800107c   0x0800107c   0x00000008   Code   RO          350    i.HAL_PCD_ISOOUTIncompleteCallback  usbd_conf.o
    0x08001084   0x08001084   0x000000be   Code   RO         2922    i.HAL_PCD_Init      stm32f4xx_hal_pcd.o
    0x08001142   0x08001142   0x00000002   PAD
    0x08001144   0x08001144   0x00000078   Code   RO          352    i.HAL_PCD_MspInit   usbd_conf.o
    0x080011bc   0x080011bc   0x00000020   Code   RO          353    i.HAL_PCD_ResetCallback  usbd_conf.o
    0x080011dc   0x080011dc   0x00000008   Code   RO          354    i.HAL_PCD_ResumeCallback  usbd_conf.o
    0x080011e4   0x080011e4   0x00000008   Code   RO          355    i.HAL_PCD_SOFCallback  usbd_conf.o
    0x080011ec   0x080011ec   0x00000024   Code   RO         2928    i.HAL_PCD_SetAddress  stm32f4xx_hal_pcd.o
    0x08001210   0x08001210   0x0000000e   Code   RO          356    i.HAL_PCD_SetupStageCallback  usbd_conf.o
    0x0800121e   0x0800121e   0x0000002a   Code   RO         2930    i.HAL_PCD_Start     stm32f4xx_hal_pcd.o
    0x08001248   0x08001248   0x00000030   Code   RO          357    i.HAL_PCD_SuspendCallback  usbd_conf.o
    0x08001278   0x08001278   0x0000017c   Code   RO         1812    i.HAL_RCC_ClockConfig  stm32f4xx_hal_rcc.o
    0x080013f4   0x080013f4   0x0000000c   Code   RO         1817    i.HAL_RCC_GetHCLKFreq  stm32f4xx_hal_rcc.o
    0x08001400   0x08001400   0x00000070   Code   RO         1821    i.HAL_RCC_GetSysClockFreq  stm32f4xx_hal_rcc.o
    0x08001470   0x08001470   0x00000314   Code   RO         1824    i.HAL_RCC_OscConfig  stm32f4xx_hal_rcc.o
    0x08001784   0x08001784   0x00000018   Code   RO         2497    i.HAL_SYSTICK_CLKSourceConfig  stm32f4xx_hal_cortex.o
    0x0800179c   0x0800179c   0x00000002   Code   RO         2498    i.HAL_SYSTICK_Callback  stm32f4xx_hal_cortex.o
    0x0800179e   0x0800179e   0x00000028   Code   RO         2499    i.HAL_SYSTICK_Config  stm32f4xx_hal_cortex.o
    0x080017c6   0x080017c6   0x00000008   Code   RO         2500    i.HAL_SYSTICK_IRQHandler  stm32f4xx_hal_cortex.o
    0x080017ce   0x080017ce   0x00000002   Code   RO         2120    i.HAL_TIMEx_BreakCallback  stm32f4xx_hal_tim_ex.o
    0x080017d0   0x080017d0   0x00000002   Code   RO         2121    i.HAL_TIMEx_CommutationCallback  stm32f4xx_hal_tim_ex.o
    0x080017d2   0x080017d2   0x00000050   Code   RO         2137    i.HAL_TIMEx_MasterConfigSynchronization  stm32f4xx_hal_tim_ex.o
    0x08001822   0x08001822   0x00000036   Code   RO         1182    i.HAL_TIM_Base_Init  stm32f4xx_hal_tim.o
    0x08001858   0x08001858   0x00000060   Code   RO            8    i.HAL_TIM_Base_MspInit  stm32f4xx_hal_msp.o
    0x080018b8   0x080018b8   0x000000f2   Code   RO         1191    i.HAL_TIM_ConfigClockSource  stm32f4xx_hal_tim.o
    0x080019aa   0x080019aa   0x00000002   Code   RO         1211    i.HAL_TIM_IC_CaptureCallback  stm32f4xx_hal_tim.o
    0x080019ac   0x080019ac   0x00000166   Code   RO         1224    i.HAL_TIM_IRQHandler  stm32f4xx_hal_tim.o
    0x08001b12   0x08001b12   0x00000002   Code   RO         1227    i.HAL_TIM_OC_DelayElapsedCallback  stm32f4xx_hal_tim.o
    0x08001b14   0x08001b14   0x00000002   Code   RO         1254    i.HAL_TIM_PWM_PulseFinishedCallback  stm32f4xx_hal_tim.o
    0x08001b16   0x08001b16   0x00000002   Code   RO         1261    i.HAL_TIM_PeriodElapsedCallback  stm32f4xx_hal_tim.o
    0x08001b18   0x08001b18   0x00000002   Code   RO         1265    i.HAL_TIM_TriggerCallback  stm32f4xx_hal_tim.o
    0x08001b1a   0x08001b1a   0x00000002   Code   RO          250    i.HardFault_Handler  stm32f4xx_it.o
    0x08001b1c   0x08001b1c   0x00000054   Code   RO          160    i.MX_ADC1_Init      main.o
    0x08001b70   0x08001b70   0x0000006c   Code   RO          161    i.MX_GPIO_Init      main.o
    0x08001bdc   0x08001bdc   0x00000068   Code   RO          162    i.MX_TIM2_Init      main.o
    0x08001c44   0x08001c44   0x00000038   Code   RO          654    i.MX_USB_DEVICE_Init  usb_device.o
    0x08001c7c   0x08001c7c   0x00000002   Code   RO          251    i.MemManage_Handler  stm32f4xx_it.o
    0x08001c7e   0x08001c7e   0x00000002   Code   RO          252    i.NMI_Handler       stm32f4xx_it.o
    0x08001c80   0x08001c80   0x00000020   Code   RO         2501    i.NVIC_SetPriority  stm32f4xx_hal_cortex.o
    0x08001ca0   0x08001ca0   0x0000000c   Code   RO          253    i.OTG_FS_IRQHandler  stm32f4xx_it.o
    0x08001cac   0x08001cac   0x00000088   Code   RO         2933    i.PCD_WriteEmptyTxFifo  stm32f4xx_hal_pcd.o
    0x08001d34   0x08001d34   0x00000002   Code   RO          254    i.PendSV_Handler    stm32f4xx_it.o
    0x08001d36   0x08001d36   0x00000002   Code   RO          255    i.SVC_Handler       stm32f4xx_it.o
    0x08001d38   0x08001d38   0x0000000e   Code   RO          256    i.SysTick_Handler   stm32f4xx_it.o
    0x08001d46   0x08001d46   0x00000002   PAD
    0x08001d48   0x08001d48   0x000000a0   Code   RO          163    i.SystemClock_Config  main.o
    0x08001de8   0x08001de8   0x00000054   Code   RO          689    i.SystemInit        system_stm32f4xx.o
    0x08001e3c   0x08001e3c   0x0000001c   Code   RO          257    i.TIM2_IRQHandler   stm32f4xx_it.o
    0x08001e58   0x08001e58   0x0000001c   Code   RO          258    i.TIM3_IRQHandler   stm32f4xx_it.o
    0x08001e74   0x08001e74   0x000000c0   Code   RO         1266    i.TIM_Base_SetConfig  stm32f4xx_hal_tim.o
    0x08001f34   0x08001f34   0x00000014   Code   RO         1273    i.TIM_ETR_SetConfig  stm32f4xx_hal_tim.o
    0x08001f48   0x08001f48   0x00000010   Code   RO         1274    i.TIM_ITRx_SetConfig  stm32f4xx_hal_tim.o
    0x08001f58   0x08001f58   0x00000022   Code   RO         1280    i.TIM_TI1_ConfigInputStage  stm32f4xx_hal_tim.o
    0x08001f7a   0x08001f7a   0x00000024   Code   RO         1282    i.TIM_TI2_ConfigInputStage  stm32f4xx_hal_tim.o
    0x08001f9e   0x08001f9e   0x00000014   Code   RO         3559    i.USBD_CDC_DataIn   usbd_cdc.o
    0x08001fb2   0x08001fb2   0x0000002e   Code   RO         3560    i.USBD_CDC_DataOut  usbd_cdc.o
    0x08001fe0   0x08001fe0   0x0000003c   Code   RO         3561    i.USBD_CDC_DeInit   usbd_cdc.o
    0x0800201c   0x0800201c   0x00000024   Code   RO         3562    i.USBD_CDC_EP0_RxReady  usbd_cdc.o
    0x08002040   0x08002040   0x0000000c   Code   RO         3563    i.USBD_CDC_GetDeviceQualifierDescriptor  usbd_cdc.o
    0x0800204c   0x0800204c   0x0000000c   Code   RO         3564    i.USBD_CDC_GetFSCfgDesc  usbd_cdc.o
    0x08002058   0x08002058   0x0000000c   Code   RO         3565    i.USBD_CDC_GetHSCfgDesc  usbd_cdc.o
    0x08002064   0x08002064   0x0000000c   Code   RO         3566    i.USBD_CDC_GetOtherSpeedCfgDesc  usbd_cdc.o
    0x08002070   0x08002070   0x00000088   Code   RO         3567    i.USBD_CDC_Init     usbd_cdc.o
    0x080020f8   0x080020f8   0x00000028   Code   RO         3568    i.USBD_CDC_ReceivePacket  usbd_cdc.o
    0x08002120   0x08002120   0x00000010   Code   RO         3569    i.USBD_CDC_RegisterInterface  usbd_cdc.o
    0x08002130   0x08002130   0x0000000c   Code   RO         3570    i.USBD_CDC_SetRxBuffer  usbd_cdc.o
    0x0800213c   0x0800213c   0x00000010   Code   RO         3571    i.USBD_CDC_SetTxBuffer  usbd_cdc.o
    0x0800214c   0x0800214c   0x00000070   Code   RO         3572    i.USBD_CDC_Setup    usbd_cdc.o
    0x080021bc   0x080021bc   0x00000030   Code   RO         3573    i.USBD_CDC_TransmitPacket  usbd_cdc.o
    0x080021ec   0x080021ec   0x0000000e   Code   RO         3421    i.USBD_ClrClassConfig  usbd_core.o
    0x080021fa   0x080021fa   0x00000010   Code   RO         3665    i.USBD_CtlContinueRx  usbd_ioreq.o
    0x0800220a   0x0800220a   0x00000010   Code   RO         3666    i.USBD_CtlContinueSendData  usbd_ioreq.o
    0x0800221a   0x0800221a   0x00000016   Code   RO         3725    i.USBD_CtlError     usbd_ctlreq.o
    0x08002230   0x08002230   0x0000001e   Code   RO         3667    i.USBD_CtlPrepareRx  usbd_ioreq.o
    0x0800224e   0x0800224e   0x00000016   Code   RO         3668    i.USBD_CtlReceiveStatus  usbd_ioreq.o
    0x08002264   0x08002264   0x0000001a   Code   RO         3669    i.USBD_CtlSendData  usbd_ioreq.o
    0x0800227e   0x0800227e   0x00000016   Code   RO         3670    i.USBD_CtlSendStatus  usbd_ioreq.o
    0x08002294   0x08002294   0x00000020   Code   RO          586    i.USBD_FS_ConfigStrDescriptor  usbd_desc.o
    0x080022b4   0x080022b4   0x0000000c   Code   RO          587    i.USBD_FS_DeviceDescriptor  usbd_desc.o
    0x080022c0   0x080022c0   0x00000024   Code   RO          588    i.USBD_FS_InterfaceStrDescriptor  usbd_desc.o
    0x080022e4   0x080022e4   0x0000000c   Code   RO          589    i.USBD_FS_LangIDStrDescriptor  usbd_desc.o
    0x080022f0   0x080022f0   0x00000028   Code   RO          590    i.USBD_FS_ManufacturerStrDescriptor  usbd_desc.o
    0x08002318   0x08002318   0x0000002c   Code   RO          591    i.USBD_FS_ProductStrDescriptor  usbd_desc.o
    0x08002344   0x08002344   0x00000024   Code   RO          592    i.USBD_FS_SerialStrDescriptor  usbd_desc.o
    0x08002368   0x08002368   0x000000e0   Code   RO         3726    i.USBD_GetDescriptor  usbd_ctlreq.o
    0x08002448   0x08002448   0x00000046   Code   RO         3727    i.USBD_GetString    usbd_ctlreq.o
    0x0800248e   0x0800248e   0x0000002a   Code   RO         3423    i.USBD_Init         usbd_core.o
    0x080024b8   0x080024b8   0x00000020   Code   RO          358    i.USBD_LL_ClearStallEP  usbd_conf.o
    0x080024d8   0x080024d8   0x00000020   Code   RO          359    i.USBD_LL_CloseEP   usbd_conf.o
    0x080024f8   0x080024f8   0x000000aa   Code   RO         3424    i.USBD_LL_DataInStage  usbd_core.o
    0x080025a2   0x080025a2   0x0000006a   Code   RO         3425    i.USBD_LL_DataOutStage  usbd_core.o
    0x0800260c   0x0800260c   0x00000004   Code   RO         3426    i.USBD_LL_DevConnected  usbd_core.o
    0x08002610   0x08002610   0x00000016   Code   RO         3427    i.USBD_LL_DevDisconnected  usbd_core.o
    0x08002626   0x08002626   0x00000008   Code   RO          363    i.USBD_LL_GetRxDataSize  usbd_conf.o
    0x0800262e   0x0800262e   0x00000002   PAD
    0x08002630   0x08002630   0x0000007c   Code   RO          364    i.USBD_LL_Init      usbd_conf.o
    0x080026ac   0x080026ac   0x00000020   Code   RO          365    i.USBD_LL_IsStallEP  usbd_conf.o
    0x080026cc   0x080026cc   0x00000004   Code   RO         3428    i.USBD_LL_IsoINIncomplete  usbd_core.o
    0x080026d0   0x080026d0   0x00000004   Code   RO         3429    i.USBD_LL_IsoOUTIncomplete  usbd_core.o
    0x080026d4   0x080026d4   0x00000026   Code   RO          366    i.USBD_LL_OpenEP    usbd_conf.o
    0x080026fa   0x080026fa   0x00000020   Code   RO          367    i.USBD_LL_PrepareReceive  usbd_conf.o
    0x0800271a   0x0800271a   0x0000003e   Code   RO         3430    i.USBD_LL_Reset     usbd_core.o
    0x08002758   0x08002758   0x0000000c   Code   RO         3431    i.USBD_LL_Resume    usbd_core.o
    0x08002764   0x08002764   0x00000018   Code   RO         3432    i.USBD_LL_SOF       usbd_core.o
    0x0800277c   0x0800277c   0x00000006   Code   RO         3433    i.USBD_LL_SetSpeed  usbd_core.o
    0x08002782   0x08002782   0x00000020   Code   RO          368    i.USBD_LL_SetUSBAddress  usbd_conf.o
    0x080027a2   0x080027a2   0x0000005a   Code   RO         3434    i.USBD_LL_SetupStage  usbd_core.o
    0x080027fc   0x080027fc   0x00000020   Code   RO          369    i.USBD_LL_StallEP   usbd_conf.o
    0x0800281c   0x0800281c   0x00000020   Code   RO          370    i.USBD_LL_Start     usbd_conf.o
    0x0800283c   0x0800283c   0x00000012   Code   RO         3435    i.USBD_LL_Suspend   usbd_core.o
    0x0800284e   0x0800284e   0x00000020   Code   RO          372    i.USBD_LL_Transmit  usbd_conf.o
    0x0800286e   0x0800286e   0x00000028   Code   RO         3728    i.USBD_ParseSetupRequest  usbd_ctlreq.o
    0x08002896   0x08002896   0x00000010   Code   RO         3436    i.USBD_RegisterClass  usbd_core.o
    0x080028a6   0x080028a6   0x00000016   Code   RO         3438    i.USBD_SetClassConfig  usbd_core.o
    0x080028bc   0x080028bc   0x00000074   Code   RO         3729    i.USBD_SetConfig    usbd_ctlreq.o
    0x08002930   0x08002930   0x0000000a   Code   RO         3439    i.USBD_Start        usbd_core.o
    0x0800293a   0x0800293a   0x000000f2   Code   RO         3730    i.USBD_StdDevReq    usbd_ctlreq.o
    0x08002a2c   0x08002a2c   0x000000dc   Code   RO         3731    i.USBD_StdEPReq     usbd_ctlreq.o
    0x08002b08   0x08002b08   0x00000034   Code   RO         3732    i.USBD_StdItfReq    usbd_ctlreq.o
    0x08002b3c   0x08002b3c   0x00000080   Code   RO         2619    i.USB_ActivateEndpoint  stm32f4xx_ll_usb.o
    0x08002bbc   0x08002bbc   0x00000034   Code   RO         2620    i.USB_ActivateSetup  stm32f4xx_ll_usb.o
    0x08002bf0   0x08002bf0   0x0000006c   Code   RO         2622    i.USB_CoreInit      stm32f4xx_ll_usb.o
    0x08002c5c   0x08002c5c   0x00000038   Code   RO         2623    i.USB_CoreReset     stm32f4xx_ll_usb.o
    0x08002c94   0x08002c94   0x000000c8   Code   RO         2625    i.USB_DeactivateEndpoint  stm32f4xx_ll_usb.o
    0x08002d5c   0x08002d5c   0x00000018   Code   RO         2626    i.USB_DevConnect    stm32f4xx_ll_usb.o
    0x08002d74   0x08002d74   0x00000018   Code   RO         2627    i.USB_DevDisconnect  stm32f4xx_ll_usb.o
    0x08002d8c   0x08002d8c   0x00000140   Code   RO         2628    i.USB_DevInit       stm32f4xx_ll_usb.o
    0x08002ecc   0x08002ecc   0x0000000c   Code   RO         2629    i.USB_DisableGlobalInt  stm32f4xx_ll_usb.o
    0x08002ed8   0x08002ed8   0x00000140   Code   RO         2632    i.USB_EP0StartXfer  stm32f4xx_ll_usb.o
    0x08003018   0x08003018   0x0000003e   Code   RO         2633    i.USB_EP0_OutStart  stm32f4xx_ll_usb.o
    0x08003056   0x08003056   0x00000064   Code   RO         2634    i.USB_EPClearStall  stm32f4xx_ll_usb.o
    0x080030ba   0x080030ba   0x0000005e   Code   RO         2635    i.USB_EPSetStall    stm32f4xx_ll_usb.o
    0x08003118   0x08003118   0x0000021c   Code   RO         2636    i.USB_EPStartXfer   stm32f4xx_ll_usb.o
    0x08003334   0x08003334   0x0000000c   Code   RO         2637    i.USB_EnableGlobalInt  stm32f4xx_ll_usb.o
    0x08003340   0x08003340   0x00000020   Code   RO         2638    i.USB_FlushRxFifo   stm32f4xx_ll_usb.o
    0x08003360   0x08003360   0x00000024   Code   RO         2639    i.USB_FlushTxFifo   stm32f4xx_ll_usb.o
    0x08003384   0x08003384   0x0000003c   Code   RO         2641    i.USB_GetDevSpeed   stm32f4xx_ll_usb.o
    0x080033c0   0x080033c0   0x00000008   Code   RO         2643    i.USB_GetMode       stm32f4xx_ll_usb.o
    0x080033c8   0x080033c8   0x0000000e   Code   RO         2650    i.USB_ReadDevAllInEpInterrupt  stm32f4xx_ll_usb.o
    0x080033d6   0x080033d6   0x0000000e   Code   RO         2651    i.USB_ReadDevAllOutEpInterrupt  stm32f4xx_ll_usb.o
    0x080033e4   0x080033e4   0x0000001e   Code   RO         2652    i.USB_ReadDevInEPInterrupt  stm32f4xx_ll_usb.o
    0x08003402   0x08003402   0x00000010   Code   RO         2653    i.USB_ReadDevOutEPInterrupt  stm32f4xx_ll_usb.o
    0x08003412   0x08003412   0x00000008   Code   RO         2654    i.USB_ReadInterrupts  stm32f4xx_ll_usb.o
    0x0800341a   0x0800341a   0x00000020   Code   RO         2655    i.USB_ReadPacket    stm32f4xx_ll_usb.o
    0x0800343a   0x0800343a   0x0000002c   Code   RO         2657    i.USB_SetCurrentMode  stm32f4xx_ll_usb.o
    0x08003466   0x08003466   0x00000022   Code   RO         2658    i.USB_SetDevAddress  stm32f4xx_ll_usb.o
    0x08003488   0x08003488   0x00000028   Code   RO         2662    i.USB_WritePacket   stm32f4xx_ll_usb.o
    0x080034b0   0x080034b0   0x00000002   Code   RO          259    i.UsageFault_Handler  stm32f4xx_it.o
    0x080034b2   0x080034b2   0x00000002   Code   RO          164    i._Error_Handler    main.o
    0x080034b4   0x080034b4   0x00000024   Code   RO         3799    i.__0sprintf$bare   mc_w.l(printfb.o)
    0x080034d8   0x080034d8   0x0000000e   Code   RO         4132    i.__scatterload_copy  mc_w.l(handlers.o)
    0x080034e6   0x080034e6   0x00000002   Code   RO         4133    i.__scatterload_null  mc_w.l(handlers.o)
    0x080034e8   0x080034e8   0x0000000e   Code   RO         4134    i.__scatterload_zeroinit  mc_w.l(handlers.o)
    0x080034f6   0x080034f6   0x00000022   Code   RO         3804    i._printf_core      mc_w.l(printfb.o)
    0x08003518   0x08003518   0x0000000a   Code   RO         3806    i._sputc            mc_w.l(printfb.o)
    0x08003522   0x08003522   0x00000002   PAD
    0x08003524   0x08003524   0x00000050   Code   RO         4056    i.free              mc_w.l(malloc.o)
    0x08003574   0x08003574   0x00000060   Code   RO          165    i.main              main.o
    0x080035d4   0x080035d4   0x0000006c   Code   RO         4057    i.malloc            mc_w.l(malloc.o)
    0x08003640   0x08003640   0x00000010   Data   RO          690    .constdata          system_stm32f4xx.o
    0x08003650   0x08003650   0x00000020   Data   RO         4130    Region$$Table       anon$$obj.o


    Execution Region RW_IRAM1 (Exec base: 0x20000000, Load base: 0x08003670, Size: 0x00002040, Max: 0x00020000, ABSOLUTE, COMPRESSED[0x000000bc])

    Exec Addr    Load Addr    Size         Type   Attr      Idx    E Section Name        Object

    0x20000000   COMPRESSED   0x00000010   Data   RW          540    .data               usbd_cdc_if.o
    0x20000010   COMPRESSED   0x0000001c   Data   RW          594    .data               usbd_desc.o
    0x2000002c   COMPRESSED   0x00000016   Data   RW          595    .data               usbd_desc.o
    0x20000042   COMPRESSED   0x00000002   PAD
    0x20000044   COMPRESSED   0x00000004   Data   RW          692    .data               system_stm32f4xx.o
    0x20000048   COMPRESSED   0x00000004   Data   RW         1935    .data               stm32f4xx_hal.o
    0x2000004c   COMPRESSED   0x000000db   Data   RW         3574    .data               usbd_cdc.o
    0x20000127   COMPRESSED   0x00000001   PAD
    0x20000128   COMPRESSED   0x00000038   Data   RW         3575    .data               usbd_cdc.o
    0x20000160   COMPRESSED   0x00000001   Data   RW         3733    .data               usbd_ctlreq.o
    0x20000161   COMPRESSED   0x00000003   PAD
    0x20000164   COMPRESSED   0x00000004   Data   RW         4105    .data               mc_w.l(mvars.o)
    0x20000168   COMPRESSED   0x00000004   Data   RW         4106    .data               mc_w.l(mvars.o)
    0x2000016c        -       0x00000084   Zero   RW          166    .bss                main.o
    0x200001f0        -       0x0000003c   Zero   RW          167    .bss                main.o
    0x2000022c        -       0x000003f0   Zero   RW          373    .bss                usbd_conf.o
    0x2000061c        -       0x00001000   Zero   RW          539    .bss                usbd_cdc_if.o
    0x2000161c        -       0x00000200   Zero   RW          593    .bss                usbd_desc.o
    0x2000181c        -       0x00000224   Zero   RW          655    .bss                usb_device.o
    0x20001a40        -       0x00000200   Zero   RW          724    HEAP                startup_stm32f407xx.o
    0x20001c40        -       0x00000400   Zero   RW          723    STACK               startup_stm32f407xx.o


==============================================================================

Image component sizes


      Code (inc. data)   RO Data    RW Data    ZI Data      Debug   Object Name

       554         60          0          0        192      10768   main.o
        36          8        392          0       1536        816   startup_stm32f407xx.o
       148         22          0          4          0       4575   stm32f4xx_hal.o
       716         24          0          0          0       2959   stm32f4xx_hal_adc.o
       228         14          0          0          0      32341   stm32f4xx_hal_cortex.o
       440         44          0          0          0       2445   stm32f4xx_hal_gpio.o
       252         24          0          0          0     690007   stm32f4xx_hal_msp.o
      2156         72          0          0          0      11625   stm32f4xx_hal_pcd.o
        76          0          0          0          0       1912   stm32f4xx_hal_pcd_ex.o
      1292         48          0          0          0       4578   stm32f4xx_hal_rcc.o
       962         44          0          0          0      10143   stm32f4xx_hal_tim.o
        84          0          0          0          0       2502   stm32f4xx_hal_tim_ex.o
        98         22          0          0          0       5838   stm32f4xx_it.o
      2420         56          0          0          0      21032   stm32f4xx_ll_usb.o
        84         18         16          4          0       1219   system_stm32f4xx.o
        56         18          0          0        548        768   usb_device.o
       590         22          0        275          0      13502   usbd_cdc.o
       112         22          0         16       4096       3448   usbd_cdc_if.o
       726         38          0          0       1008      15042   usbd_conf.o
       626          0          0          0          0      12406   usbd_core.o
       986         30          0          1          0       8188   usbd_ctlreq.o
       212        116          0         50        512       5339   usbd_desc.o
       132          0          0          0          0       4660   usbd_ioreq.o

    ----------------------------------------------------------------------
     13000        702        440        356       7892     866113   Object Totals
         0          0         32          0          0          0   (incl. Generated)
        14          0          0          6          0          0   (incl. Padding)

    ----------------------------------------------------------------------

      Code (inc. data)   RO Data    RW Data    ZI Data      Debug   Library Member Name

        86          0          0          0          0          0   __dczerorl2.o
         0          0          0          0          0          0   entry.o
         0          0          0          0          0          0   entry10a.o
         0          0          0          0          0          0   entry11a.o
         8          4          0          0          0          0   entry2.o
         4          0          0          0          0          0   entry5.o
         0          0          0          0          0          0   entry7b.o
         0          0          0          0          0          0   entry8b.o
         8          4          0          0          0          0   entry9a.o
        30          0          0          0          0          0   handlers.o
        36          8          0          0          0         68   init.o
       188         20          0          0          0        160   malloc.o
        36          0          0          0          0         68   memcpya.o
         0          0          0          8          0          0   mvars.o
        80          4          0          0          0        236   printfb.o
        14          0          0          0          0         68   strlen.o

    ----------------------------------------------------------------------
       496         40          0          8          0        600   Library Totals
         6          0          0          0          0          0   (incl. Padding)

    ----------------------------------------------------------------------

      Code (inc. data)   RO Data    RW Data    ZI Data      Debug   Library Name

       490         40          0          8          0        600   mc_w.l

    ----------------------------------------------------------------------
       496         40          0          8          0        600   Library Totals

    ----------------------------------------------------------------------

==============================================================================


      Code (inc. data)   RO Data    RW Data    ZI Data      Debug   

     13496        742        440        364       7892     849089   Grand Totals
     13496        742        440        188       7892     849089   ELF Image Totals (compressed)
     13496        742        440        188          0          0   ROM Totals

==============================================================================

    Total RO  Size (Code + RO Data)                13936 (  13.61kB)
    Total RW  Size (RW Data + ZI Data)              8256 (   8.06kB)
    Total ROM Size (Code + RO Data + RW Data)      14124 (  13.79kB)

==============================================================================

